[0.009s] Invoking command in '/home/pran/Robot_Arm_ur5/build/moveit_core': AMENT_PREFIX_PATH=/home/pran/Robot_Arm_ur5/install/moveit_common:${AMENT_PREFIX_PATH} CMAKE_PREFIX_PATH=/home/pran/Robot_Arm_ur5/install/moveit_common:/opt/ros/humble /usr/bin/cmake /home/pran/Robot_Arm_ur5/src/moveit2/moveit_core -DCMAKE_INSTALL_PREFIX=/home/pran/Robot_Arm_ur5/install/moveit_core
[0.025s] -- Found moveit_common: 2.14.1 (/home/pran/Robot_Arm_ur5/install/moveit_common/share/moveit_common/cmake)
[0.025s] -- Found ament_cmake: 1.3.12 (/opt/ros/humble/share/ament_cmake/cmake)
[0.145s] [0mmoveit_core: You did not request a specific build type: Choosing 'Release' for maximum performance[0m
[0.146s] -- Found angles: 1.15.0 (/opt/ros/humble/share/angles/cmake)
[0.163s] -- Found common_interfaces: 4.9.0 (/opt/ros/humble/share/common_interfaces/cmake)
[0.163s] -- Found eigen_stl_containers: 1.1.0 (/opt/ros/humble/share/eigen_stl_containers/cmake)
[0.164s] -- Found eigen3_cmake_module: 0.1.1 (/opt/ros/humble/share/eigen3_cmake_module/cmake)
[0.166s] -- Found generate_parameter_library: 0.5.0 (/opt/ros/humble/share/generate_parameter_library/cmake)
[0.167s] -- Found parameter_traits: 0.5.0 (/opt/ros/humble/share/parameter_traits/cmake)
[0.181s] -- Found rosidl_generator_c: 3.1.7 (/opt/ros/humble/share/rosidl_generator_c/cmake)
[0.182s] -- Found rosidl_adapter: 3.1.7 (/opt/ros/humble/share/rosidl_adapter/cmake)
[0.186s] -- Found rosidl_generator_cpp: 3.1.7 (/opt/ros/humble/share/rosidl_generator_cpp/cmake)
[0.192s] -- Using all available rosidl_typesupport_c: rosidl_typesupport_fastrtps_c;rosidl_typesupport_introspection_c
[0.199s] -- Using all available rosidl_typesupport_cpp: rosidl_typesupport_fastrtps_cpp;rosidl_typesupport_introspection_cpp
[0.219s] -- Found rmw_implementation_cmake: 6.1.2 (/opt/ros/humble/share/rmw_implementation_cmake/cmake)
[0.220s] -- Found rmw_fastrtps_cpp: 6.2.9 (/opt/ros/humble/share/rmw_fastrtps_cpp/cmake)
[0.286s] -- Using RMW implementation 'rmw_fastrtps_cpp' as default
[0.320s] -- Found rclcpp_lifecycle: 16.0.16 (/opt/ros/humble/share/rclcpp_lifecycle/cmake)
[0.330s] -- Found geometric_shapes: 2.3.2 (/opt/ros/humble/share/geometric_shapes/cmake)
[0.363s] -- library: /usr/lib/x86_64-linux-gnu/libcurl.so
[0.399s] -- Found kdl_parser: 2.6.4 (/opt/ros/humble/share/kdl_parser/cmake)
[0.402s] -- Ensuring Eigen3 include directory is part of orocos-kdl CMake target
[0.403s] -- Found moveit_msgs: 2.2.1 (/opt/ros/humble/share/moveit_msgs/cmake)
[0.467s] -- Found pluginlib: 5.1.2 (/opt/ros/humble/share/pluginlib/cmake)
[0.484s] -- Found srdfdom: 2.0.7 (/opt/ros/humble/share/srdfdom/cmake)
[0.494s] -- Found tf2_eigen: 0.25.17 (/opt/ros/humble/share/tf2_eigen/cmake)
[0.549s] -- Found tf2_geometry_msgs: 0.25.17 (/opt/ros/humble/share/tf2_geometry_msgs/cmake)
[0.552s] -- Found tf2_kdl: 0.25.17 (/opt/ros/humble/share/tf2_kdl/cmake)
[0.577s] -- Found Boost: /usr/lib/x86_64-linux-gnu/cmake/Boost-1.74.0/BoostConfig.cmake (found version "1.74.0") found components: chrono date_time filesystem iostreams program_options regex serialization system thread 
[0.581s] -- Performing Test COMPILER_HAS_HIDDEN_VISIBILITY
[0.651s] -- Performing Test COMPILER_HAS_HIDDEN_VISIBILITY - Success
[0.652s] -- Performing Test COMPILER_HAS_HIDDEN_INLINE_VISIBILITY
[0.724s] -- Performing Test COMPILER_HAS_HIDDEN_INLINE_VISIBILITY - Success
[0.724s] -- Performing Test COMPILER_HAS_DEPRECATED_ATTR
[0.795s] -- Performing Test COMPILER_HAS_DEPRECATED_ATTR - Success
[0.800s] -- Found ament_cmake_gtest: 1.3.12 (/opt/ros/humble/share/ament_cmake_gtest/cmake)
[0.803s] -- Found gtest sources under '/opt/ros/humble/src/gtest_vendor': C++ tests using 'Google Test' will be built
[0.833s] -- The C compiler identification is GNU 11.4.0
[0.837s] -- Detecting C compiler ABI info
[0.899s] -- Detecting C compiler ABI info - done
[0.906s] -- Check for working C compiler: /usr/bin/cc - skipped
[0.906s] -- Detecting C compile features
[0.906s] -- Detecting C compile features - done
[0.915s] -- Found gtest sources under '/opt/ros/humble/src/gtest_vendor': C++ tests using 'Google Test' will be built
[0.922s] -- Found gtest sources under '/opt/ros/humble/src/gtest_vendor': C++ tests using 'Google Test' will be built
[0.928s] -- Found ament_cmake_gtest: 1.3.12 (/opt/ros/humble/share/ament_cmake_gtest/cmake)
[0.928s] -- Found gtest sources under '/opt/ros/humble/src/gtest_vendor': C++ tests using 'Google Test' will be built
[0.933s] -- Found ament_cmake_gmock: 1.3.12 (/opt/ros/humble/share/ament_cmake_gmock/cmake)
[0.936s] -- Found gmock sources under '/opt/ros/humble/src/gmock_vendor': C++ tests using 'Google Mock' will be built
[0.938s] -- Found ament_cmake_gtest: 1.3.12 (/opt/ros/humble/share/ament_cmake_gtest/cmake)
[0.939s] -- Found gtest sources under '/opt/ros/humble/src/gtest_vendor': C++ tests using 'Google Test' will be built
[0.944s] -- Found ament_cmake_gtest: 1.3.12 (/opt/ros/humble/share/ament_cmake_gtest/cmake)
[0.945s] -- Found gtest sources under '/opt/ros/humble/src/gtest_vendor': C++ tests using 'Google Test' will be built
[0.954s] -- Found ament_cmake_gtest: 1.3.12 (/opt/ros/humble/share/ament_cmake_gtest/cmake)
[0.954s] -- Found gtest sources under '/opt/ros/humble/src/gtest_vendor': C++ tests using 'Google Test' will be built
[0.967s] -- Found ament_cmake_gtest: 1.3.12 (/opt/ros/humble/share/ament_cmake_gtest/cmake)
[0.967s] -- Found gtest sources under '/opt/ros/humble/src/gtest_vendor': C++ tests using 'Google Test' will be built
[0.975s] -- Found ament_cmake_gtest: 1.3.12 (/opt/ros/humble/share/ament_cmake_gtest/cmake)
[0.975s] -- Found gtest sources under '/opt/ros/humble/src/gtest_vendor': C++ tests using 'Google Test' will be built
[0.981s] -- Found ament_cmake_gtest: 1.3.12 (/opt/ros/humble/share/ament_cmake_gtest/cmake)
[0.982s] -- Found gtest sources under '/opt/ros/humble/src/gtest_vendor': C++ tests using 'Google Test' will be built
[0.987s] -- Found ament_cmake_google_benchmark: 1.3.14 (/opt/ros/humble/share/ament_cmake_google_benchmark/cmake)
[0.988s] -- Found ament_cmake_gtest: 1.3.12 (/opt/ros/humble/share/ament_cmake_gtest/cmake)
[0.989s] -- Found gmock sources under '/opt/ros/humble/src/gmock_vendor': C++ tests using 'Google Mock' will be built
[0.989s] -- Found gtest sources under '/opt/ros/humble/src/gtest_vendor': C++ tests using 'Google Test' will be built
[0.993s] -- Performance tests are disabled by default, so Google Benchmark tests will be skipped. To enable these tests, set the CMake variable 'AMENT_RUN_PERFORMANCE_TESTS'.
[0.995s] -- Found gtest sources under '/opt/ros/humble/src/gtest_vendor': C++ tests using 'Google Test' will be built
[1.000s] -- Found ament_cmake_google_benchmark: 1.3.14 (/opt/ros/humble/share/ament_cmake_google_benchmark/cmake)
[1.000s] -- Found ament_cmake_gtest: 1.3.12 (/opt/ros/humble/share/ament_cmake_gtest/cmake)
[1.001s] -- Found gtest sources under '/opt/ros/humble/src/gtest_vendor': C++ tests using 'Google Test' will be built
[1.004s] -- Performance tests are disabled by default, so Google Benchmark tests will be skipped. To enable these tests, set the CMake variable 'AMENT_RUN_PERFORMANCE_TESTS'.
[1.007s] -- Found ament_cmake_gtest: 1.3.12 (/opt/ros/humble/share/ament_cmake_gtest/cmake)
[1.008s] -- Found gtest sources under '/opt/ros/humble/src/gtest_vendor': C++ tests using 'Google Test' will be built
[1.016s] -- Found launch_testing_ament_cmake: 1.0.13 (/opt/ros/humble/share/launch_testing_ament_cmake/cmake)
[1.017s] -- Found python_cmake_module: 0.10.0 (/opt/ros/humble/share/python_cmake_module/cmake)
[1.031s] -- Found PythonInterp: /usr/bin/python3 (found suitable version "3.10.12", minimum required is "3.6") 
[1.034s] -- Found PythonLibs: /usr/lib/x86_64-linux-gnu/libpython3.10.so (found suitable version "3.10.12", minimum required is "3.5") 
[1.034s] -- Using PYTHON_EXECUTABLE: /usr/bin/python3
[1.034s] -- Using PYTHON_INCLUDE_DIRS: /usr/include/python3.10
[1.034s] -- Using PYTHON_LIBRARIES: /usr/lib/x86_64-linux-gnu/libpython3.10.so
[1.047s] -- Found PythonExtra: .so  
[1.050s] --  *** Building MoveIt 2.14.1 devel ***
[1.054s] -- Configuring done
[1.403s] -- Generating done
[1.545s] -- Build files have been written to: /home/pran/Robot_Arm_ur5/build/moveit_core
[1.583s] Invoked command in '/home/pran/Robot_Arm_ur5/build/moveit_core' returned '0': AMENT_PREFIX_PATH=/home/pran/Robot_Arm_ur5/install/moveit_common:${AMENT_PREFIX_PATH} CMAKE_PREFIX_PATH=/home/pran/Robot_Arm_ur5/install/moveit_common:/opt/ros/humble /usr/bin/cmake /home/pran/Robot_Arm_ur5/src/moveit2/moveit_core -DCMAKE_INSTALL_PREFIX=/home/pran/Robot_Arm_ur5/install/moveit_core
[1.585s] Invoking command in '/home/pran/Robot_Arm_ur5/build/moveit_core': AMENT_PREFIX_PATH=/home/pran/Robot_Arm_ur5/install/moveit_common:${AMENT_PREFIX_PATH} CMAKE_PREFIX_PATH=/home/pran/Robot_Arm_ur5/install/moveit_common:/opt/ros/humble /usr/bin/cmake --build /home/pran/Robot_Arm_ur5/build/moveit_core -- -j20 -l20
[1.650s] [  0%] [32mBuilding CXX object utils/CMakeFiles/moveit_utils.dir/src/message_checks.cpp.o[0m
[1.656s] [  1%] [32mBuilding CXX object utils/CMakeFiles/moveit_utils.dir/src/lexical_casts.cpp.o[0m
[1.656s] [  1%] [32mBuilding CXX object gmock/CMakeFiles/gmock.dir/opt/ros/humble/src/gtest_vendor/src/gtest-all.cc.o[0m
[1.658s] [  2%] [32mBuilding CXX object gmock/CMakeFiles/gmock.dir/src/gmock-all.cc.o[0m
[1.660s] [  3%] [34m[1mRunning `/opt/ros/humble/bin/generate_parameter_library_cpp /home/pran/Robot_Arm_ur5/build/moveit_core/online_signal_smoothing/include/moveit_core/moveit_acceleration_filter_parameters.hpp /home/pran/Robot_Arm_ur5/src/moveit2/moveit_core/online_signal_smoothing/src/acceleration_filter_parameters.yaml `[0m
[1.665s] [  4%] [32mBuilding CXX object utils/CMakeFiles/moveit_utils.dir/src/rclcpp_utils.cpp.o[0m
[1.665s] [  4%] [32mBuilding CXX object utils/CMakeFiles/moveit_utils.dir/src/logger.cpp.o[0m
[1.668s] [  5%] [32mBuilding CXX object gmock/CMakeFiles/gmock_main.dir/src/gmock_main.cc.o[0m
[1.671s] [  5%] [32mBuilding CXX object gtest/CMakeFiles/gtest_main.dir/src/gtest_main.cc.o[0m
[1.675s] [  6%] [34m[1mGenerate version header[0m
[1.686s] [  7%] [32mBuilding CXX object gtest/CMakeFiles/gtest.dir/src/gtest-all.cc.o[0m
[1.686s] [  7%] [34m[1mRunning `/opt/ros/humble/bin/generate_parameter_library_cpp /home/pran/Robot_Arm_ur5/build/moveit_core/online_signal_smoothing/include/moveit_core/moveit_ruckig_filter_parameters.hpp /home/pran/Robot_Arm_ur5/src/moveit2/moveit_core/online_signal_smoothing/src/ruckig_filter_parameters.yaml `[0m
[1.690s] [  8%] [34m[1mRunning `/opt/ros/humble/bin/generate_parameter_library_cpp /home/pran/Robot_Arm_ur5/build/moveit_core/online_signal_smoothing/include/moveit_core/moveit_butterworth_filter_parameters.hpp /home/pran/Robot_Arm_ur5/src/moveit2/moveit_core/online_signal_smoothing/src/butterworth_parameters.yaml `[0m
[1.699s] [  9%] [32mBuilding CXX object online_signal_smoothing/CMakeFiles/moveit_smoothing_base.dir/src/smoothing_base_class.cpp.o[0m
[1.743s] [ 10%] [34m[1mGenerating version.hpp[0m
[1.767s] [ 10%] Built target version_hpp
[1.817s] [ 10%] [32mBuilding CXX object version/CMakeFiles/moveit_version.dir/version.cpp.o[0m
[1.979s] [ 10%] [34m[1mCreating deprecated header file /home/pran/Robot_Arm_ur5/build/moveit_core/online_signal_smoothing/include/moveit_ruckig_filter_parameters.hpp[0m
[1.986s] [ 10%] [34m[1mCreating deprecated header file /home/pran/Robot_Arm_ur5/build/moveit_core/online_signal_smoothing/include/moveit_butterworth_filter_parameters.hpp[0m
[1.991s] [ 10%] [34m[1mCreating deprecated header file /home/pran/Robot_Arm_ur5/build/moveit_core/online_signal_smoothing/include/moveit_acceleration_filter_parameters.hpp[0m
[2.015s] [ 10%] Built target moveit_butterworth_filter_parameters
[2.015s] [ 10%] Built target moveit_ruckig_filter_parameters
[2.026s] [ 10%] Built target moveit_acceleration_filter_parameters
[2.148s] [ 11%] [32m[1mLinking CXX executable moveit_version[0m
[2.275s] [ 11%] Built target moveit_version
[3.060s] [ 12%] [32m[1mLinking CXX static library libgmock_main.a[0m
[3.114s] [ 12%] Built target gmock_main
[3.128s] [ 13%] [32m[1mLinking CXX static library libgtest_main.a[0m
[3.186s] [ 13%] Built target gtest_main
[4.885s] [ 14%] [32m[1mLinking CXX shared library libmoveit_utils.so[0m
[5.045s] [ 14%] Built target moveit_utils
[5.064s] [ 14%] [32mBuilding CXX object distance_field/CMakeFiles/moveit_distance_field.dir/src/find_internal_points.cpp.o[0m
[5.066s] [ 15%] [32mBuilding CXX object utils/test/CMakeFiles/logger_dut.dir/logger_dut.cpp.o[0m
[5.066s] [ 15%] [32mBuilding CXX object transforms/CMakeFiles/moveit_transforms.dir/src/transforms.cpp.o[0m
[5.066s] [ 15%] [32mBuilding CXX object distance_field/CMakeFiles/moveit_distance_field.dir/src/distance_field.cpp.o[0m
[5.066s] [ 17%] [32mBuilding CXX object distance_field/CMakeFiles/moveit_distance_field.dir/src/propagation_distance_field.cpp.o[0m
[5.066s] [ 17%] [32mBuilding CXX object exceptions/CMakeFiles/moveit_exceptions.dir/src/exceptions.cpp.o[0m
[5.248s] [ 18%] [32m[1mLinking CXX shared library libmoveit_smoothing_base.so[0m
[5.410s] [ 18%] Built target moveit_smoothing_base
[5.628s] [ 19%] [32m[1mLinking CXX shared library libmoveit_exceptions.so[0m
[5.761s] [ 19%] Built target moveit_exceptions
[5.784s] [ 19%] [32mBuilding CXX object robot_model/CMakeFiles/moveit_robot_model.dir/src/fixed_joint_model.cpp.o[0m
[5.784s] [ 19%] [32mBuilding CXX object robot_model/CMakeFiles/moveit_robot_model.dir/src/joint_model.cpp.o[0m
[5.784s] [ 21%] [32mBuilding CXX object robot_model/CMakeFiles/moveit_robot_model.dir/src/floating_joint_model.cpp.o[0m
[5.785s] [ 21%] [32mBuilding CXX object robot_model/CMakeFiles/moveit_robot_model.dir/src/planar_joint_model.cpp.o[0m
[5.785s] [ 22%] [32mBuilding CXX object robot_model/CMakeFiles/moveit_robot_model.dir/src/aabb.cpp.o[0m
[5.785s] [ 22%] [32mBuilding CXX object robot_model/CMakeFiles/moveit_robot_model.dir/src/revolute_joint_model.cpp.o[0m
[5.785s] [ 23%] [32mBuilding CXX object robot_model/CMakeFiles/moveit_robot_model.dir/src/prismatic_joint_model.cpp.o[0m
[5.785s] [ 22%] [32mBuilding CXX object robot_model/CMakeFiles/moveit_robot_model.dir/src/joint_model_group.cpp.o[0m
[5.785s] [ 24%] [32mBuilding CXX object robot_model/CMakeFiles/moveit_robot_model.dir/src/link_model.cpp.o[0m
[5.794s] [ 25%] [32mBuilding CXX object robot_model/CMakeFiles/moveit_robot_model.dir/src/robot_model.cpp.o[0m
[8.124s] [ 26%] [32m[1mLinking CXX executable logger_dut[0m
[8.283s] [ 26%] Built target logger_dut
[9.400s] [ 26%] [32m[1mLinking CXX static library libgmock.a[0m
[9.468s] [ 26%] Built target gmock
[10.119s] [ 27%] [32m[1mLinking CXX static library libgtest.a[0m
[10.173s] [ 27%] Built target gtest
[11.411s] [ 27%] [32m[1mLinking CXX shared library libmoveit_distance_field.so[0m
[11.538s] [ 27%] Built target moveit_distance_field
[11.555s] [ 27%] [32mBuilding CXX object distance_field/CMakeFiles/test_distance_field.dir/test/test_distance_field.cpp.o[0m
[11.556s] [ 28%] [32mBuilding CXX object distance_field/CMakeFiles/test_voxel_grid.dir/test/test_voxel_grid.cpp.o[0m
[11.694s] [ 29%] [32m[1mLinking CXX shared library libmoveit_transforms.so[0m
[11.790s] [ 29%] Built target moveit_transforms
[11.808s] [ 30%] [32mBuilding CXX object transforms/CMakeFiles/test_transforms.dir/test/test_transforms.cpp.o[0m
[13.590s] [ 30%] [32m[1mLinking CXX executable test_transforms[0m
[13.686s] [ 30%] [32m[1mLinking CXX shared library libmoveit_robot_model.so[0m
[13.687s] [ 30%] Built target test_transforms
[13.786s] [ 30%] Built target moveit_robot_model
[13.803s] [ 31%] [32mBuilding CXX object online_signal_smoothing/CMakeFiles/moveit_butterworth_filter.dir/src/butterworth_filter.cpp.o[0m
[13.803s] [ 32%] [32mBuilding CXX object kinematics_base/CMakeFiles/moveit_kinematics_base.dir/src/kinematics_base.cpp.o[0m
[14.187s] [ 32%] [32m[1mLinking CXX executable test_voxel_grid[0m
[14.384s] [ 32%] Built target test_voxel_grid
[16.443s] [ 32%] [32m[1mLinking CXX shared library libmoveit_kinematics_base.so[0m
[16.516s] [ 32%] Built target moveit_kinematics_base
[16.532s] [ 33%] [32mBuilding CXX object robot_state/CMakeFiles/moveit_robot_state.dir/src/attached_body.cpp.o[0m
[16.532s] [ 33%] [32mBuilding CXX object utils/CMakeFiles/moveit_test_utils.dir/src/robot_model_test_utils.cpp.o[0m
[16.534s] [ 33%] [32mBuilding CXX object robot_state/CMakeFiles/moveit_robot_state.dir/src/conversions.cpp.o[0m
[16.534s] [ 34%] [32mBuilding CXX object robot_state/CMakeFiles/moveit_robot_state.dir/src/robot_state.cpp.o[0m
[16.534s] [ 35%] [32mBuilding CXX object robot_state/CMakeFiles/moveit_robot_state.dir/src/cartesian_interpolator.cpp.o[0m
[17.440s] [ 35%] [32m[1mLinking CXX shared library libmoveit_butterworth_filter.so[0m
[17.469s] [ 36%] [32m[1mLinking CXX executable test_distance_field[0m
[17.554s] [ 36%] Built target moveit_butterworth_filter
[17.572s] [ 36%] [32mBuilding CXX object online_signal_smoothing/CMakeFiles/test_butterworth_filter.dir/test/test_butterworth_filter.cpp.o[0m
[17.676s] [ 36%] Built target test_distance_field
[21.538s] [ 37%] [32m[1mLinking CXX executable test_butterworth_filter[0m
[21.633s] [ 37%] Built target test_butterworth_filter
[24.996s] [ 38%] [32m[1mLinking CXX shared library libmoveit_test_utils.so[0m
[25.095s] [ 38%] Built target moveit_test_utils
[25.110s] [ 39%] [32mBuilding CXX object robot_model/CMakeFiles/test_robot_model.dir/test/test.cpp.o[0m
[28.188s] [ 39%] [32m[1mLinking CXX executable test_robot_model[0m
[28.333s] [ 39%] Built target test_robot_model
[29.316s] [ 39%] [32m[1mLinking CXX shared library libmoveit_robot_state.so[0m
[29.423s] [ 39%] Built target moveit_robot_state
[29.442s] [ 41%] [32mBuilding CXX object robot_state/CMakeFiles/test_aabb.dir/test/test_aabb.cpp.o[0m
[29.442s] [ 41%] [32mBuilding CXX object kinematics_metrics/CMakeFiles/moveit_kinematics_metrics.dir/src/kinematics_metrics.cpp.o[0m
[29.442s] [ 44%] [32mBuilding CXX object online_signal_smoothing/CMakeFiles/moveit_acceleration_filter.dir/src/acceleration_filter.cpp.o[0m
[29.442s] [ 44%] [32mBuilding CXX object robot_trajectory/CMakeFiles/moveit_robot_trajectory.dir/src/robot_trajectory.cpp.o[0m
[29.442s] [ 44%] [32mBuilding CXX object online_signal_smoothing/CMakeFiles/moveit_ruckig_filter.dir/src/ruckig_filter.cpp.o[0m
[29.442s] [ 44%] [32mBuilding CXX object dynamics_solver/CMakeFiles/moveit_dynamics_solver.dir/src/dynamics_solver.cpp.o[0m
[29.442s] [ 44%] [32mBuilding CXX object robot_state/CMakeFiles/test_robot_state_complex.dir/test/test_kinematic_complex.cpp.o[0m
[29.442s] [ 45%] [32mBuilding CXX object robot_state/CMakeFiles/test_robot_state.dir/test/robot_state_test.cpp.o[0m
[29.443s] [ 46%] [32mBuilding CXX object robot_state/CMakeFiles/test_cartesian_interpolator.dir/test/test_cartesian_interpolator.cpp.o[0m
[29.443s] [ 46%] [32mBuilding CXX object collision_detection/CMakeFiles/moveit_collision_detection.dir/src/collision_matrix.cpp.o[0m
[29.443s] [ 47%] [32mBuilding CXX object collision_detection/CMakeFiles/moveit_collision_detection.dir/src/allvalid/collision_env_allvalid.cpp.o[0m
[29.443s] [ 48%] [32mBuilding CXX object collision_detection/CMakeFiles/moveit_collision_detection.dir/src/collision_octomap_filter.cpp.o[0m
[29.444s] [ 48%] [32mBuilding CXX object collision_detection/CMakeFiles/moveit_collision_detection.dir/src/world_diff.cpp.o[0m
[29.444s] [ 50%] [32mBuilding CXX object collision_detection/CMakeFiles/moveit_collision_detection.dir/src/collision_env.cpp.o[0m
[29.444s] [ 50%] [32mBuilding CXX object collision_detection/CMakeFiles/moveit_collision_detection.dir/src/collision_common.cpp.o[0m
[29.444s] [ 50%] [32mBuilding CXX object collision_detection/CMakeFiles/moveit_collision_detection.dir/src/world.cpp.o[0m
[29.444s] [ 50%] [32mBuilding CXX object robot_state/CMakeFiles/robot_state_benchmark.dir/test/robot_state_benchmark.cpp.o[0m
[29.444s] [ 50%] [32mBuilding CXX object collision_detection/CMakeFiles/moveit_collision_detection.dir/src/collision_tools.cpp.o[0m
[29.445s] [ 50%] [32mBuilding CXX object collision_detection/CMakeFiles/moveit_collision_detection.dir/src/collision_plugin_cache.cpp.o[0m
[61.686s] [ 51%] [32m[1mLinking CXX executable test_cartesian_interpolator[0m
[62.082s] [ 51%] [32m[1mLinking CXX shared library libmoveit_dynamics_solver.so[0m
[62.125s] [ 51%] Built target test_cartesian_interpolator
[62.203s] [ 51%] Built target moveit_dynamics_solver
[62.924s] [ 52%] [32m[1mLinking CXX executable robot_state_benchmark[0m
[63.210s] [ 52%] Built target robot_state_benchmark
[63.740s] [ 53%] [32m[1mLinking CXX executable test_robot_state_complex[0m
[63.803s] [ 53%] [32m[1mLinking CXX executable test_aabb[0m
[63.928s] [ 53%] [32m[1mLinking CXX shared library libmoveit_ruckig_filter.so[0m
[63.959s] [ 53%] Built target test_robot_state_complex
[64.001s] [ 53%] Built target test_aabb
[64.046s] [ 53%] [32m[1mLinking CXX shared library libmoveit_robot_trajectory.so[0m
[64.066s] [ 53%] Built target moveit_ruckig_filter
[64.161s] [ 53%] Built target moveit_robot_trajectory
[64.414s] [ 54%] [32m[1mLinking CXX shared library libmoveit_acceleration_filter.so[0m
[64.530s] [ 54%] Built target moveit_acceleration_filter
[66.716s] [ 55%] [32m[1mLinking CXX shared library libmoveit_collision_detection.so[0m
[66.845s] [ 55%] Built target moveit_collision_detection
[67.058s] [ 56%] [32m[1mLinking CXX executable test_robot_state[0m
[67.230s] [ 56%] Built target test_robot_state
[70.295s] [ 56%] [32m[1mLinking CXX shared library libmoveit_kinematics_metrics.so[0m
[70.401s] [ 56%] Built target moveit_kinematics_metrics
[70.422s] [ 57%] [32mBuilding CXX object collision_detection/CMakeFiles/test_all_valid.dir/test/test_all_valid.cpp.o[0m
[74.212s] [ 57%] [32m[1mLinking CXX executable test_all_valid[0m
[74.339s] [ 57%] Built target test_all_valid
[74.355s] [ 58%] [32mBuilding CXX object collision_detection/CMakeFiles/test_world_diff.dir/test/test_world_diff.cpp.o[0m
[76.522s] [ 58%] [32m[1mLinking CXX executable test_world_diff[0m
[76.650s] [ 58%] Built target test_world_diff
[76.667s] [ 59%] [32mBuilding CXX object collision_detection/CMakeFiles/test_world.dir/test/test_world.cpp.o[0m
[79.307s] [ 59%] [32m[1mLinking CXX executable test_world[0m
[79.435s] [ 59%] Built target test_world
[79.452s] [ 61%] [32mBuilding CXX object trajectory_processing/CMakeFiles/moveit_trajectory_processing.dir/src/trajectory_tools.cpp.o[0m
[79.452s] [ 61%] [32mBuilding CXX object collision_detection_bullet/CMakeFiles/moveit_collision_detection_bullet.dir/src/bullet_integration/bullet_discrete_bvh_manager.cpp.o[0m
[79.452s] [ 62%] [32mBuilding CXX object collision_detection_bullet/CMakeFiles/moveit_collision_detection_bullet.dir/src/bullet_integration/bullet_cast_bvh_manager.cpp.o[0m
[79.452s] [ 62%] [32mBuilding CXX object collision_detection_bullet/CMakeFiles/moveit_collision_detection_bullet.dir/src/bullet_integration/bullet_utils.cpp.o[0m
[79.452s] [ 62%] [32mBuilding CXX object trajectory_processing/CMakeFiles/moveit_trajectory_processing.dir/src/ruckig_traj_smoothing.cpp.o[0m
[79.452s] [ 62%] [32mBuilding CXX object trajectory_processing/CMakeFiles/moveit_trajectory_processing.dir/src/time_optimal_trajectory_generation.cpp.o[0m
[79.452s] [ 63%] [32mBuilding CXX object collision_detection_bullet/CMakeFiles/moveit_collision_detection_bullet.dir/src/bullet_integration/ros_bullet_utils.cpp.o[0m
[79.453s] [ 64%] [32mBuilding CXX object collision_detection_fcl/CMakeFiles/moveit_collision_detection_fcl.dir/src/collision_common.cpp.o[0m
[79.453s] [ 65%] [32mBuilding CXX object collision_detection_bullet/CMakeFiles/moveit_collision_detection_bullet.dir/src/bullet_integration/bullet_bvh_manager.cpp.o[0m
[79.453s] [ 66%] [32mBuilding CXX object online_signal_smoothing/CMakeFiles/test_acceleration_filter.dir/test/test_acceleration_filter.cpp.o[0m
[79.454s] [ 66%] [32mBuilding CXX object collision_detection_fcl/CMakeFiles/moveit_collision_detection_fcl.dir/src/collision_env_fcl.cpp.o[0m
[79.454s] [ 66%] [32mBuilding CXX object collision_detection_bullet/CMakeFiles/moveit_collision_detection_bullet.dir/src/collision_env_bullet.cpp.o[0m
[79.454s] [ 66%] [32mBuilding CXX object robot_trajectory/CMakeFiles/test_robot_trajectory.dir/test/test_robot_trajectory.cpp.o[0m
[79.454s] [ 66%] [32mBuilding CXX object collision_detection_bullet/CMakeFiles/moveit_collision_detection_bullet.dir/src/bullet_integration/contact_checker_common.cpp.o[0m
[86.503s] [ 67%] [32m[1mLinking CXX shared library libmoveit_collision_detection_fcl.so[0m
[86.687s] [ 67%] Built target moveit_collision_detection_fcl
[86.708s] [ 68%] [32mBuilding CXX object kinematic_constraints/CMakeFiles/moveit_kinematic_constraints.dir/src/kinematic_constraint.cpp.o[0m
[86.709s] [ 68%] [32mBuilding CXX object kinematic_constraints/CMakeFiles/moveit_kinematic_constraints.dir/src/utils.cpp.o[0m
[86.709s] [ 68%] [32mBuilding CXX object collision_detection_fcl/CMakeFiles/test_fcl_collision_detection.dir/test/test_fcl_collision_detection_pr2.cpp.o[0m
[86.709s] [ 68%] [32mBuilding CXX object collision_detection_fcl/CMakeFiles/test_fcl_collision_env.dir/test/test_fcl_env.cpp.o[0m
[86.709s] [ 68%] [32mBuilding CXX object collision_detection_fcl/CMakeFiles/test_fcl_collision_detection_panda.dir/test/test_fcl_collision_detection_panda.cpp.o[0m
[87.100s] [ 68%] [32m[1mLinking CXX executable test_acceleration_filter[0m
[87.133s] [ 69%] [32m[1mLinking CXX executable test_robot_trajectory[0m
[87.382s] [ 69%] Built target test_acceleration_filter
[87.426s] [ 69%] Built target test_robot_trajectory
[87.532s] [ 69%] [32m[1mLinking CXX shared library libmoveit_collision_detection_bullet.so[0m
[87.726s] [ 69%] Built target moveit_collision_detection_bullet
[87.747s] [ 70%] [32mBuilding CXX object collision_detection_bullet/CMakeFiles/test_bullet_collision_detection.dir/test/test_bullet_collision_detection_pr2.cpp.o[0m
[87.749s] [ 70%] [32mBuilding CXX object collision_detection_bullet/CMakeFiles/test_bullet_collision_detection_panda.dir/test/test_bullet_collision_detection_panda.cpp.o[0m
[87.749s] [ 70%] [32mBuilding CXX object collision_detection_bullet/CMakeFiles/test_bullet_continuous_collision_checking.dir/test/test_bullet_continuous_collision_checking.cpp.o[0m
[88.747s] [ 71%] [32m[1mLinking CXX shared library libmoveit_trajectory_processing.so[0m
[88.879s] [ 71%] Built target moveit_trajectory_processing
[88.903s] [ 72%] [32mBuilding CXX object trajectory_processing/CMakeFiles/test_time_optimal_trajectory_generation.dir/test/test_time_optimal_trajectory_generation.cpp.o[0m
[88.903s] [ 72%] [32mBuilding CXX object trajectory_processing/CMakeFiles/test_ruckig_traj_smoothing.dir/test/test_ruckig_traj_smoothing.cpp.o[0m
[88.904s] [ 72%] [32mBuilding CXX object trajectory_processing/CMakeFiles/robot_trajectory_benchmark.dir/test/robot_trajectory_benchmark.cpp.o[0m
[93.431s] [ 73%] [32m[1mLinking CXX executable test_fcl_collision_env[0m
[93.759s] [ 73%] Built target test_fcl_collision_env
[94.260s] [ 73%] [32m[1mLinking CXX executable robot_trajectory_benchmark[0m
[94.405s] [ 74%] [32m[1mLinking CXX executable test_fcl_collision_detection_panda[0m
[94.546s] [ 74%] Built target robot_trajectory_benchmark
[94.636s] [ 74%] Built target test_fcl_collision_detection_panda
[94.823s] [ 75%] [32m[1mLinking CXX executable test_ruckig_traj_smoothing[0m
[95.013s] [ 75%] Built target test_ruckig_traj_smoothing
[95.123s] [ 76%] [32m[1mLinking CXX executable test_bullet_collision_detection[0m
[95.345s] [ 76%] Built target test_bullet_collision_detection
[95.537s] [ 77%] [32m[1mLinking CXX executable test_bullet_collision_detection_panda[0m
[95.734s] [ 77%] Built target test_bullet_collision_detection_panda
[96.098s] [ 78%] [32m[1mLinking CXX executable test_fcl_collision_detection[0m
[96.299s] [ 78%] Built target test_fcl_collision_detection
[96.311s] [ 79%] [32m[1mLinking CXX executable test_time_optimal_trajectory_generation[0m
[96.483s] [ 79%] Built target test_time_optimal_trajectory_generation
[97.357s] [ 80%] [32m[1mLinking CXX executable test_bullet_continuous_collision_checking[0m
[97.521s] [ 80%] Built target test_bullet_continuous_collision_checking
[98.865s] [ 80%] [32m[1mLinking CXX shared library libmoveit_kinematic_constraints.so[0m
[98.986s] [ 80%] Built target moveit_kinematic_constraints
[99.000s] [ 81%] [32mBuilding CXX object kinematic_constraints/CMakeFiles/test_constraints.dir/test/test_constraints.cpp.o[0m
[99.003s] [ 82%] [32mBuilding CXX object kinematic_constraints/CMakeFiles/test_orientation_constraints.dir/test/test_orientation_constraints.cpp.o[0m
[99.004s] [ 83%] [32mBuilding CXX object planning_scene/CMakeFiles/moveit_planning_scene.dir/src/planning_scene.cpp.o[0m
[104.673s] [ 83%] [32m[1mLinking CXX executable test_orientation_constraints[0m
[104.848s] [ 83%] Built target test_orientation_constraints
[105.496s] [ 84%] [32m[1mLinking CXX executable test_constraints[0m
[105.655s] [ 84%] Built target test_constraints
[109.450s] [ 84%] [32m[1mLinking CXX shared library libmoveit_planning_scene.so[0m
[109.565s] [ 84%] Built target moveit_planning_scene
[109.583s] [ 84%] [32mBuilding CXX object collision_distance_field/CMakeFiles/moveit_collision_distance_field.dir/src/collision_env_hybrid.cpp.o[0m
[109.584s] [ 85%] [32mBuilding CXX object collision_distance_field/CMakeFiles/moveit_collision_distance_field.dir/src/collision_distance_field_types.cpp.o[0m
[109.584s] [ 85%] [32mBuilding CXX object collision_detection_fcl/CMakeFiles/collision_detector_fcl_plugin.dir/src/collision_detector_fcl_plugin_loader.cpp.o[0m
[109.584s] [ 86%] [32mBuilding CXX object planning_interface/CMakeFiles/moveit_planning_interface.dir/src/planning_response.cpp.o[0m
[109.584s] [ 86%] [32mBuilding CXX object constraint_samplers/CMakeFiles/moveit_constraint_samplers.dir/src/constraint_sampler.cpp.o[0m
[109.585s] [ 88%] [32mBuilding CXX object planning_scene/CMakeFiles/test_planning_scene.dir/test/test_planning_scene.cpp.o[0m
[109.585s] [ 88%] [32mBuilding CXX object planning_scene/CMakeFiles/test_multi_threaded.dir/test/test_multi_threaded.cpp.o[0m
[109.585s] [ 88%] [32mBuilding CXX object collision_distance_field/CMakeFiles/moveit_collision_distance_field.dir/src/collision_common_distance_field.cpp.o[0m
[109.585s] [ 90%] [32mBuilding CXX object collision_distance_field/CMakeFiles/moveit_collision_distance_field.dir/src/collision_env_distance_field.cpp.o[0m
[109.585s] [ 90%] [32mBuilding CXX object planning_scene/CMakeFiles/test_collision_objects.dir/test/test_collision_objects.cpp.o[0m
[109.585s] [ 91%] [32mBuilding CXX object planning_interface/CMakeFiles/moveit_planning_interface.dir/src/planning_interface.cpp.o[0m
[109.585s] [ 91%] [32mBuilding CXX object constraint_samplers/CMakeFiles/moveit_constraint_samplers.dir/src/constraint_sampler_tools.cpp.o[0m
[109.586s] [ 92%] [32mBuilding CXX object constraint_samplers/CMakeFiles/moveit_constraint_samplers.dir/src/constraint_sampler_manager.cpp.o[0m
[109.586s] [ 93%] [32mBuilding CXX object constraint_samplers/CMakeFiles/moveit_constraint_samplers.dir/src/union_constraint_sampler.cpp.o[0m
[109.586s] [ 93%] [32mBuilding CXX object collision_detection_bullet/CMakeFiles/collision_detector_bullet_plugin.dir/src/collision_detector_bullet_plugin_loader.cpp.o[0m
[109.587s] [ 94%] [32mBuilding CXX object constraint_samplers/CMakeFiles/moveit_constraint_samplers.dir/src/default_constraint_samplers.cpp.o[0m
[113.273s] In file included from [01m[K/home/pran/Robot_Arm_ur5/src/moveit2/moveit_core/planning_interface/include/moveit/planning_interface/planning_response.hpp:40[m[K,
[113.274s]                  from [01m[K/home/pran/Robot_Arm_ur5/src/moveit2/moveit_core/planning_interface/include/moveit/planning_interface/planning_interface.hpp:41[m[K,
[113.274s]                  from [01m[K/home/pran/Robot_Arm_ur5/src/moveit2/moveit_core/planning_interface/src/planning_interface.cpp:37[m[K:
[113.274s] [01m[K/home/pran/Robot_Arm_ur5/src/moveit2/moveit_core/utils/include/moveit/utils/moveit_error_code.hpp:50:72:[m[K [01;31m[Kerror: [m[K‘[01m[KUNDEFINED[m[K’ is not a member of ‘[01m[Kmoveit_msgs::msg::MoveItErrorCodes[m[K’ {aka ‘[01m[Kmoveit_msgs::msg::MoveItErrorCodes_<std::allocator<void> >[m[K’}
[113.274s]    50 |   MoveItErrorCode(const int code = moveit_msgs::msg::MoveItErrorCodes::[01;31m[KUNDEFINED[m[K, const std::string& error_message = "",
[113.274s]       |                                                                        [01;31m[K^~~~~~~~~[m[K
[113.279s] [01m[K/home/pran/Robot_Arm_ur5/src/moveit2/moveit_core/utils/include/moveit/utils/moveit_error_code.hpp:[m[K In constructor ‘[01m[Kmoveit::core::MoveItErrorCode::MoveItErrorCode(int, const string&, const string&)[m[K’:
[113.279s] [01m[K/home/pran/Robot_Arm_ur5/src/moveit2/moveit_core/utils/include/moveit/utils/moveit_error_code.hpp:54:5:[m[K [01;31m[Kerror: [m[K‘[01m[Kmessage[m[K’ was not declared in this scope
[113.279s]    54 |     [01;31m[Kmessage[m[K = error_message;
[113.279s]       |     [01;31m[K^~~~~~~[m[K
[113.287s] [01m[K/home/pran/Robot_Arm_ur5/src/moveit2/moveit_core/utils/include/moveit/utils/moveit_error_code.hpp:55:5:[m[K [01;31m[Kerror: [m[K‘[01m[Ksource[m[K’ was not declared in this scope
[113.287s]    55 |     [01;31m[Ksource[m[K = error_source;
[113.287s]       |     [01;31m[K^~~~~~[m[K
[113.294s] [01m[K/home/pran/Robot_Arm_ur5/src/moveit2/moveit_core/utils/include/moveit/utils/moveit_error_code.hpp:[m[K In constructor ‘[01m[Kmoveit::core::MoveItErrorCode::MoveItErrorCode(const MoveItErrorCodes&)[m[K’:
[113.295s] [01m[K/home/pran/Robot_Arm_ur5/src/moveit2/moveit_core/utils/include/moveit/utils/moveit_error_code.hpp:60:5:[m[K [01;31m[Kerror: [m[K‘[01m[Kmessage[m[K’ was not declared in this scope
[113.295s]    60 |     [01;31m[Kmessage[m[K = code.message;
[113.295s]       |     [01;31m[K^~~~~~~[m[K
[113.295s] [01m[K/home/pran/Robot_Arm_ur5/src/moveit2/moveit_core/utils/include/moveit/utils/moveit_error_code.hpp:60:20:[m[K [01;31m[Kerror: [m[K‘[01m[Kconst MoveItErrorCodes[m[K’ {aka ‘[01m[Kconst struct moveit_msgs::msg::MoveItErrorCodes_<std::allocator<void> >[m[K’} has no member named ‘[01m[Kmessage[m[K’
[113.295s]    60 |     message = code.[01;31m[Kmessage[m[K;
[113.295s]       |                    [01;31m[K^~~~~~~[m[K
[113.301s] [01m[K/home/pran/Robot_Arm_ur5/src/moveit2/moveit_core/utils/include/moveit/utils/moveit_error_code.hpp:61:5:[m[K [01;31m[Kerror: [m[K‘[01m[Ksource[m[K’ was not declared in this scope
[113.301s]    61 |     [01;31m[Ksource[m[K = code.source;
[113.301s]       |     [01;31m[K^~~~~~[m[K
[113.301s] [01m[K/home/pran/Robot_Arm_ur5/src/moveit2/moveit_core/utils/include/moveit/utils/moveit_error_code.hpp:61:19:[m[K [01;31m[Kerror: [m[K‘[01m[Kconst MoveItErrorCodes[m[K’ {aka ‘[01m[Kconst struct moveit_msgs::msg::MoveItErrorCodes_<std::allocator<void> >[m[K’} has no member named ‘[01m[Ksource[m[K’
[113.301s]    61 |     source = code.[01;31m[Ksource[m[K;
[113.301s]       |                   [01;31m[K^~~~~~[m[K
[113.302s] [01m[K/home/pran/Robot_Arm_ur5/src/moveit2/moveit_core/utils/include/moveit/utils/moveit_error_code.hpp:[m[K In function ‘[01m[Kstd::string moveit::core::errorCodeToString(const moveit::core::MoveItErrorCode&)[m[K’:
[113.302s] [01m[K/home/pran/Robot_Arm_ur5/src/moveit2/moveit_core/utils/include/moveit/utils/moveit_error_code.hpp:88:41:[m[K [01;31m[Kerror: [m[K‘[01m[KUNDEFINED[m[K’ is not a member of ‘[01m[Kmoveit::core::MoveItErrorCode[m[K’
[113.302s]    88 |     case moveit::core::MoveItErrorCode::[01;31m[KUNDEFINED[m[K:
[113.302s]       |                                         [01;31m[K^~~~~~~~~[m[K
[114.350s] In file included from [01m[K/home/pran/Robot_Arm_ur5/src/moveit2/moveit_core/planning_interface/include/moveit/planning_interface/planning_response.hpp:40[m[K,
[114.351s]                  from [01m[K/home/pran/Robot_Arm_ur5/src/moveit2/moveit_core/planning_interface/src/planning_response.cpp:37[m[K:
[114.351s] [01m[K/home/pran/Robot_Arm_ur5/src/moveit2/moveit_core/utils/include/moveit/utils/moveit_error_code.hpp:50:72:[m[K [01;31m[Kerror: [m[K‘[01m[KUNDEFINED[m[K’ is not a member of ‘[01m[Kmoveit_msgs::msg::MoveItErrorCodes[m[K’ {aka ‘[01m[Kmoveit_msgs::msg::MoveItErrorCodes_<std::allocator<void> >[m[K’}
[114.351s]    50 |   MoveItErrorCode(const int code = moveit_msgs::msg::MoveItErrorCodes::[01;31m[KUNDEFINED[m[K, const std::string& error_message = "",
[114.351s]       |                                                                        [01;31m[K^~~~~~~~~[m[K
[114.360s] [01m[K/home/pran/Robot_Arm_ur5/src/moveit2/moveit_core/utils/include/moveit/utils/moveit_error_code.hpp:[m[K In constructor ‘[01m[Kmoveit::core::MoveItErrorCode::MoveItErrorCode(int, const string&, const string&)[m[K’:
[114.361s] [01m[K/home/pran/Robot_Arm_ur5/src/moveit2/moveit_core/utils/include/moveit/utils/moveit_error_code.hpp:54:5:[m[K [01;31m[Kerror: [m[K‘[01m[Kmessage[m[K’ was not declared in this scope
[114.361s]    54 |     [01;31m[Kmessage[m[K = error_message;
[114.361s]       |     [01;31m[K^~~~~~~[m[K
[114.369s] [01m[K/home/pran/Robot_Arm_ur5/src/moveit2/moveit_core/utils/include/moveit/utils/moveit_error_code.hpp:55:5:[m[K [01;31m[Kerror: [m[K‘[01m[Ksource[m[K’ was not declared in this scope
[114.369s]    55 |     [01;31m[Ksource[m[K = error_source;
[114.369s]       |     [01;31m[K^~~~~~[m[K
[114.379s] [01m[K/home/pran/Robot_Arm_ur5/src/moveit2/moveit_core/utils/include/moveit/utils/moveit_error_code.hpp:[m[K In constructor ‘[01m[Kmoveit::core::MoveItErrorCode::MoveItErrorCode(const MoveItErrorCodes&)[m[K’:
[114.379s] [01m[K/home/pran/Robot_Arm_ur5/src/moveit2/moveit_core/utils/include/moveit/utils/moveit_error_code.hpp:60:5:[m[K [01;31m[Kerror: [m[K‘[01m[Kmessage[m[K’ was not declared in this scope
[114.380s]    60 |     [01;31m[Kmessage[m[K = code.message;
[114.380s]       |     [01;31m[K^~~~~~~[m[K
[114.380s] [01m[K/home/pran/Robot_Arm_ur5/src/moveit2/moveit_core/utils/include/moveit/utils/moveit_error_code.hpp:60:20:[m[K [01;31m[Kerror: [m[K‘[01m[Kconst MoveItErrorCodes[m[K’ {aka ‘[01m[Kconst struct moveit_msgs::msg::MoveItErrorCodes_<std::allocator<void> >[m[K’} has no member named ‘[01m[Kmessage[m[K’
[114.380s]    60 |     message = code.[01;31m[Kmessage[m[K;
[114.380s]       |                    [01;31m[K^~~~~~~[m[K
[114.389s] [01m[K/home/pran/Robot_Arm_ur5/src/moveit2/moveit_core/utils/include/moveit/utils/moveit_error_code.hpp:61:5:[m[K [01;31m[Kerror: [m[K‘[01m[Ksource[m[K’ was not declared in this scope
[114.389s]    61 |     [01;31m[Ksource[m[K = code.source;
[114.389s]       |     [01;31m[K^~~~~~[m[K
[114.389s] [01m[K/home/pran/Robot_Arm_ur5/src/moveit2/moveit_core/utils/include/moveit/utils/moveit_error_code.hpp:61:19:[m[K [01;31m[Kerror: [m[K‘[01m[Kconst MoveItErrorCodes[m[K’ {aka ‘[01m[Kconst struct moveit_msgs::msg::MoveItErrorCodes_<std::allocator<void> >[m[K’} has no member named ‘[01m[Ksource[m[K’
[114.390s]    61 |     source = code.[01;31m[Ksource[m[K;
[114.390s]       |                   [01;31m[K^~~~~~[m[K
[114.390s] [01m[K/home/pran/Robot_Arm_ur5/src/moveit2/moveit_core/utils/include/moveit/utils/moveit_error_code.hpp:[m[K In function ‘[01m[Kstd::string moveit::core::errorCodeToString(const moveit::core::MoveItErrorCode&)[m[K’:
[114.390s] [01m[K/home/pran/Robot_Arm_ur5/src/moveit2/moveit_core/utils/include/moveit/utils/moveit_error_code.hpp:88:41:[m[K [01;31m[Kerror: [m[K‘[01m[KUNDEFINED[m[K’ is not a member of ‘[01m[Kmoveit::core::MoveItErrorCode[m[K’
[114.390s]    88 |     case moveit::core::MoveItErrorCode::[01;31m[KUNDEFINED[m[K:
[114.390s]       |                                         [01;31m[K^~~~~~~~~[m[K
[191.834s] gmake[2]: *** [planning_interface/CMakeFiles/moveit_planning_interface.dir/build.make:76: planning_interface/CMakeFiles/moveit_planning_interface.dir/src/planning_interface.cpp.o] Error 1
[191.834s] gmake[2]: *** Waiting for unfinished jobs....
[192.662s] gmake[2]: *** [planning_interface/CMakeFiles/moveit_planning_interface.dir/build.make:90: planning_interface/CMakeFiles/moveit_planning_interface.dir/src/planning_response.cpp.o] Error 1
[192.662s] gmake[1]: *** [CMakeFiles/Makefile2:2020: planning_interface/CMakeFiles/moveit_planning_interface.dir/all] Error 2
[192.662s] gmake[1]: *** Waiting for unfinished jobs....
[195.174s] [ 95%] [32m[1mLinking CXX shared library libcollision_detector_bullet_plugin.so[0m
[195.436s] [ 95%] [32m[1mLinking CXX executable test_multi_threaded[0m
[195.438s] [ 95%] Built target collision_detector_bullet_plugin
[195.558s] [ 95%] [32m[1mLinking CXX shared library libmoveit_constraint_samplers.so[0m
[195.711s] [ 95%] Built target moveit_constraint_samplers
[195.779s] [ 95%] Built target test_multi_threaded
[196.026s] [ 96%] [32m[1mLinking CXX shared library libcollision_detector_fcl_plugin.so[0m
[196.141s] [ 96%] Built target collision_detector_fcl_plugin
[196.885s] [ 96%] [32m[1mLinking CXX executable test_collision_objects[0m
[197.059s] [ 96%] Built target test_collision_objects
[199.322s] [ 97%] [32m[1mLinking CXX shared library libmoveit_collision_distance_field.so[0m
[199.450s] [ 97%] Built target moveit_collision_distance_field
[200.623s] [ 97%] [32m[1mLinking CXX executable test_planning_scene[0m
[200.805s] [ 97%] Built target test_planning_scene
[200.806s] gmake: *** [Makefile:146: all] Error 2
