[0.432s] Invoking command in '/home/pran/Robot_Arm_ur5/src/moveit2/moveit_configs_utils': PYTHONPATH=/home/pran/Robot_Arm_ur5/build/moveit_configs_utils/prefix_override:/usr/lib/python3/dist-packages/colcon_core/task/python/colcon_distutils_commands:/home/pran/Robot_Arm_ur5/install/moveit_configs_utils/lib/python3.10/site-packages:${PYTHONPATH} /usr/bin/python3 -W ignore:setup.py install is deprecated -W ignore:easy_install command is deprecated setup.py egg_info --egg-base ../../../build/moveit_configs_utils build --build-base /home/pran/Robot_Arm_ur5/build/moveit_configs_utils/build install --record /home/pran/Robot_Arm_ur5/build/moveit_configs_utils/install.log --single-version-externally-managed install_data
[0.566s] running egg_info
[0.566s] creating ../../../build/moveit_configs_utils/moveit_configs_utils.egg-info
[0.566s] writing ../../../build/moveit_configs_utils/moveit_configs_utils.egg-info/PKG-INFO
[0.567s] writing dependency_links to ../../../build/moveit_configs_utils/moveit_configs_utils.egg-info/dependency_links.txt
[0.567s] writing entry points to ../../../build/moveit_configs_utils/moveit_configs_utils.egg-info/entry_points.txt
[0.568s] writing requirements to ../../../build/moveit_configs_utils/moveit_configs_utils.egg-info/requires.txt
[0.568s] writing top-level names to ../../../build/moveit_configs_utils/moveit_configs_utils.egg-info/top_level.txt
[0.568s] writing manifest file '../../../build/moveit_configs_utils/moveit_configs_utils.egg-info/SOURCES.txt'
[0.569s] reading manifest file '../../../build/moveit_configs_utils/moveit_configs_utils.egg-info/SOURCES.txt'
[0.569s] writing manifest file '../../../build/moveit_configs_utils/moveit_configs_utils.egg-info/SOURCES.txt'
[0.569s] running build
[0.570s] running build_py
[0.570s] creating /home/pran/Robot_Arm_ur5/build/moveit_configs_utils/build
[0.570s] creating /home/pran/Robot_Arm_ur5/build/moveit_configs_utils/build/lib
[0.570s] creating /home/pran/Robot_Arm_ur5/build/moveit_configs_utils/build/lib/moveit_configs_utils
[0.570s] copying moveit_configs_utils/launches.py -> /home/pran/Robot_Arm_ur5/build/moveit_configs_utils/build/lib/moveit_configs_utils
[0.570s] copying moveit_configs_utils/launch_utils.py -> /home/pran/Robot_Arm_ur5/build/moveit_configs_utils/build/lib/moveit_configs_utils
[0.570s] copying moveit_configs_utils/moveit_configs_builder.py -> /home/pran/Robot_Arm_ur5/build/moveit_configs_utils/build/lib/moveit_configs_utils
[0.570s] copying moveit_configs_utils/__init__.py -> /home/pran/Robot_Arm_ur5/build/moveit_configs_utils/build/lib/moveit_configs_utils
[0.570s] creating /home/pran/Robot_Arm_ur5/build/moveit_configs_utils/build/lib/moveit_configs_utils/substitutions
[0.570s] copying moveit_configs_utils/substitutions/xacro.py -> /home/pran/Robot_Arm_ur5/build/moveit_configs_utils/build/lib/moveit_configs_utils/substitutions
[0.570s] copying moveit_configs_utils/substitutions/__init__.py -> /home/pran/Robot_Arm_ur5/build/moveit_configs_utils/build/lib/moveit_configs_utils/substitutions
[0.570s] running install
[0.570s] running install_lib
[0.571s] creating /home/pran/Robot_Arm_ur5/install/moveit_configs_utils/lib/python3.10/site-packages/moveit_configs_utils
[0.571s] copying /home/pran/Robot_Arm_ur5/build/moveit_configs_utils/build/lib/moveit_configs_utils/launches.py -> /home/pran/Robot_Arm_ur5/install/moveit_configs_utils/lib/python3.10/site-packages/moveit_configs_utils
[0.571s] copying /home/pran/Robot_Arm_ur5/build/moveit_configs_utils/build/lib/moveit_configs_utils/launch_utils.py -> /home/pran/Robot_Arm_ur5/install/moveit_configs_utils/lib/python3.10/site-packages/moveit_configs_utils
[0.571s] creating /home/pran/Robot_Arm_ur5/install/moveit_configs_utils/lib/python3.10/site-packages/moveit_configs_utils/substitutions
[0.571s] copying /home/pran/Robot_Arm_ur5/build/moveit_configs_utils/build/lib/moveit_configs_utils/substitutions/xacro.py -> /home/pran/Robot_Arm_ur5/install/moveit_configs_utils/lib/python3.10/site-packages/moveit_configs_utils/substitutions
[0.571s] copying /home/pran/Robot_Arm_ur5/build/moveit_configs_utils/build/lib/moveit_configs_utils/substitutions/__init__.py -> /home/pran/Robot_Arm_ur5/install/moveit_configs_utils/lib/python3.10/site-packages/moveit_configs_utils/substitutions
[0.571s] copying /home/pran/Robot_Arm_ur5/build/moveit_configs_utils/build/lib/moveit_configs_utils/moveit_configs_builder.py -> /home/pran/Robot_Arm_ur5/install/moveit_configs_utils/lib/python3.10/site-packages/moveit_configs_utils
[0.571s] copying /home/pran/Robot_Arm_ur5/build/moveit_configs_utils/build/lib/moveit_configs_utils/__init__.py -> /home/pran/Robot_Arm_ur5/install/moveit_configs_utils/lib/python3.10/site-packages/moveit_configs_utils
[0.571s] byte-compiling /home/pran/Robot_Arm_ur5/install/moveit_configs_utils/lib/python3.10/site-packages/moveit_configs_utils/launches.py to launches.cpython-310.pyc
[0.572s] byte-compiling /home/pran/Robot_Arm_ur5/install/moveit_configs_utils/lib/python3.10/site-packages/moveit_configs_utils/launch_utils.py to launch_utils.cpython-310.pyc
[0.572s] byte-compiling /home/pran/Robot_Arm_ur5/install/moveit_configs_utils/lib/python3.10/site-packages/moveit_configs_utils/substitutions/xacro.py to xacro.cpython-310.pyc
[0.573s] byte-compiling /home/pran/Robot_Arm_ur5/install/moveit_configs_utils/lib/python3.10/site-packages/moveit_configs_utils/substitutions/__init__.py to __init__.cpython-310.pyc
[0.573s] byte-compiling /home/pran/Robot_Arm_ur5/install/moveit_configs_utils/lib/python3.10/site-packages/moveit_configs_utils/moveit_configs_builder.py to moveit_configs_builder.cpython-310.pyc
[0.574s] byte-compiling /home/pran/Robot_Arm_ur5/install/moveit_configs_utils/lib/python3.10/site-packages/moveit_configs_utils/__init__.py to __init__.cpython-310.pyc
[0.575s] running install_data
[0.575s] creating /home/pran/Robot_Arm_ur5/install/moveit_configs_utils/share/ament_index
[0.575s] creating /home/pran/Robot_Arm_ur5/install/moveit_configs_utils/share/ament_index/resource_index
[0.575s] creating /home/pran/Robot_Arm_ur5/install/moveit_configs_utils/share/ament_index/resource_index/packages
[0.575s] copying resource/moveit_configs_utils -> /home/pran/Robot_Arm_ur5/install/moveit_configs_utils/share/ament_index/resource_index/packages
[0.575s] copying package.xml -> /home/pran/Robot_Arm_ur5/install/moveit_configs_utils/share/moveit_configs_utils
[0.575s] creating /home/pran/Robot_Arm_ur5/install/moveit_configs_utils/share/moveit_configs_utils/default_configs
[0.575s] copying default_configs/stomp_planning.yaml -> /home/pran/Robot_Arm_ur5/install/moveit_configs_utils/share/moveit_configs_utils/default_configs
[0.575s] copying default_configs/pilz_industrial_motion_planner_planning.yaml -> /home/pran/Robot_Arm_ur5/install/moveit_configs_utils/share/moveit_configs_utils/default_configs
[0.575s] copying default_configs/chomp_planning.yaml -> /home/pran/Robot_Arm_ur5/install/moveit_configs_utils/share/moveit_configs_utils/default_configs
[0.575s] copying default_configs/ompl_defaults.yaml -> /home/pran/Robot_Arm_ur5/install/moveit_configs_utils/share/moveit_configs_utils/default_configs
[0.575s] copying default_configs/ompl_planning.yaml -> /home/pran/Robot_Arm_ur5/install/moveit_configs_utils/share/moveit_configs_utils/default_configs
[0.575s] running install_egg_info
[0.576s] Copying ../../../build/moveit_configs_utils/moveit_configs_utils.egg-info to /home/pran/Robot_Arm_ur5/install/moveit_configs_utils/lib/python3.10/site-packages/moveit_configs_utils-2.14.1-py3.10.egg-info
[0.576s] running install_scripts
[0.589s] writing list of installed files to '/home/pran/Robot_Arm_ur5/build/moveit_configs_utils/install.log'
[0.605s] Invoked command in '/home/pran/Robot_Arm_ur5/src/moveit2/moveit_configs_utils' returned '0': PYTHONPATH=/home/pran/Robot_Arm_ur5/build/moveit_configs_utils/prefix_override:/usr/lib/python3/dist-packages/colcon_core/task/python/colcon_distutils_commands:/home/pran/Robot_Arm_ur5/install/moveit_configs_utils/lib/python3.10/site-packages:${PYTHONPATH} /usr/bin/python3 -W ignore:setup.py install is deprecated -W ignore:easy_install command is deprecated setup.py egg_info --egg-base ../../../build/moveit_configs_utils build --build-base /home/pran/Robot_Arm_ur5/build/moveit_configs_utils/build install --record /home/pran/Robot_Arm_ur5/build/moveit_configs_utils/install.log --single-version-externally-managed install_data
