/home/pran/Robot_Arm_ur5/install/moveit_configs_utils/lib/python3.10/site-packages/moveit_configs_utils/launches.py
/home/pran/Robot_Arm_ur5/install/moveit_configs_utils/lib/python3.10/site-packages/moveit_configs_utils/launch_utils.py
/home/pran/Robot_Arm_ur5/install/moveit_configs_utils/lib/python3.10/site-packages/moveit_configs_utils/moveit_configs_builder.py
/home/pran/Robot_Arm_ur5/install/moveit_configs_utils/lib/python3.10/site-packages/moveit_configs_utils/__init__.py
/home/pran/Robot_Arm_ur5/install/moveit_configs_utils/lib/python3.10/site-packages/moveit_configs_utils/substitutions/xacro.py
/home/pran/Robot_Arm_ur5/install/moveit_configs_utils/lib/python3.10/site-packages/moveit_configs_utils/substitutions/__init__.py
/home/pran/Robot_Arm_ur5/install/moveit_configs_utils/lib/python3.10/site-packages/moveit_configs_utils/__pycache__/launches.cpython-310.pyc
/home/pran/Robot_Arm_ur5/install/moveit_configs_utils/lib/python3.10/site-packages/moveit_configs_utils/__pycache__/launch_utils.cpython-310.pyc
/home/pran/Robot_Arm_ur5/install/moveit_configs_utils/lib/python3.10/site-packages/moveit_configs_utils/__pycache__/moveit_configs_builder.cpython-310.pyc
/home/pran/Robot_Arm_ur5/install/moveit_configs_utils/lib/python3.10/site-packages/moveit_configs_utils/__pycache__/__init__.cpython-310.pyc
/home/pran/Robot_Arm_ur5/install/moveit_configs_utils/lib/python3.10/site-packages/moveit_configs_utils/substitutions/__pycache__/xacro.cpython-310.pyc
/home/pran/Robot_Arm_ur5/install/moveit_configs_utils/lib/python3.10/site-packages/moveit_configs_utils/substitutions/__pycache__/__init__.cpython-310.pyc
/home/pran/Robot_Arm_ur5/install/moveit_configs_utils/share/ament_index/resource_index/packages/moveit_configs_utils
/home/pran/Robot_Arm_ur5/install/moveit_configs_utils/share/moveit_configs_utils/package.xml
/home/pran/Robot_Arm_ur5/install/moveit_configs_utils/share/moveit_configs_utils/default_configs/stomp_planning.yaml
/home/pran/Robot_Arm_ur5/install/moveit_configs_utils/share/moveit_configs_utils/default_configs/pilz_industrial_motion_planner_planning.yaml
/home/pran/Robot_Arm_ur5/install/moveit_configs_utils/share/moveit_configs_utils/default_configs/chomp_planning.yaml
/home/pran/Robot_Arm_ur5/install/moveit_configs_utils/share/moveit_configs_utils/default_configs/ompl_defaults.yaml
/home/pran/Robot_Arm_ur5/install/moveit_configs_utils/share/moveit_configs_utils/default_configs/ompl_planning.yaml
/home/pran/Robot_Arm_ur5/install/moveit_configs_utils/lib/python3.10/site-packages/moveit_configs_utils-2.14.1-py3.10.egg-info/top_level.txt
/home/pran/Robot_Arm_ur5/install/moveit_configs_utils/lib/python3.10/site-packages/moveit_configs_utils-2.14.1-py3.10.egg-info/entry_points.txt
/home/pran/Robot_Arm_ur5/install/moveit_configs_utils/lib/python3.10/site-packages/moveit_configs_utils-2.14.1-py3.10.egg-info/zip-safe
/home/pran/Robot_Arm_ur5/install/moveit_configs_utils/lib/python3.10/site-packages/moveit_configs_utils-2.14.1-py3.10.egg-info/SOURCES.txt
/home/pran/Robot_Arm_ur5/install/moveit_configs_utils/lib/python3.10/site-packages/moveit_configs_utils-2.14.1-py3.10.egg-info/dependency_links.txt
/home/pran/Robot_Arm_ur5/install/moveit_configs_utils/lib/python3.10/site-packages/moveit_configs_utils-2.14.1-py3.10.egg-info/requires.txt
/home/pran/Robot_Arm_ur5/install/moveit_configs_utils/lib/python3.10/site-packages/moveit_configs_utils-2.14.1-py3.10.egg-info/PKG-INFO
