[0.143s] Invoking command in '/home/pran/Robot_Arm_ur5/build/ur_dashboard_msgs': CMAKE_PREFIX_PATH=/opt/ros/humble /usr/bin/cmake --build /home/pran/Robot_Arm_ur5/build/ur_dashboard_msgs -- -j20 -l20
[0.170s] [35m[1mConsolidate compiler generated dependencies of target ur_dashboard_msgs__rosidl_generator_c[0m
[0.176s] [  0%] Built target ur_dashboard_msgs__cpp
[0.181s] [ 12%] Built target ur_dashboard_msgs__rosidl_generator_c
[0.182s] [ 12%] Built target ament_cmake_python_copy_ur_dashboard_msgs
[0.184s] [35m[1mConsolidate compiler generated dependencies of target ur_dashboard_msgs__rosidl_typesupport_cpp[0m
[0.184s] [35m[1mConsolidate compiler generated dependencies of target ur_dashboard_msgs__rosidl_typesupport_introspection_cpp[0m
[0.186s] [35m[1mConsolidate compiler generated dependencies of target ur_dashboard_msgs__rosidl_typesupport_fastrtps_cpp[0m
[0.188s] [35m[1mConsolidate compiler generated dependencies of target ur_dashboard_msgs__rosidl_typesupport_c[0m
[0.190s] [35m[1mConsolidate compiler generated dependencies of target ur_dashboard_msgs__rosidl_typesupport_introspection_c[0m
[0.190s] [35m[1mConsolidate compiler generated dependencies of target ur_dashboard_msgs__rosidl_typesupport_fastrtps_c[0m
[0.205s] [ 24%] Built target ur_dashboard_msgs__rosidl_typesupport_introspection_cpp
[0.206s] [ 36%] Built target ur_dashboard_msgs__rosidl_typesupport_cpp
[0.206s] [ 48%] Built target ur_dashboard_msgs__rosidl_typesupport_c
[0.206s] [ 60%] Built target ur_dashboard_msgs__rosidl_typesupport_introspection_c
[0.206s] [ 72%] Built target ur_dashboard_msgs__rosidl_typesupport_fastrtps_cpp
[0.209s] [ 84%] Built target ur_dashboard_msgs__rosidl_typesupport_fastrtps_c
[0.224s] [ 84%] Built target ur_dashboard_msgs
[0.242s] [ 85%] Built target ur_dashboard_msgs__py
[0.252s] [35m[1mConsolidate compiler generated dependencies of target ur_dashboard_msgs__rosidl_generator_py[0m
[0.267s] [ 96%] Built target ur_dashboard_msgs__rosidl_generator_py
[0.276s] [35m[1mConsolidate compiler generated dependencies of target ur_dashboard_msgs__rosidl_typesupport_fastrtps_c__pyext[0m
[0.276s] [35m[1mConsolidate compiler generated dependencies of target ur_dashboard_msgs__rosidl_typesupport_c__pyext[0m
[0.276s] [35m[1mConsolidate compiler generated dependencies of target ur_dashboard_msgs__rosidl_typesupport_introspection_c__pyext[0m
[0.286s] [ 97%] Built target ur_dashboard_msgs__rosidl_typesupport_fastrtps_c__pyext
[0.287s] [ 99%] Built target ur_dashboard_msgs__rosidl_typesupport_introspection_c__pyext
[0.287s] [100%] Built target ur_dashboard_msgs__rosidl_typesupport_c__pyext
[0.332s] running egg_info
[0.332s] writing ur_dashboard_msgs.egg-info/PKG-INFO
[0.333s] writing dependency_links to ur_dashboard_msgs.egg-info/dependency_links.txt
[0.333s] writing top-level names to ur_dashboard_msgs.egg-info/top_level.txt
[0.334s] reading manifest file 'ur_dashboard_msgs.egg-info/SOURCES.txt'
[0.334s] writing manifest file 'ur_dashboard_msgs.egg-info/SOURCES.txt'
[0.352s] [100%] Built target ament_cmake_python_build_ur_dashboard_msgs_egg
[0.364s] Invoked command in '/home/pran/Robot_Arm_ur5/build/ur_dashboard_msgs' returned '0': CMAKE_PREFIX_PATH=/opt/ros/humble /usr/bin/cmake --build /home/pran/Robot_Arm_ur5/build/ur_dashboard_msgs -- -j20 -l20
[0.365s] Invoking command in '/home/pran/Robot_Arm_ur5/build/ur_dashboard_msgs': CMAKE_PREFIX_PATH=/opt/ros/humble /usr/bin/cmake --install /home/pran/Robot_Arm_ur5/build/ur_dashboard_msgs
[0.371s] -- Install configuration: ""
[0.371s] -- Installing: /home/pran/Robot_Arm_ur5/install/ur_dashboard_msgs/share/ament_index/resource_index/rosidl_interfaces/ur_dashboard_msgs
[0.371s] -- Installing: /home/pran/Robot_Arm_ur5/install/ur_dashboard_msgs/include/ur_dashboard_msgs/ur_dashboard_msgs
[0.371s] -- Installing: /home/pran/Robot_Arm_ur5/install/ur_dashboard_msgs/include/ur_dashboard_msgs/ur_dashboard_msgs/srv
[0.371s] -- Installing: /home/pran/Robot_Arm_ur5/install/ur_dashboard_msgs/include/ur_dashboard_msgs/ur_dashboard_msgs/srv/get_safety_mode.h
[0.371s] -- Installing: /home/pran/Robot_Arm_ur5/install/ur_dashboard_msgs/include/ur_dashboard_msgs/ur_dashboard_msgs/srv/load.h
[0.371s] -- Installing: /home/pran/Robot_Arm_ur5/install/ur_dashboard_msgs/include/ur_dashboard_msgs/ur_dashboard_msgs/srv/popup.h
[0.371s] -- Installing: /home/pran/Robot_Arm_ur5/install/ur_dashboard_msgs/include/ur_dashboard_msgs/ur_dashboard_msgs/srv/is_program_running.h
[0.371s] -- Installing: /home/pran/Robot_Arm_ur5/install/ur_dashboard_msgs/include/ur_dashboard_msgs/ur_dashboard_msgs/srv/is_program_saved.h
[0.372s] -- Installing: /home/pran/Robot_Arm_ur5/install/ur_dashboard_msgs/include/ur_dashboard_msgs/ur_dashboard_msgs/srv/raw_request.h
[0.372s] -- Installing: /home/pran/Robot_Arm_ur5/install/ur_dashboard_msgs/include/ur_dashboard_msgs/ur_dashboard_msgs/srv/get_loaded_program.h
[0.372s] -- Installing: /home/pran/Robot_Arm_ur5/install/ur_dashboard_msgs/include/ur_dashboard_msgs/ur_dashboard_msgs/srv/is_in_remote_control.h
[0.372s] -- Installing: /home/pran/Robot_Arm_ur5/install/ur_dashboard_msgs/include/ur_dashboard_msgs/ur_dashboard_msgs/srv/get_robot_mode.h
[0.372s] -- Installing: /home/pran/Robot_Arm_ur5/install/ur_dashboard_msgs/include/ur_dashboard_msgs/ur_dashboard_msgs/srv/get_program_state.h
[0.372s] -- Installing: /home/pran/Robot_Arm_ur5/install/ur_dashboard_msgs/include/ur_dashboard_msgs/ur_dashboard_msgs/srv/detail
[0.372s] -- Installing: /home/pran/Robot_Arm_ur5/install/ur_dashboard_msgs/include/ur_dashboard_msgs/ur_dashboard_msgs/srv/detail/get_safety_mode__struct.h
[0.372s] -- Installing: /home/pran/Robot_Arm_ur5/install/ur_dashboard_msgs/include/ur_dashboard_msgs/ur_dashboard_msgs/srv/detail/raw_request__functions.c
[0.372s] -- Installing: /home/pran/Robot_Arm_ur5/install/ur_dashboard_msgs/include/ur_dashboard_msgs/ur_dashboard_msgs/srv/detail/get_loaded_program__type_support.h
[0.372s] -- Installing: /home/pran/Robot_Arm_ur5/install/ur_dashboard_msgs/include/ur_dashboard_msgs/ur_dashboard_msgs/srv/detail/is_program_saved__functions.c
[0.372s] -- Installing: /home/pran/Robot_Arm_ur5/install/ur_dashboard_msgs/include/ur_dashboard_msgs/ur_dashboard_msgs/srv/detail/load__struct.h
[0.373s] -- Installing: /home/pran/Robot_Arm_ur5/install/ur_dashboard_msgs/include/ur_dashboard_msgs/ur_dashboard_msgs/srv/detail/is_program_saved__struct.h
[0.373s] -- Installing: /home/pran/Robot_Arm_ur5/install/ur_dashboard_msgs/include/ur_dashboard_msgs/ur_dashboard_msgs/srv/detail/add_to_log__functions.h
[0.373s] -- Installing: /home/pran/Robot_Arm_ur5/install/ur_dashboard_msgs/include/ur_dashboard_msgs/ur_dashboard_msgs/srv/detail/get_loaded_program__functions.h
[0.373s] -- Installing: /home/pran/Robot_Arm_ur5/install/ur_dashboard_msgs/include/ur_dashboard_msgs/ur_dashboard_msgs/srv/detail/get_program_state__struct.h
[0.373s] -- Installing: /home/pran/Robot_Arm_ur5/install/ur_dashboard_msgs/include/ur_dashboard_msgs/ur_dashboard_msgs/srv/detail/popup__functions.c
[0.373s] -- Installing: /home/pran/Robot_Arm_ur5/install/ur_dashboard_msgs/include/ur_dashboard_msgs/ur_dashboard_msgs/srv/detail/get_program_state__functions.h
[0.373s] -- Installing: /home/pran/Robot_Arm_ur5/install/ur_dashboard_msgs/include/ur_dashboard_msgs/ur_dashboard_msgs/srv/detail/get_program_state__type_support.h
[0.373s] -- Installing: /home/pran/Robot_Arm_ur5/install/ur_dashboard_msgs/include/ur_dashboard_msgs/ur_dashboard_msgs/srv/detail/raw_request__type_support.h
[0.373s] -- Installing: /home/pran/Robot_Arm_ur5/install/ur_dashboard_msgs/include/ur_dashboard_msgs/ur_dashboard_msgs/srv/detail/is_in_remote_control__struct.h
[0.373s] -- Installing: /home/pran/Robot_Arm_ur5/install/ur_dashboard_msgs/include/ur_dashboard_msgs/ur_dashboard_msgs/srv/detail/get_loaded_program__functions.c
[0.373s] -- Installing: /home/pran/Robot_Arm_ur5/install/ur_dashboard_msgs/include/ur_dashboard_msgs/ur_dashboard_msgs/srv/detail/popup__type_support.h
[0.373s] -- Installing: /home/pran/Robot_Arm_ur5/install/ur_dashboard_msgs/include/ur_dashboard_msgs/ur_dashboard_msgs/srv/detail/is_program_saved__type_support.h
[0.373s] -- Installing: /home/pran/Robot_Arm_ur5/install/ur_dashboard_msgs/include/ur_dashboard_msgs/ur_dashboard_msgs/srv/detail/is_program_running__struct.h
[0.373s] -- Installing: /home/pran/Robot_Arm_ur5/install/ur_dashboard_msgs/include/ur_dashboard_msgs/ur_dashboard_msgs/srv/detail/get_loaded_program__struct.h
[0.373s] -- Installing: /home/pran/Robot_Arm_ur5/install/ur_dashboard_msgs/include/ur_dashboard_msgs/ur_dashboard_msgs/srv/detail/get_safety_mode__functions.c
[0.373s] -- Installing: /home/pran/Robot_Arm_ur5/install/ur_dashboard_msgs/include/ur_dashboard_msgs/ur_dashboard_msgs/srv/detail/get_safety_mode__functions.h
[0.373s] -- Installing: /home/pran/Robot_Arm_ur5/install/ur_dashboard_msgs/include/ur_dashboard_msgs/ur_dashboard_msgs/srv/detail/popup__struct.h
[0.373s] -- Installing: /home/pran/Robot_Arm_ur5/install/ur_dashboard_msgs/include/ur_dashboard_msgs/ur_dashboard_msgs/srv/detail/raw_request__functions.h
[0.373s] -- Installing: /home/pran/Robot_Arm_ur5/install/ur_dashboard_msgs/include/ur_dashboard_msgs/ur_dashboard_msgs/srv/detail/load__type_support.h
[0.373s] -- Installing: /home/pran/Robot_Arm_ur5/install/ur_dashboard_msgs/include/ur_dashboard_msgs/ur_dashboard_msgs/srv/detail/add_to_log__struct.h
[0.373s] -- Installing: /home/pran/Robot_Arm_ur5/install/ur_dashboard_msgs/include/ur_dashboard_msgs/ur_dashboard_msgs/srv/detail/load__functions.h
[0.373s] -- Installing: /home/pran/Robot_Arm_ur5/install/ur_dashboard_msgs/include/ur_dashboard_msgs/ur_dashboard_msgs/srv/detail/get_robot_mode__functions.h
[0.373s] -- Installing: /home/pran/Robot_Arm_ur5/install/ur_dashboard_msgs/include/ur_dashboard_msgs/ur_dashboard_msgs/srv/detail/is_in_remote_control__functions.c
[0.373s] -- Installing: /home/pran/Robot_Arm_ur5/install/ur_dashboard_msgs/include/ur_dashboard_msgs/ur_dashboard_msgs/srv/detail/add_to_log__type_support.h
[0.373s] -- Installing: /home/pran/Robot_Arm_ur5/install/ur_dashboard_msgs/include/ur_dashboard_msgs/ur_dashboard_msgs/srv/detail/raw_request__struct.h
[0.373s] -- Installing: /home/pran/Robot_Arm_ur5/install/ur_dashboard_msgs/include/ur_dashboard_msgs/ur_dashboard_msgs/srv/detail/is_program_running__functions.c
[0.373s] -- Installing: /home/pran/Robot_Arm_ur5/install/ur_dashboard_msgs/include/ur_dashboard_msgs/ur_dashboard_msgs/srv/detail/load__functions.c
[0.373s] -- Installing: /home/pran/Robot_Arm_ur5/install/ur_dashboard_msgs/include/ur_dashboard_msgs/ur_dashboard_msgs/srv/detail/is_program_running__functions.h
[0.373s] -- Installing: /home/pran/Robot_Arm_ur5/install/ur_dashboard_msgs/include/ur_dashboard_msgs/ur_dashboard_msgs/srv/detail/get_program_state__functions.c
[0.374s] -- Installing: /home/pran/Robot_Arm_ur5/install/ur_dashboard_msgs/include/ur_dashboard_msgs/ur_dashboard_msgs/srv/detail/add_to_log__functions.c
[0.374s] -- Installing: /home/pran/Robot_Arm_ur5/install/ur_dashboard_msgs/include/ur_dashboard_msgs/ur_dashboard_msgs/srv/detail/is_in_remote_control__functions.h
[0.374s] -- Installing: /home/pran/Robot_Arm_ur5/install/ur_dashboard_msgs/include/ur_dashboard_msgs/ur_dashboard_msgs/srv/detail/popup__functions.h
[0.374s] -- Installing: /home/pran/Robot_Arm_ur5/install/ur_dashboard_msgs/include/ur_dashboard_msgs/ur_dashboard_msgs/srv/detail/get_safety_mode__type_support.h
[0.374s] -- Installing: /home/pran/Robot_Arm_ur5/install/ur_dashboard_msgs/include/ur_dashboard_msgs/ur_dashboard_msgs/srv/detail/get_robot_mode__type_support.h
[0.374s] -- Installing: /home/pran/Robot_Arm_ur5/install/ur_dashboard_msgs/include/ur_dashboard_msgs/ur_dashboard_msgs/srv/detail/is_program_running__type_support.h
[0.374s] -- Installing: /home/pran/Robot_Arm_ur5/install/ur_dashboard_msgs/include/ur_dashboard_msgs/ur_dashboard_msgs/srv/detail/get_robot_mode__functions.c
[0.374s] -- Installing: /home/pran/Robot_Arm_ur5/install/ur_dashboard_msgs/include/ur_dashboard_msgs/ur_dashboard_msgs/srv/detail/is_program_saved__functions.h
[0.374s] -- Installing: /home/pran/Robot_Arm_ur5/install/ur_dashboard_msgs/include/ur_dashboard_msgs/ur_dashboard_msgs/srv/detail/is_in_remote_control__type_support.h
[0.374s] -- Installing: /home/pran/Robot_Arm_ur5/install/ur_dashboard_msgs/include/ur_dashboard_msgs/ur_dashboard_msgs/srv/detail/get_robot_mode__struct.h
[0.374s] -- Installing: /home/pran/Robot_Arm_ur5/install/ur_dashboard_msgs/include/ur_dashboard_msgs/ur_dashboard_msgs/srv/add_to_log.h
[0.374s] -- Installing: /home/pran/Robot_Arm_ur5/install/ur_dashboard_msgs/include/ur_dashboard_msgs/ur_dashboard_msgs/action
[0.374s] -- Installing: /home/pran/Robot_Arm_ur5/install/ur_dashboard_msgs/include/ur_dashboard_msgs/ur_dashboard_msgs/action/set_mode.h
[0.374s] -- Installing: /home/pran/Robot_Arm_ur5/install/ur_dashboard_msgs/include/ur_dashboard_msgs/ur_dashboard_msgs/action/detail
[0.374s] -- Installing: /home/pran/Robot_Arm_ur5/install/ur_dashboard_msgs/include/ur_dashboard_msgs/ur_dashboard_msgs/action/detail/set_mode__struct.h
[0.374s] -- Installing: /home/pran/Robot_Arm_ur5/install/ur_dashboard_msgs/include/ur_dashboard_msgs/ur_dashboard_msgs/action/detail/set_mode__functions.h
[0.374s] -- Installing: /home/pran/Robot_Arm_ur5/install/ur_dashboard_msgs/include/ur_dashboard_msgs/ur_dashboard_msgs/action/detail/set_mode__type_support.h
[0.374s] -- Installing: /home/pran/Robot_Arm_ur5/install/ur_dashboard_msgs/include/ur_dashboard_msgs/ur_dashboard_msgs/action/detail/set_mode__functions.c
[0.374s] -- Installing: /home/pran/Robot_Arm_ur5/install/ur_dashboard_msgs/include/ur_dashboard_msgs/ur_dashboard_msgs/msg
[0.374s] -- Installing: /home/pran/Robot_Arm_ur5/install/ur_dashboard_msgs/include/ur_dashboard_msgs/ur_dashboard_msgs/msg/rosidl_generator_c__visibility_control.h
[0.374s] -- Installing: /home/pran/Robot_Arm_ur5/install/ur_dashboard_msgs/include/ur_dashboard_msgs/ur_dashboard_msgs/msg/safety_mode.h
[0.374s] -- Installing: /home/pran/Robot_Arm_ur5/install/ur_dashboard_msgs/include/ur_dashboard_msgs/ur_dashboard_msgs/msg/program_state.h
[0.374s] -- Installing: /home/pran/Robot_Arm_ur5/install/ur_dashboard_msgs/include/ur_dashboard_msgs/ur_dashboard_msgs/msg/robot_mode.h
[0.374s] -- Installing: /home/pran/Robot_Arm_ur5/install/ur_dashboard_msgs/include/ur_dashboard_msgs/ur_dashboard_msgs/msg/detail
[0.374s] -- Installing: /home/pran/Robot_Arm_ur5/install/ur_dashboard_msgs/include/ur_dashboard_msgs/ur_dashboard_msgs/msg/detail/safety_mode__struct.h
[0.374s] -- Installing: /home/pran/Robot_Arm_ur5/install/ur_dashboard_msgs/include/ur_dashboard_msgs/ur_dashboard_msgs/msg/detail/robot_mode__struct.h
[0.374s] -- Installing: /home/pran/Robot_Arm_ur5/install/ur_dashboard_msgs/include/ur_dashboard_msgs/ur_dashboard_msgs/msg/detail/robot_mode__functions.c
[0.374s] -- Installing: /home/pran/Robot_Arm_ur5/install/ur_dashboard_msgs/include/ur_dashboard_msgs/ur_dashboard_msgs/msg/detail/safety_mode__functions.c
[0.374s] -- Installing: /home/pran/Robot_Arm_ur5/install/ur_dashboard_msgs/include/ur_dashboard_msgs/ur_dashboard_msgs/msg/detail/program_state__functions.h
[0.374s] -- Installing: /home/pran/Robot_Arm_ur5/install/ur_dashboard_msgs/include/ur_dashboard_msgs/ur_dashboard_msgs/msg/detail/program_state__struct.h
[0.374s] -- Installing: /home/pran/Robot_Arm_ur5/install/ur_dashboard_msgs/include/ur_dashboard_msgs/ur_dashboard_msgs/msg/detail/safety_mode__type_support.h
[0.374s] -- Installing: /home/pran/Robot_Arm_ur5/install/ur_dashboard_msgs/include/ur_dashboard_msgs/ur_dashboard_msgs/msg/detail/robot_mode__functions.h
[0.375s] -- Installing: /home/pran/Robot_Arm_ur5/install/ur_dashboard_msgs/include/ur_dashboard_msgs/ur_dashboard_msgs/msg/detail/safety_mode__functions.h
[0.375s] -- Installing: /home/pran/Robot_Arm_ur5/install/ur_dashboard_msgs/include/ur_dashboard_msgs/ur_dashboard_msgs/msg/detail/robot_mode__type_support.h
[0.375s] -- Installing: /home/pran/Robot_Arm_ur5/install/ur_dashboard_msgs/include/ur_dashboard_msgs/ur_dashboard_msgs/msg/detail/program_state__functions.c
[0.375s] -- Installing: /home/pran/Robot_Arm_ur5/install/ur_dashboard_msgs/include/ur_dashboard_msgs/ur_dashboard_msgs/msg/detail/program_state__type_support.h
[0.375s] -- Installing: /home/pran/Robot_Arm_ur5/install/ur_dashboard_msgs/share/ur_dashboard_msgs/environment/library_path.sh
[0.375s] -- Installing: /home/pran/Robot_Arm_ur5/install/ur_dashboard_msgs/share/ur_dashboard_msgs/environment/library_path.dsv
[0.375s] -- Installing: /home/pran/Robot_Arm_ur5/install/ur_dashboard_msgs/lib/libur_dashboard_msgs__rosidl_generator_c.so
[0.375s] -- Set runtime path of "/home/pran/Robot_Arm_ur5/install/ur_dashboard_msgs/lib/libur_dashboard_msgs__rosidl_generator_c.so" to ""
[0.375s] -- Up-to-date: /home/pran/Robot_Arm_ur5/install/ur_dashboard_msgs/include/ur_dashboard_msgs/ur_dashboard_msgs
[0.375s] -- Up-to-date: /home/pran/Robot_Arm_ur5/install/ur_dashboard_msgs/include/ur_dashboard_msgs/ur_dashboard_msgs/srv
[0.375s] -- Up-to-date: /home/pran/Robot_Arm_ur5/install/ur_dashboard_msgs/include/ur_dashboard_msgs/ur_dashboard_msgs/srv/detail
[0.375s] -- Installing: /home/pran/Robot_Arm_ur5/install/ur_dashboard_msgs/include/ur_dashboard_msgs/ur_dashboard_msgs/srv/detail/is_program_running__rosidl_typesupport_fastrtps_c.h
[0.375s] -- Installing: /home/pran/Robot_Arm_ur5/install/ur_dashboard_msgs/include/ur_dashboard_msgs/ur_dashboard_msgs/srv/detail/get_robot_mode__rosidl_typesupport_fastrtps_c.h
[0.375s] -- Installing: /home/pran/Robot_Arm_ur5/install/ur_dashboard_msgs/include/ur_dashboard_msgs/ur_dashboard_msgs/srv/detail/popup__rosidl_typesupport_fastrtps_c.h
[0.375s] -- Installing: /home/pran/Robot_Arm_ur5/install/ur_dashboard_msgs/include/ur_dashboard_msgs/ur_dashboard_msgs/srv/detail/is_program_saved__rosidl_typesupport_fastrtps_c.h
[0.375s] -- Installing: /home/pran/Robot_Arm_ur5/install/ur_dashboard_msgs/include/ur_dashboard_msgs/ur_dashboard_msgs/srv/detail/raw_request__rosidl_typesupport_fastrtps_c.h
[0.375s] -- Installing: /home/pran/Robot_Arm_ur5/install/ur_dashboard_msgs/include/ur_dashboard_msgs/ur_dashboard_msgs/srv/detail/get_loaded_program__rosidl_typesupport_fastrtps_c.h
[0.375s] -- Installing: /home/pran/Robot_Arm_ur5/install/ur_dashboard_msgs/include/ur_dashboard_msgs/ur_dashboard_msgs/srv/detail/get_program_state__rosidl_typesupport_fastrtps_c.h
[0.375s] -- Installing: /home/pran/Robot_Arm_ur5/install/ur_dashboard_msgs/include/ur_dashboard_msgs/ur_dashboard_msgs/srv/detail/add_to_log__rosidl_typesupport_fastrtps_c.h
[0.375s] -- Installing: /home/pran/Robot_Arm_ur5/install/ur_dashboard_msgs/include/ur_dashboard_msgs/ur_dashboard_msgs/srv/detail/get_safety_mode__rosidl_typesupport_fastrtps_c.h
[0.375s] -- Installing: /home/pran/Robot_Arm_ur5/install/ur_dashboard_msgs/include/ur_dashboard_msgs/ur_dashboard_msgs/srv/detail/is_in_remote_control__rosidl_typesupport_fastrtps_c.h
[0.375s] -- Installing: /home/pran/Robot_Arm_ur5/install/ur_dashboard_msgs/include/ur_dashboard_msgs/ur_dashboard_msgs/srv/detail/load__rosidl_typesupport_fastrtps_c.h
[0.375s] -- Up-to-date: /home/pran/Robot_Arm_ur5/install/ur_dashboard_msgs/include/ur_dashboard_msgs/ur_dashboard_msgs/action
[0.375s] -- Up-to-date: /home/pran/Robot_Arm_ur5/install/ur_dashboard_msgs/include/ur_dashboard_msgs/ur_dashboard_msgs/action/detail
[0.375s] -- Installing: /home/pran/Robot_Arm_ur5/install/ur_dashboard_msgs/include/ur_dashboard_msgs/ur_dashboard_msgs/action/detail/set_mode__rosidl_typesupport_fastrtps_c.h
[0.375s] -- Up-to-date: /home/pran/Robot_Arm_ur5/install/ur_dashboard_msgs/include/ur_dashboard_msgs/ur_dashboard_msgs/msg
[0.375s] -- Installing: /home/pran/Robot_Arm_ur5/install/ur_dashboard_msgs/include/ur_dashboard_msgs/ur_dashboard_msgs/msg/rosidl_typesupport_fastrtps_c__visibility_control.h
[0.375s] -- Up-to-date: /home/pran/Robot_Arm_ur5/install/ur_dashboard_msgs/include/ur_dashboard_msgs/ur_dashboard_msgs/msg/detail
[0.375s] -- Installing: /home/pran/Robot_Arm_ur5/install/ur_dashboard_msgs/include/ur_dashboard_msgs/ur_dashboard_msgs/msg/detail/program_state__rosidl_typesupport_fastrtps_c.h
[0.376s] -- Installing: /home/pran/Robot_Arm_ur5/install/ur_dashboard_msgs/include/ur_dashboard_msgs/ur_dashboard_msgs/msg/detail/safety_mode__rosidl_typesupport_fastrtps_c.h
[0.376s] -- Installing: /home/pran/Robot_Arm_ur5/install/ur_dashboard_msgs/include/ur_dashboard_msgs/ur_dashboard_msgs/msg/detail/robot_mode__rosidl_typesupport_fastrtps_c.h
[0.376s] -- Installing: /home/pran/Robot_Arm_ur5/install/ur_dashboard_msgs/lib/libur_dashboard_msgs__rosidl_typesupport_fastrtps_c.so
[0.376s] -- Set runtime path of "/home/pran/Robot_Arm_ur5/install/ur_dashboard_msgs/lib/libur_dashboard_msgs__rosidl_typesupport_fastrtps_c.so" to ""
[0.376s] -- Up-to-date: /home/pran/Robot_Arm_ur5/install/ur_dashboard_msgs/include/ur_dashboard_msgs/ur_dashboard_msgs
[0.376s] -- Up-to-date: /home/pran/Robot_Arm_ur5/install/ur_dashboard_msgs/include/ur_dashboard_msgs/ur_dashboard_msgs/srv
[0.376s] -- Up-to-date: /home/pran/Robot_Arm_ur5/install/ur_dashboard_msgs/include/ur_dashboard_msgs/ur_dashboard_msgs/srv/detail
[0.376s] -- Installing: /home/pran/Robot_Arm_ur5/install/ur_dashboard_msgs/include/ur_dashboard_msgs/ur_dashboard_msgs/srv/detail/popup__rosidl_typesupport_introspection_c.h
[0.376s] -- Installing: /home/pran/Robot_Arm_ur5/install/ur_dashboard_msgs/include/ur_dashboard_msgs/ur_dashboard_msgs/srv/detail/get_loaded_program__rosidl_typesupport_introspection_c.h
[0.376s] -- Installing: /home/pran/Robot_Arm_ur5/install/ur_dashboard_msgs/include/ur_dashboard_msgs/ur_dashboard_msgs/srv/detail/get_robot_mode__type_support.c
[0.376s] -- Installing: /home/pran/Robot_Arm_ur5/install/ur_dashboard_msgs/include/ur_dashboard_msgs/ur_dashboard_msgs/srv/detail/add_to_log__type_support.c
[0.376s] -- Installing: /home/pran/Robot_Arm_ur5/install/ur_dashboard_msgs/include/ur_dashboard_msgs/ur_dashboard_msgs/srv/detail/is_program_running__rosidl_typesupport_introspection_c.h
[0.376s] -- Installing: /home/pran/Robot_Arm_ur5/install/ur_dashboard_msgs/include/ur_dashboard_msgs/ur_dashboard_msgs/srv/detail/load__rosidl_typesupport_introspection_c.h
[0.376s] -- Installing: /home/pran/Robot_Arm_ur5/install/ur_dashboard_msgs/include/ur_dashboard_msgs/ur_dashboard_msgs/srv/detail/get_robot_mode__rosidl_typesupport_introspection_c.h
[0.376s] -- Installing: /home/pran/Robot_Arm_ur5/install/ur_dashboard_msgs/include/ur_dashboard_msgs/ur_dashboard_msgs/srv/detail/get_safety_mode__type_support.c
[0.376s] -- Installing: /home/pran/Robot_Arm_ur5/install/ur_dashboard_msgs/include/ur_dashboard_msgs/ur_dashboard_msgs/srv/detail/load__type_support.c
[0.376s] -- Installing: /home/pran/Robot_Arm_ur5/install/ur_dashboard_msgs/include/ur_dashboard_msgs/ur_dashboard_msgs/srv/detail/is_in_remote_control__type_support.c
[0.376s] -- Installing: /home/pran/Robot_Arm_ur5/install/ur_dashboard_msgs/include/ur_dashboard_msgs/ur_dashboard_msgs/srv/detail/is_program_running__type_support.c
[0.376s] -- Installing: /home/pran/Robot_Arm_ur5/install/ur_dashboard_msgs/include/ur_dashboard_msgs/ur_dashboard_msgs/srv/detail/is_in_remote_control__rosidl_typesupport_introspection_c.h
[0.376s] -- Installing: /home/pran/Robot_Arm_ur5/install/ur_dashboard_msgs/include/ur_dashboard_msgs/ur_dashboard_msgs/srv/detail/popup__type_support.c
[0.376s] -- Installing: /home/pran/Robot_Arm_ur5/install/ur_dashboard_msgs/include/ur_dashboard_msgs/ur_dashboard_msgs/srv/detail/raw_request__rosidl_typesupport_introspection_c.h
[0.376s] -- Installing: /home/pran/Robot_Arm_ur5/install/ur_dashboard_msgs/include/ur_dashboard_msgs/ur_dashboard_msgs/srv/detail/get_program_state__type_support.c
[0.376s] -- Installing: /home/pran/Robot_Arm_ur5/install/ur_dashboard_msgs/include/ur_dashboard_msgs/ur_dashboard_msgs/srv/detail/get_program_state__rosidl_typesupport_introspection_c.h
[0.376s] -- Installing: /home/pran/Robot_Arm_ur5/install/ur_dashboard_msgs/include/ur_dashboard_msgs/ur_dashboard_msgs/srv/detail/raw_request__type_support.c
[0.376s] -- Installing: /home/pran/Robot_Arm_ur5/install/ur_dashboard_msgs/include/ur_dashboard_msgs/ur_dashboard_msgs/srv/detail/get_safety_mode__rosidl_typesupport_introspection_c.h
[0.376s] -- Installing: /home/pran/Robot_Arm_ur5/install/ur_dashboard_msgs/include/ur_dashboard_msgs/ur_dashboard_msgs/srv/detail/add_to_log__rosidl_typesupport_introspection_c.h
[0.377s] -- Installing: /home/pran/Robot_Arm_ur5/install/ur_dashboard_msgs/include/ur_dashboard_msgs/ur_dashboard_msgs/srv/detail/is_program_saved__rosidl_typesupport_introspection_c.h
[0.377s] -- Installing: /home/pran/Robot_Arm_ur5/install/ur_dashboard_msgs/include/ur_dashboard_msgs/ur_dashboard_msgs/srv/detail/get_loaded_program__type_support.c
[0.377s] -- Installing: /home/pran/Robot_Arm_ur5/install/ur_dashboard_msgs/include/ur_dashboard_msgs/ur_dashboard_msgs/srv/detail/is_program_saved__type_support.c
[0.377s] -- Up-to-date: /home/pran/Robot_Arm_ur5/install/ur_dashboard_msgs/include/ur_dashboard_msgs/ur_dashboard_msgs/action
[0.377s] -- Up-to-date: /home/pran/Robot_Arm_ur5/install/ur_dashboard_msgs/include/ur_dashboard_msgs/ur_dashboard_msgs/action/detail
[0.377s] -- Installing: /home/pran/Robot_Arm_ur5/install/ur_dashboard_msgs/include/ur_dashboard_msgs/ur_dashboard_msgs/action/detail/set_mode__rosidl_typesupport_introspection_c.h
[0.377s] -- Installing: /home/pran/Robot_Arm_ur5/install/ur_dashboard_msgs/include/ur_dashboard_msgs/ur_dashboard_msgs/action/detail/set_mode__type_support.c
[0.377s] -- Up-to-date: /home/pran/Robot_Arm_ur5/install/ur_dashboard_msgs/include/ur_dashboard_msgs/ur_dashboard_msgs/msg
[0.377s] -- Installing: /home/pran/Robot_Arm_ur5/install/ur_dashboard_msgs/include/ur_dashboard_msgs/ur_dashboard_msgs/msg/rosidl_typesupport_introspection_c__visibility_control.h
[0.377s] -- Up-to-date: /home/pran/Robot_Arm_ur5/install/ur_dashboard_msgs/include/ur_dashboard_msgs/ur_dashboard_msgs/msg/detail
[0.377s] -- Installing: /home/pran/Robot_Arm_ur5/install/ur_dashboard_msgs/include/ur_dashboard_msgs/ur_dashboard_msgs/msg/detail/robot_mode__type_support.c
[0.377s] -- Installing: /home/pran/Robot_Arm_ur5/install/ur_dashboard_msgs/include/ur_dashboard_msgs/ur_dashboard_msgs/msg/detail/robot_mode__rosidl_typesupport_introspection_c.h
[0.377s] -- Installing: /home/pran/Robot_Arm_ur5/install/ur_dashboard_msgs/include/ur_dashboard_msgs/ur_dashboard_msgs/msg/detail/program_state__type_support.c
[0.377s] -- Installing: /home/pran/Robot_Arm_ur5/install/ur_dashboard_msgs/include/ur_dashboard_msgs/ur_dashboard_msgs/msg/detail/safety_mode__type_support.c
[0.377s] -- Installing: /home/pran/Robot_Arm_ur5/install/ur_dashboard_msgs/include/ur_dashboard_msgs/ur_dashboard_msgs/msg/detail/program_state__rosidl_typesupport_introspection_c.h
[0.377s] -- Installing: /home/pran/Robot_Arm_ur5/install/ur_dashboard_msgs/include/ur_dashboard_msgs/ur_dashboard_msgs/msg/detail/safety_mode__rosidl_typesupport_introspection_c.h
[0.377s] -- Installing: /home/pran/Robot_Arm_ur5/install/ur_dashboard_msgs/lib/libur_dashboard_msgs__rosidl_typesupport_introspection_c.so
[0.377s] -- Set runtime path of "/home/pran/Robot_Arm_ur5/install/ur_dashboard_msgs/lib/libur_dashboard_msgs__rosidl_typesupport_introspection_c.so" to ""
[0.377s] -- Installing: /home/pran/Robot_Arm_ur5/install/ur_dashboard_msgs/lib/libur_dashboard_msgs__rosidl_typesupport_c.so
[0.378s] -- Set runtime path of "/home/pran/Robot_Arm_ur5/install/ur_dashboard_msgs/lib/libur_dashboard_msgs__rosidl_typesupport_c.so" to ""
[0.378s] -- Up-to-date: /home/pran/Robot_Arm_ur5/install/ur_dashboard_msgs/include/ur_dashboard_msgs/ur_dashboard_msgs
[0.378s] -- Up-to-date: /home/pran/Robot_Arm_ur5/install/ur_dashboard_msgs/include/ur_dashboard_msgs/ur_dashboard_msgs/srv
[0.378s] -- Installing: /home/pran/Robot_Arm_ur5/install/ur_dashboard_msgs/include/ur_dashboard_msgs/ur_dashboard_msgs/srv/is_program_saved.hpp
[0.378s] -- Installing: /home/pran/Robot_Arm_ur5/install/ur_dashboard_msgs/include/ur_dashboard_msgs/ur_dashboard_msgs/srv/get_robot_mode.hpp
[0.378s] -- Installing: /home/pran/Robot_Arm_ur5/install/ur_dashboard_msgs/include/ur_dashboard_msgs/ur_dashboard_msgs/srv/add_to_log.hpp
[0.378s] -- Installing: /home/pran/Robot_Arm_ur5/install/ur_dashboard_msgs/include/ur_dashboard_msgs/ur_dashboard_msgs/srv/popup.hpp
[0.378s] -- Installing: /home/pran/Robot_Arm_ur5/install/ur_dashboard_msgs/include/ur_dashboard_msgs/ur_dashboard_msgs/srv/is_program_running.hpp
[0.378s] -- Installing: /home/pran/Robot_Arm_ur5/install/ur_dashboard_msgs/include/ur_dashboard_msgs/ur_dashboard_msgs/srv/get_loaded_program.hpp
[0.378s] -- Installing: /home/pran/Robot_Arm_ur5/install/ur_dashboard_msgs/include/ur_dashboard_msgs/ur_dashboard_msgs/srv/load.hpp
[0.378s] -- Installing: /home/pran/Robot_Arm_ur5/install/ur_dashboard_msgs/include/ur_dashboard_msgs/ur_dashboard_msgs/srv/is_in_remote_control.hpp
[0.378s] -- Installing: /home/pran/Robot_Arm_ur5/install/ur_dashboard_msgs/include/ur_dashboard_msgs/ur_dashboard_msgs/srv/get_program_state.hpp
[0.378s] -- Installing: /home/pran/Robot_Arm_ur5/install/ur_dashboard_msgs/include/ur_dashboard_msgs/ur_dashboard_msgs/srv/get_safety_mode.hpp
[0.378s] -- Installing: /home/pran/Robot_Arm_ur5/install/ur_dashboard_msgs/include/ur_dashboard_msgs/ur_dashboard_msgs/srv/raw_request.hpp
[0.378s] -- Up-to-date: /home/pran/Robot_Arm_ur5/install/ur_dashboard_msgs/include/ur_dashboard_msgs/ur_dashboard_msgs/srv/detail
[0.378s] -- Installing: /home/pran/Robot_Arm_ur5/install/ur_dashboard_msgs/include/ur_dashboard_msgs/ur_dashboard_msgs/srv/detail/is_program_saved__type_support.hpp
[0.378s] -- Installing: /home/pran/Robot_Arm_ur5/install/ur_dashboard_msgs/include/ur_dashboard_msgs/ur_dashboard_msgs/srv/detail/popup__builder.hpp
[0.378s] -- Installing: /home/pran/Robot_Arm_ur5/install/ur_dashboard_msgs/include/ur_dashboard_msgs/ur_dashboard_msgs/srv/detail/is_program_saved__builder.hpp
[0.378s] -- Installing: /home/pran/Robot_Arm_ur5/install/ur_dashboard_msgs/include/ur_dashboard_msgs/ur_dashboard_msgs/srv/detail/load__struct.hpp
[0.378s] -- Installing: /home/pran/Robot_Arm_ur5/install/ur_dashboard_msgs/include/ur_dashboard_msgs/ur_dashboard_msgs/srv/detail/is_program_saved__struct.hpp
[0.378s] -- Installing: /home/pran/Robot_Arm_ur5/install/ur_dashboard_msgs/include/ur_dashboard_msgs/ur_dashboard_msgs/srv/detail/get_safety_mode__struct.hpp
[0.378s] -- Installing: /home/pran/Robot_Arm_ur5/install/ur_dashboard_msgs/include/ur_dashboard_msgs/ur_dashboard_msgs/srv/detail/get_robot_mode__type_support.hpp
[0.378s] -- Installing: /home/pran/Robot_Arm_ur5/install/ur_dashboard_msgs/include/ur_dashboard_msgs/ur_dashboard_msgs/srv/detail/is_program_running__traits.hpp
[0.378s] -- Installing: /home/pran/Robot_Arm_ur5/install/ur_dashboard_msgs/include/ur_dashboard_msgs/ur_dashboard_msgs/srv/detail/add_to_log__builder.hpp
[0.379s] -- Installing: /home/pran/Robot_Arm_ur5/install/ur_dashboard_msgs/include/ur_dashboard_msgs/ur_dashboard_msgs/srv/detail/get_safety_mode__traits.hpp
[0.379s] -- Installing: /home/pran/Robot_Arm_ur5/install/ur_dashboard_msgs/include/ur_dashboard_msgs/ur_dashboard_msgs/srv/detail/get_loaded_program__type_support.hpp
[0.379s] -- Installing: /home/pran/Robot_Arm_ur5/install/ur_dashboard_msgs/include/ur_dashboard_msgs/ur_dashboard_msgs/srv/detail/popup__type_support.hpp
[0.379s] -- Installing: /home/pran/Robot_Arm_ur5/install/ur_dashboard_msgs/include/ur_dashboard_msgs/ur_dashboard_msgs/srv/detail/get_robot_mode__builder.hpp
[0.379s] -- Installing: /home/pran/Robot_Arm_ur5/install/ur_dashboard_msgs/include/ur_dashboard_msgs/ur_dashboard_msgs/srv/detail/get_robot_mode__traits.hpp
[0.379s] -- Installing: /home/pran/Robot_Arm_ur5/install/ur_dashboard_msgs/include/ur_dashboard_msgs/ur_dashboard_msgs/srv/detail/get_loaded_program__builder.hpp
[0.379s] -- Installing: /home/pran/Robot_Arm_ur5/install/ur_dashboard_msgs/include/ur_dashboard_msgs/ur_dashboard_msgs/srv/detail/get_program_state__builder.hpp
[0.379s] -- Installing: /home/pran/Robot_Arm_ur5/install/ur_dashboard_msgs/include/ur_dashboard_msgs/ur_dashboard_msgs/srv/detail/get_loaded_program__traits.hpp
[0.379s] -- Installing: /home/pran/Robot_Arm_ur5/install/ur_dashboard_msgs/include/ur_dashboard_msgs/ur_dashboard_msgs/srv/detail/is_in_remote_control__type_support.hpp
[0.379s] -- Installing: /home/pran/Robot_Arm_ur5/install/ur_dashboard_msgs/include/ur_dashboard_msgs/ur_dashboard_msgs/srv/detail/add_to_log__struct.hpp
[0.379s] -- Installing: /home/pran/Robot_Arm_ur5/install/ur_dashboard_msgs/include/ur_dashboard_msgs/ur_dashboard_msgs/srv/detail/is_in_remote_control__builder.hpp
[0.379s] -- Installing: /home/pran/Robot_Arm_ur5/install/ur_dashboard_msgs/include/ur_dashboard_msgs/ur_dashboard_msgs/srv/detail/raw_request__type_support.hpp
[0.379s] -- Installing: /home/pran/Robot_Arm_ur5/install/ur_dashboard_msgs/include/ur_dashboard_msgs/ur_dashboard_msgs/srv/detail/is_in_remote_control__struct.hpp
[0.379s] -- Installing: /home/pran/Robot_Arm_ur5/install/ur_dashboard_msgs/include/ur_dashboard_msgs/ur_dashboard_msgs/srv/detail/get_robot_mode__struct.hpp
[0.379s] -- Installing: /home/pran/Robot_Arm_ur5/install/ur_dashboard_msgs/include/ur_dashboard_msgs/ur_dashboard_msgs/srv/detail/get_loaded_program__struct.hpp
[0.379s] -- Installing: /home/pran/Robot_Arm_ur5/install/ur_dashboard_msgs/include/ur_dashboard_msgs/ur_dashboard_msgs/srv/detail/is_program_running__builder.hpp
[0.379s] -- Installing: /home/pran/Robot_Arm_ur5/install/ur_dashboard_msgs/include/ur_dashboard_msgs/ur_dashboard_msgs/srv/detail/raw_request__struct.hpp
[0.379s] -- Installing: /home/pran/Robot_Arm_ur5/install/ur_dashboard_msgs/include/ur_dashboard_msgs/ur_dashboard_msgs/srv/detail/raw_request__builder.hpp
[0.379s] -- Installing: /home/pran/Robot_Arm_ur5/install/ur_dashboard_msgs/include/ur_dashboard_msgs/ur_dashboard_msgs/srv/detail/get_program_state__type_support.hpp
[0.379s] -- Installing: /home/pran/Robot_Arm_ur5/install/ur_dashboard_msgs/include/ur_dashboard_msgs/ur_dashboard_msgs/srv/detail/load__type_support.hpp
[0.379s] -- Installing: /home/pran/Robot_Arm_ur5/install/ur_dashboard_msgs/include/ur_dashboard_msgs/ur_dashboard_msgs/srv/detail/raw_request__traits.hpp
[0.379s] -- Installing: /home/pran/Robot_Arm_ur5/install/ur_dashboard_msgs/include/ur_dashboard_msgs/ur_dashboard_msgs/srv/detail/get_safety_mode__type_support.hpp
[0.379s] -- Installing: /home/pran/Robot_Arm_ur5/install/ur_dashboard_msgs/include/ur_dashboard_msgs/ur_dashboard_msgs/srv/detail/get_program_state__traits.hpp
[0.380s] -- Installing: /home/pran/Robot_Arm_ur5/install/ur_dashboard_msgs/include/ur_dashboard_msgs/ur_dashboard_msgs/srv/detail/is_program_running__type_support.hpp
[0.380s] -- Installing: /home/pran/Robot_Arm_ur5/install/ur_dashboard_msgs/include/ur_dashboard_msgs/ur_dashboard_msgs/srv/detail/is_in_remote_control__traits.hpp
[0.380s] -- Installing: /home/pran/Robot_Arm_ur5/install/ur_dashboard_msgs/include/ur_dashboard_msgs/ur_dashboard_msgs/srv/detail/is_program_saved__traits.hpp
[0.380s] -- Installing: /home/pran/Robot_Arm_ur5/install/ur_dashboard_msgs/include/ur_dashboard_msgs/ur_dashboard_msgs/srv/detail/add_to_log__traits.hpp
[0.380s] -- Installing: /home/pran/Robot_Arm_ur5/install/ur_dashboard_msgs/include/ur_dashboard_msgs/ur_dashboard_msgs/srv/detail/is_program_running__struct.hpp
[0.380s] -- Installing: /home/pran/Robot_Arm_ur5/install/ur_dashboard_msgs/include/ur_dashboard_msgs/ur_dashboard_msgs/srv/detail/add_to_log__type_support.hpp
[0.380s] -- Installing: /home/pran/Robot_Arm_ur5/install/ur_dashboard_msgs/include/ur_dashboard_msgs/ur_dashboard_msgs/srv/detail/get_safety_mode__builder.hpp
[0.380s] -- Installing: /home/pran/Robot_Arm_ur5/install/ur_dashboard_msgs/include/ur_dashboard_msgs/ur_dashboard_msgs/srv/detail/load__builder.hpp
[0.380s] -- Installing: /home/pran/Robot_Arm_ur5/install/ur_dashboard_msgs/include/ur_dashboard_msgs/ur_dashboard_msgs/srv/detail/load__traits.hpp
[0.380s] -- Installing: /home/pran/Robot_Arm_ur5/install/ur_dashboard_msgs/include/ur_dashboard_msgs/ur_dashboard_msgs/srv/detail/get_program_state__struct.hpp
[0.380s] -- Installing: /home/pran/Robot_Arm_ur5/install/ur_dashboard_msgs/include/ur_dashboard_msgs/ur_dashboard_msgs/srv/detail/popup__struct.hpp
[0.380s] -- Installing: /home/pran/Robot_Arm_ur5/install/ur_dashboard_msgs/include/ur_dashboard_msgs/ur_dashboard_msgs/srv/detail/popup__traits.hpp
[0.380s] -- Up-to-date: /home/pran/Robot_Arm_ur5/install/ur_dashboard_msgs/include/ur_dashboard_msgs/ur_dashboard_msgs/action
[0.380s] -- Installing: /home/pran/Robot_Arm_ur5/install/ur_dashboard_msgs/include/ur_dashboard_msgs/ur_dashboard_msgs/action/set_mode.hpp
[0.380s] -- Up-to-date: /home/pran/Robot_Arm_ur5/install/ur_dashboard_msgs/include/ur_dashboard_msgs/ur_dashboard_msgs/action/detail
[0.380s] -- Installing: /home/pran/Robot_Arm_ur5/install/ur_dashboard_msgs/include/ur_dashboard_msgs/ur_dashboard_msgs/action/detail/set_mode__type_support.hpp
[0.380s] -- Installing: /home/pran/Robot_Arm_ur5/install/ur_dashboard_msgs/include/ur_dashboard_msgs/ur_dashboard_msgs/action/detail/set_mode__struct.hpp
[0.380s] -- Installing: /home/pran/Robot_Arm_ur5/install/ur_dashboard_msgs/include/ur_dashboard_msgs/ur_dashboard_msgs/action/detail/set_mode__builder.hpp
[0.380s] -- Installing: /home/pran/Robot_Arm_ur5/install/ur_dashboard_msgs/include/ur_dashboard_msgs/ur_dashboard_msgs/action/detail/set_mode__traits.hpp
[0.380s] -- Up-to-date: /home/pran/Robot_Arm_ur5/install/ur_dashboard_msgs/include/ur_dashboard_msgs/ur_dashboard_msgs/msg
[0.380s] -- Installing: /home/pran/Robot_Arm_ur5/install/ur_dashboard_msgs/include/ur_dashboard_msgs/ur_dashboard_msgs/msg/rosidl_generator_cpp__visibility_control.hpp
[0.380s] -- Installing: /home/pran/Robot_Arm_ur5/install/ur_dashboard_msgs/include/ur_dashboard_msgs/ur_dashboard_msgs/msg/program_state.hpp
[0.380s] -- Installing: /home/pran/Robot_Arm_ur5/install/ur_dashboard_msgs/include/ur_dashboard_msgs/ur_dashboard_msgs/msg/safety_mode.hpp
[0.381s] -- Installing: /home/pran/Robot_Arm_ur5/install/ur_dashboard_msgs/include/ur_dashboard_msgs/ur_dashboard_msgs/msg/robot_mode.hpp
[0.381s] -- Up-to-date: /home/pran/Robot_Arm_ur5/install/ur_dashboard_msgs/include/ur_dashboard_msgs/ur_dashboard_msgs/msg/detail
[0.381s] -- Installing: /home/pran/Robot_Arm_ur5/install/ur_dashboard_msgs/include/ur_dashboard_msgs/ur_dashboard_msgs/msg/detail/program_state__struct.hpp
[0.381s] -- Installing: /home/pran/Robot_Arm_ur5/install/ur_dashboard_msgs/include/ur_dashboard_msgs/ur_dashboard_msgs/msg/detail/safety_mode__struct.hpp
[0.381s] -- Installing: /home/pran/Robot_Arm_ur5/install/ur_dashboard_msgs/include/ur_dashboard_msgs/ur_dashboard_msgs/msg/detail/robot_mode__type_support.hpp
[0.381s] -- Installing: /home/pran/Robot_Arm_ur5/install/ur_dashboard_msgs/include/ur_dashboard_msgs/ur_dashboard_msgs/msg/detail/safety_mode__traits.hpp
[0.381s] -- Installing: /home/pran/Robot_Arm_ur5/install/ur_dashboard_msgs/include/ur_dashboard_msgs/ur_dashboard_msgs/msg/detail/robot_mode__traits.hpp
[0.381s] -- Installing: /home/pran/Robot_Arm_ur5/install/ur_dashboard_msgs/include/ur_dashboard_msgs/ur_dashboard_msgs/msg/detail/program_state__builder.hpp
[0.381s] -- Installing: /home/pran/Robot_Arm_ur5/install/ur_dashboard_msgs/include/ur_dashboard_msgs/ur_dashboard_msgs/msg/detail/robot_mode__struct.hpp
[0.381s] -- Installing: /home/pran/Robot_Arm_ur5/install/ur_dashboard_msgs/include/ur_dashboard_msgs/ur_dashboard_msgs/msg/detail/robot_mode__builder.hpp
[0.381s] -- Installing: /home/pran/Robot_Arm_ur5/install/ur_dashboard_msgs/include/ur_dashboard_msgs/ur_dashboard_msgs/msg/detail/program_state__type_support.hpp
[0.381s] -- Installing: /home/pran/Robot_Arm_ur5/install/ur_dashboard_msgs/include/ur_dashboard_msgs/ur_dashboard_msgs/msg/detail/safety_mode__builder.hpp
[0.381s] -- Installing: /home/pran/Robot_Arm_ur5/install/ur_dashboard_msgs/include/ur_dashboard_msgs/ur_dashboard_msgs/msg/detail/program_state__traits.hpp
[0.381s] -- Installing: /home/pran/Robot_Arm_ur5/install/ur_dashboard_msgs/include/ur_dashboard_msgs/ur_dashboard_msgs/msg/detail/safety_mode__type_support.hpp
[0.381s] -- Up-to-date: /home/pran/Robot_Arm_ur5/install/ur_dashboard_msgs/include/ur_dashboard_msgs/ur_dashboard_msgs
[0.381s] -- Up-to-date: /home/pran/Robot_Arm_ur5/install/ur_dashboard_msgs/include/ur_dashboard_msgs/ur_dashboard_msgs/srv
[0.381s] -- Up-to-date: /home/pran/Robot_Arm_ur5/install/ur_dashboard_msgs/include/ur_dashboard_msgs/ur_dashboard_msgs/srv/detail
[0.381s] -- Installing: /home/pran/Robot_Arm_ur5/install/ur_dashboard_msgs/include/ur_dashboard_msgs/ur_dashboard_msgs/srv/detail/get_robot_mode__rosidl_typesupport_fastrtps_cpp.hpp
[0.381s] -- Installing: /home/pran/Robot_Arm_ur5/install/ur_dashboard_msgs/include/ur_dashboard_msgs/ur_dashboard_msgs/srv/detail/popup__rosidl_typesupport_fastrtps_cpp.hpp
[0.381s] -- Installing: /home/pran/Robot_Arm_ur5/install/ur_dashboard_msgs/include/ur_dashboard_msgs/ur_dashboard_msgs/srv/detail/dds_fastrtps
[0.381s] -- Installing: /home/pran/Robot_Arm_ur5/install/ur_dashboard_msgs/include/ur_dashboard_msgs/ur_dashboard_msgs/srv/detail/get_loaded_program__rosidl_typesupport_fastrtps_cpp.hpp
[0.381s] -- Installing: /home/pran/Robot_Arm_ur5/install/ur_dashboard_msgs/include/ur_dashboard_msgs/ur_dashboard_msgs/srv/detail/get_safety_mode__rosidl_typesupport_fastrtps_cpp.hpp
[0.381s] -- Installing: /home/pran/Robot_Arm_ur5/install/ur_dashboard_msgs/include/ur_dashboard_msgs/ur_dashboard_msgs/srv/detail/is_program_running__rosidl_typesupport_fastrtps_cpp.hpp
[0.381s] -- Installing: /home/pran/Robot_Arm_ur5/install/ur_dashboard_msgs/include/ur_dashboard_msgs/ur_dashboard_msgs/srv/detail/raw_request__rosidl_typesupport_fastrtps_cpp.hpp
[0.382s] -- Installing: /home/pran/Robot_Arm_ur5/install/ur_dashboard_msgs/include/ur_dashboard_msgs/ur_dashboard_msgs/srv/detail/is_in_remote_control__rosidl_typesupport_fastrtps_cpp.hpp
[0.382s] -- Installing: /home/pran/Robot_Arm_ur5/install/ur_dashboard_msgs/include/ur_dashboard_msgs/ur_dashboard_msgs/srv/detail/is_program_saved__rosidl_typesupport_fastrtps_cpp.hpp
[0.382s] -- Installing: /home/pran/Robot_Arm_ur5/install/ur_dashboard_msgs/include/ur_dashboard_msgs/ur_dashboard_msgs/srv/detail/add_to_log__rosidl_typesupport_fastrtps_cpp.hpp
[0.382s] -- Installing: /home/pran/Robot_Arm_ur5/install/ur_dashboard_msgs/include/ur_dashboard_msgs/ur_dashboard_msgs/srv/detail/get_program_state__rosidl_typesupport_fastrtps_cpp.hpp
[0.382s] -- Installing: /home/pran/Robot_Arm_ur5/install/ur_dashboard_msgs/include/ur_dashboard_msgs/ur_dashboard_msgs/srv/detail/load__rosidl_typesupport_fastrtps_cpp.hpp
[0.382s] -- Up-to-date: /home/pran/Robot_Arm_ur5/install/ur_dashboard_msgs/include/ur_dashboard_msgs/ur_dashboard_msgs/action
[0.382s] -- Up-to-date: /home/pran/Robot_Arm_ur5/install/ur_dashboard_msgs/include/ur_dashboard_msgs/ur_dashboard_msgs/action/detail
[0.382s] -- Installing: /home/pran/Robot_Arm_ur5/install/ur_dashboard_msgs/include/ur_dashboard_msgs/ur_dashboard_msgs/action/detail/dds_fastrtps
[0.382s] -- Installing: /home/pran/Robot_Arm_ur5/install/ur_dashboard_msgs/include/ur_dashboard_msgs/ur_dashboard_msgs/action/detail/set_mode__rosidl_typesupport_fastrtps_cpp.hpp
[0.382s] -- Up-to-date: /home/pran/Robot_Arm_ur5/install/ur_dashboard_msgs/include/ur_dashboard_msgs/ur_dashboard_msgs/msg
[0.382s] -- Installing: /home/pran/Robot_Arm_ur5/install/ur_dashboard_msgs/include/ur_dashboard_msgs/ur_dashboard_msgs/msg/rosidl_typesupport_fastrtps_cpp__visibility_control.h
[0.382s] -- Up-to-date: /home/pran/Robot_Arm_ur5/install/ur_dashboard_msgs/include/ur_dashboard_msgs/ur_dashboard_msgs/msg/detail
[0.382s] -- Installing: /home/pran/Robot_Arm_ur5/install/ur_dashboard_msgs/include/ur_dashboard_msgs/ur_dashboard_msgs/msg/detail/safety_mode__rosidl_typesupport_fastrtps_cpp.hpp
[0.382s] -- Installing: /home/pran/Robot_Arm_ur5/install/ur_dashboard_msgs/include/ur_dashboard_msgs/ur_dashboard_msgs/msg/detail/dds_fastrtps
[0.382s] -- Installing: /home/pran/Robot_Arm_ur5/install/ur_dashboard_msgs/include/ur_dashboard_msgs/ur_dashboard_msgs/msg/detail/robot_mode__rosidl_typesupport_fastrtps_cpp.hpp
[0.382s] -- Installing: /home/pran/Robot_Arm_ur5/install/ur_dashboard_msgs/include/ur_dashboard_msgs/ur_dashboard_msgs/msg/detail/program_state__rosidl_typesupport_fastrtps_cpp.hpp
[0.382s] -- Installing: /home/pran/Robot_Arm_ur5/install/ur_dashboard_msgs/lib/libur_dashboard_msgs__rosidl_typesupport_fastrtps_cpp.so
[0.382s] -- Set runtime path of "/home/pran/Robot_Arm_ur5/install/ur_dashboard_msgs/lib/libur_dashboard_msgs__rosidl_typesupport_fastrtps_cpp.so" to ""
[0.382s] -- Up-to-date: /home/pran/Robot_Arm_ur5/install/ur_dashboard_msgs/include/ur_dashboard_msgs/ur_dashboard_msgs
[0.382s] -- Up-to-date: /home/pran/Robot_Arm_ur5/install/ur_dashboard_msgs/include/ur_dashboard_msgs/ur_dashboard_msgs/srv
[0.382s] -- Up-to-date: /home/pran/Robot_Arm_ur5/install/ur_dashboard_msgs/include/ur_dashboard_msgs/ur_dashboard_msgs/srv/detail
[0.382s] -- Installing: /home/pran/Robot_Arm_ur5/install/ur_dashboard_msgs/include/ur_dashboard_msgs/ur_dashboard_msgs/srv/detail/get_loaded_program__type_support.cpp
[0.383s] -- Installing: /home/pran/Robot_Arm_ur5/install/ur_dashboard_msgs/include/ur_dashboard_msgs/ur_dashboard_msgs/srv/detail/raw_request__type_support.cpp
[0.383s] -- Installing: /home/pran/Robot_Arm_ur5/install/ur_dashboard_msgs/include/ur_dashboard_msgs/ur_dashboard_msgs/srv/detail/is_in_remote_control__rosidl_typesupport_introspection_cpp.hpp
[0.383s] -- Installing: /home/pran/Robot_Arm_ur5/install/ur_dashboard_msgs/include/ur_dashboard_msgs/ur_dashboard_msgs/srv/detail/get_safety_mode__type_support.cpp
[0.383s] -- Installing: /home/pran/Robot_Arm_ur5/install/ur_dashboard_msgs/include/ur_dashboard_msgs/ur_dashboard_msgs/srv/detail/get_robot_mode__type_support.cpp
[0.383s] -- Installing: /home/pran/Robot_Arm_ur5/install/ur_dashboard_msgs/include/ur_dashboard_msgs/ur_dashboard_msgs/srv/detail/is_program_running__type_support.cpp
[0.383s] -- Installing: /home/pran/Robot_Arm_ur5/install/ur_dashboard_msgs/include/ur_dashboard_msgs/ur_dashboard_msgs/srv/detail/is_in_remote_control__type_support.cpp
[0.383s] -- Installing: /home/pran/Robot_Arm_ur5/install/ur_dashboard_msgs/include/ur_dashboard_msgs/ur_dashboard_msgs/srv/detail/get_loaded_program__rosidl_typesupport_introspection_cpp.hpp
[0.383s] -- Installing: /home/pran/Robot_Arm_ur5/install/ur_dashboard_msgs/include/ur_dashboard_msgs/ur_dashboard_msgs/srv/detail/is_program_saved__rosidl_typesupport_introspection_cpp.hpp
[0.383s] -- Installing: /home/pran/Robot_Arm_ur5/install/ur_dashboard_msgs/include/ur_dashboard_msgs/ur_dashboard_msgs/srv/detail/load__type_support.cpp
[0.383s] -- Installing: /home/pran/Robot_Arm_ur5/install/ur_dashboard_msgs/include/ur_dashboard_msgs/ur_dashboard_msgs/srv/detail/add_to_log__type_support.cpp
[0.383s] -- Installing: /home/pran/Robot_Arm_ur5/install/ur_dashboard_msgs/include/ur_dashboard_msgs/ur_dashboard_msgs/srv/detail/add_to_log__rosidl_typesupport_introspection_cpp.hpp
[0.383s] -- Installing: /home/pran/Robot_Arm_ur5/install/ur_dashboard_msgs/include/ur_dashboard_msgs/ur_dashboard_msgs/srv/detail/raw_request__rosidl_typesupport_introspection_cpp.hpp
[0.383s] -- Installing: /home/pran/Robot_Arm_ur5/install/ur_dashboard_msgs/include/ur_dashboard_msgs/ur_dashboard_msgs/srv/detail/get_robot_mode__rosidl_typesupport_introspection_cpp.hpp
[0.383s] -- Installing: /home/pran/Robot_Arm_ur5/install/ur_dashboard_msgs/include/ur_dashboard_msgs/ur_dashboard_msgs/srv/detail/get_program_state__type_support.cpp
[0.383s] -- Installing: /home/pran/Robot_Arm_ur5/install/ur_dashboard_msgs/include/ur_dashboard_msgs/ur_dashboard_msgs/srv/detail/get_program_state__rosidl_typesupport_introspection_cpp.hpp
[0.383s] -- Installing: /home/pran/Robot_Arm_ur5/install/ur_dashboard_msgs/include/ur_dashboard_msgs/ur_dashboard_msgs/srv/detail/get_safety_mode__rosidl_typesupport_introspection_cpp.hpp
[0.383s] -- Installing: /home/pran/Robot_Arm_ur5/install/ur_dashboard_msgs/include/ur_dashboard_msgs/ur_dashboard_msgs/srv/detail/popup__type_support.cpp
[0.383s] -- Installing: /home/pran/Robot_Arm_ur5/install/ur_dashboard_msgs/include/ur_dashboard_msgs/ur_dashboard_msgs/srv/detail/is_program_saved__type_support.cpp
[0.383s] -- Installing: /home/pran/Robot_Arm_ur5/install/ur_dashboard_msgs/include/ur_dashboard_msgs/ur_dashboard_msgs/srv/detail/load__rosidl_typesupport_introspection_cpp.hpp
[0.383s] -- Installing: /home/pran/Robot_Arm_ur5/install/ur_dashboard_msgs/include/ur_dashboard_msgs/ur_dashboard_msgs/srv/detail/popup__rosidl_typesupport_introspection_cpp.hpp
[0.383s] -- Installing: /home/pran/Robot_Arm_ur5/install/ur_dashboard_msgs/include/ur_dashboard_msgs/ur_dashboard_msgs/srv/detail/is_program_running__rosidl_typesupport_introspection_cpp.hpp
[0.383s] -- Up-to-date: /home/pran/Robot_Arm_ur5/install/ur_dashboard_msgs/include/ur_dashboard_msgs/ur_dashboard_msgs/action
[0.383s] -- Up-to-date: /home/pran/Robot_Arm_ur5/install/ur_dashboard_msgs/include/ur_dashboard_msgs/ur_dashboard_msgs/action/detail
[0.384s] -- Installing: /home/pran/Robot_Arm_ur5/install/ur_dashboard_msgs/include/ur_dashboard_msgs/ur_dashboard_msgs/action/detail/set_mode__type_support.cpp
[0.384s] -- Installing: /home/pran/Robot_Arm_ur5/install/ur_dashboard_msgs/include/ur_dashboard_msgs/ur_dashboard_msgs/action/detail/set_mode__rosidl_typesupport_introspection_cpp.hpp
[0.384s] -- Up-to-date: /home/pran/Robot_Arm_ur5/install/ur_dashboard_msgs/include/ur_dashboard_msgs/ur_dashboard_msgs/msg
[0.384s] -- Up-to-date: /home/pran/Robot_Arm_ur5/install/ur_dashboard_msgs/include/ur_dashboard_msgs/ur_dashboard_msgs/msg/detail
[0.384s] -- Installing: /home/pran/Robot_Arm_ur5/install/ur_dashboard_msgs/include/ur_dashboard_msgs/ur_dashboard_msgs/msg/detail/safety_mode__rosidl_typesupport_introspection_cpp.hpp
[0.384s] -- Installing: /home/pran/Robot_Arm_ur5/install/ur_dashboard_msgs/include/ur_dashboard_msgs/ur_dashboard_msgs/msg/detail/program_state__type_support.cpp
[0.384s] -- Installing: /home/pran/Robot_Arm_ur5/install/ur_dashboard_msgs/include/ur_dashboard_msgs/ur_dashboard_msgs/msg/detail/program_state__rosidl_typesupport_introspection_cpp.hpp
[0.384s] -- Installing: /home/pran/Robot_Arm_ur5/install/ur_dashboard_msgs/include/ur_dashboard_msgs/ur_dashboard_msgs/msg/detail/robot_mode__rosidl_typesupport_introspection_cpp.hpp
[0.384s] -- Installing: /home/pran/Robot_Arm_ur5/install/ur_dashboard_msgs/include/ur_dashboard_msgs/ur_dashboard_msgs/msg/detail/safety_mode__type_support.cpp
[0.384s] -- Installing: /home/pran/Robot_Arm_ur5/install/ur_dashboard_msgs/include/ur_dashboard_msgs/ur_dashboard_msgs/msg/detail/robot_mode__type_support.cpp
[0.384s] -- Installing: /home/pran/Robot_Arm_ur5/install/ur_dashboard_msgs/lib/libur_dashboard_msgs__rosidl_typesupport_introspection_cpp.so
[0.384s] -- Set runtime path of "/home/pran/Robot_Arm_ur5/install/ur_dashboard_msgs/lib/libur_dashboard_msgs__rosidl_typesupport_introspection_cpp.so" to ""
[0.384s] -- Installing: /home/pran/Robot_Arm_ur5/install/ur_dashboard_msgs/lib/libur_dashboard_msgs__rosidl_typesupport_cpp.so
[0.384s] -- Set runtime path of "/home/pran/Robot_Arm_ur5/install/ur_dashboard_msgs/lib/libur_dashboard_msgs__rosidl_typesupport_cpp.so" to ""
[0.384s] -- Installing: /home/pran/Robot_Arm_ur5/install/ur_dashboard_msgs/share/ur_dashboard_msgs/environment/pythonpath.sh
[0.384s] -- Installing: /home/pran/Robot_Arm_ur5/install/ur_dashboard_msgs/share/ur_dashboard_msgs/environment/pythonpath.dsv
[0.384s] -- Installing: /home/pran/Robot_Arm_ur5/install/ur_dashboard_msgs/local/lib/python3.10/dist-packages/ur_dashboard_msgs-4.4.0-py3.10.egg-info
[0.385s] -- Installing: /home/pran/Robot_Arm_ur5/install/ur_dashboard_msgs/local/lib/python3.10/dist-packages/ur_dashboard_msgs-4.4.0-py3.10.egg-info/top_level.txt
[0.385s] -- Installing: /home/pran/Robot_Arm_ur5/install/ur_dashboard_msgs/local/lib/python3.10/dist-packages/ur_dashboard_msgs-4.4.0-py3.10.egg-info/SOURCES.txt
[0.385s] -- Installing: /home/pran/Robot_Arm_ur5/install/ur_dashboard_msgs/local/lib/python3.10/dist-packages/ur_dashboard_msgs-4.4.0-py3.10.egg-info/dependency_links.txt
[0.385s] -- Installing: /home/pran/Robot_Arm_ur5/install/ur_dashboard_msgs/local/lib/python3.10/dist-packages/ur_dashboard_msgs-4.4.0-py3.10.egg-info/PKG-INFO
[0.385s] -- Installing: /home/pran/Robot_Arm_ur5/install/ur_dashboard_msgs/local/lib/python3.10/dist-packages/ur_dashboard_msgs
[0.385s] -- Installing: /home/pran/Robot_Arm_ur5/install/ur_dashboard_msgs/local/lib/python3.10/dist-packages/ur_dashboard_msgs/ur_dashboard_msgs_s__rosidl_typesupport_fastrtps_c.cpython-310-x86_64-linux-gnu.so
[0.385s] -- Installing: /home/pran/Robot_Arm_ur5/install/ur_dashboard_msgs/local/lib/python3.10/dist-packages/ur_dashboard_msgs/_ur_dashboard_msgs_s.ep.rosidl_typesupport_c.c
[0.385s] -- Installing: /home/pran/Robot_Arm_ur5/install/ur_dashboard_msgs/local/lib/python3.10/dist-packages/ur_dashboard_msgs/ur_dashboard_msgs_s__rosidl_typesupport_introspection_c.cpython-310-x86_64-linux-gnu.so
[0.385s] -- Installing: /home/pran/Robot_Arm_ur5/install/ur_dashboard_msgs/local/lib/python3.10/dist-packages/ur_dashboard_msgs/srv
[0.385s] -- Installing: /home/pran/Robot_Arm_ur5/install/ur_dashboard_msgs/local/lib/python3.10/dist-packages/ur_dashboard_msgs/srv/_popup.py
[0.385s] -- Installing: /home/pran/Robot_Arm_ur5/install/ur_dashboard_msgs/local/lib/python3.10/dist-packages/ur_dashboard_msgs/srv/_is_in_remote_control_s.c
[0.385s] -- Installing: /home/pran/Robot_Arm_ur5/install/ur_dashboard_msgs/local/lib/python3.10/dist-packages/ur_dashboard_msgs/srv/_popup_s.c
[0.385s] -- Installing: /home/pran/Robot_Arm_ur5/install/ur_dashboard_msgs/local/lib/python3.10/dist-packages/ur_dashboard_msgs/srv/_get_safety_mode_s.c
[0.385s] -- Installing: /home/pran/Robot_Arm_ur5/install/ur_dashboard_msgs/local/lib/python3.10/dist-packages/ur_dashboard_msgs/srv/_get_loaded_program.py
[0.385s] -- Installing: /home/pran/Robot_Arm_ur5/install/ur_dashboard_msgs/local/lib/python3.10/dist-packages/ur_dashboard_msgs/srv/_get_robot_mode.py
[0.385s] -- Installing: /home/pran/Robot_Arm_ur5/install/ur_dashboard_msgs/local/lib/python3.10/dist-packages/ur_dashboard_msgs/srv/_get_loaded_program_s.c
[0.385s] -- Installing: /home/pran/Robot_Arm_ur5/install/ur_dashboard_msgs/local/lib/python3.10/dist-packages/ur_dashboard_msgs/srv/_get_robot_mode_s.c
[0.385s] -- Installing: /home/pran/Robot_Arm_ur5/install/ur_dashboard_msgs/local/lib/python3.10/dist-packages/ur_dashboard_msgs/srv/_is_in_remote_control.py
[0.385s] -- Installing: /home/pran/Robot_Arm_ur5/install/ur_dashboard_msgs/local/lib/python3.10/dist-packages/ur_dashboard_msgs/srv/_add_to_log.py
[0.385s] -- Installing: /home/pran/Robot_Arm_ur5/install/ur_dashboard_msgs/local/lib/python3.10/dist-packages/ur_dashboard_msgs/srv/_load.py
[0.386s] -- Installing: /home/pran/Robot_Arm_ur5/install/ur_dashboard_msgs/local/lib/python3.10/dist-packages/ur_dashboard_msgs/srv/_raw_request.py
[0.386s] -- Installing: /home/pran/Robot_Arm_ur5/install/ur_dashboard_msgs/local/lib/python3.10/dist-packages/ur_dashboard_msgs/srv/_is_program_saved_s.c
[0.386s] -- Installing: /home/pran/Robot_Arm_ur5/install/ur_dashboard_msgs/local/lib/python3.10/dist-packages/ur_dashboard_msgs/srv/_add_to_log_s.c
[0.386s] -- Installing: /home/pran/Robot_Arm_ur5/install/ur_dashboard_msgs/local/lib/python3.10/dist-packages/ur_dashboard_msgs/srv/_is_program_saved.py
[0.386s] -- Installing: /home/pran/Robot_Arm_ur5/install/ur_dashboard_msgs/local/lib/python3.10/dist-packages/ur_dashboard_msgs/srv/_get_program_state_s.c
[0.386s] -- Installing: /home/pran/Robot_Arm_ur5/install/ur_dashboard_msgs/local/lib/python3.10/dist-packages/ur_dashboard_msgs/srv/_is_program_running.py
[0.386s] -- Installing: /home/pran/Robot_Arm_ur5/install/ur_dashboard_msgs/local/lib/python3.10/dist-packages/ur_dashboard_msgs/srv/_load_s.c
[0.386s] -- Installing: /home/pran/Robot_Arm_ur5/install/ur_dashboard_msgs/local/lib/python3.10/dist-packages/ur_dashboard_msgs/srv/_get_safety_mode.py
[0.386s] -- Installing: /home/pran/Robot_Arm_ur5/install/ur_dashboard_msgs/local/lib/python3.10/dist-packages/ur_dashboard_msgs/srv/_get_program_state.py
[0.386s] -- Installing: /home/pran/Robot_Arm_ur5/install/ur_dashboard_msgs/local/lib/python3.10/dist-packages/ur_dashboard_msgs/srv/_is_program_running_s.c
[0.386s] -- Installing: /home/pran/Robot_Arm_ur5/install/ur_dashboard_msgs/local/lib/python3.10/dist-packages/ur_dashboard_msgs/srv/__init__.py
[0.386s] -- Installing: /home/pran/Robot_Arm_ur5/install/ur_dashboard_msgs/local/lib/python3.10/dist-packages/ur_dashboard_msgs/srv/_raw_request_s.c
[0.386s] -- Installing: /home/pran/Robot_Arm_ur5/install/ur_dashboard_msgs/local/lib/python3.10/dist-packages/ur_dashboard_msgs/_ur_dashboard_msgs_s.ep.rosidl_typesupport_introspection_c.c
[0.386s] -- Installing: /home/pran/Robot_Arm_ur5/install/ur_dashboard_msgs/local/lib/python3.10/dist-packages/ur_dashboard_msgs/action
[0.386s] -- Installing: /home/pran/Robot_Arm_ur5/install/ur_dashboard_msgs/local/lib/python3.10/dist-packages/ur_dashboard_msgs/action/_set_mode_s.c
[0.386s] -- Installing: /home/pran/Robot_Arm_ur5/install/ur_dashboard_msgs/local/lib/python3.10/dist-packages/ur_dashboard_msgs/action/_set_mode.py
[0.386s] -- Installing: /home/pran/Robot_Arm_ur5/install/ur_dashboard_msgs/local/lib/python3.10/dist-packages/ur_dashboard_msgs/action/__init__.py
[0.386s] -- Installing: /home/pran/Robot_Arm_ur5/install/ur_dashboard_msgs/local/lib/python3.10/dist-packages/ur_dashboard_msgs/msg
[0.386s] -- Installing: /home/pran/Robot_Arm_ur5/install/ur_dashboard_msgs/local/lib/python3.10/dist-packages/ur_dashboard_msgs/msg/_program_state.py
[0.386s] -- Installing: /home/pran/Robot_Arm_ur5/install/ur_dashboard_msgs/local/lib/python3.10/dist-packages/ur_dashboard_msgs/msg/_robot_mode.py
[0.386s] -- Installing: /home/pran/Robot_Arm_ur5/install/ur_dashboard_msgs/local/lib/python3.10/dist-packages/ur_dashboard_msgs/msg/_robot_mode_s.c
[0.387s] -- Installing: /home/pran/Robot_Arm_ur5/install/ur_dashboard_msgs/local/lib/python3.10/dist-packages/ur_dashboard_msgs/msg/_safety_mode.py
[0.387s] -- Installing: /home/pran/Robot_Arm_ur5/install/ur_dashboard_msgs/local/lib/python3.10/dist-packages/ur_dashboard_msgs/msg/_safety_mode_s.c
[0.387s] -- Installing: /home/pran/Robot_Arm_ur5/install/ur_dashboard_msgs/local/lib/python3.10/dist-packages/ur_dashboard_msgs/msg/_program_state_s.c
[0.387s] -- Installing: /home/pran/Robot_Arm_ur5/install/ur_dashboard_msgs/local/lib/python3.10/dist-packages/ur_dashboard_msgs/msg/__init__.py
[0.387s] -- Installing: /home/pran/Robot_Arm_ur5/install/ur_dashboard_msgs/local/lib/python3.10/dist-packages/ur_dashboard_msgs/_ur_dashboard_msgs_s.ep.rosidl_typesupport_fastrtps_c.c
[0.387s] -- Installing: /home/pran/Robot_Arm_ur5/install/ur_dashboard_msgs/local/lib/python3.10/dist-packages/ur_dashboard_msgs/libur_dashboard_msgs__rosidl_generator_py.so
[0.387s] -- Installing: /home/pran/Robot_Arm_ur5/install/ur_dashboard_msgs/local/lib/python3.10/dist-packages/ur_dashboard_msgs/ur_dashboard_msgs_s__rosidl_typesupport_c.cpython-310-x86_64-linux-gnu.so
[0.387s] -- Installing: /home/pran/Robot_Arm_ur5/install/ur_dashboard_msgs/local/lib/python3.10/dist-packages/ur_dashboard_msgs/__init__.py
[0.426s] Listing '/home/pran/Robot_Arm_ur5/install/ur_dashboard_msgs/local/lib/python3.10/dist-packages/ur_dashboard_msgs'...
[0.426s] Compiling '/home/pran/Robot_Arm_ur5/install/ur_dashboard_msgs/local/lib/python3.10/dist-packages/ur_dashboard_msgs/__init__.py'...
[0.426s] Listing '/home/pran/Robot_Arm_ur5/install/ur_dashboard_msgs/local/lib/python3.10/dist-packages/ur_dashboard_msgs/action'...
[0.426s] Compiling '/home/pran/Robot_Arm_ur5/install/ur_dashboard_msgs/local/lib/python3.10/dist-packages/ur_dashboard_msgs/action/__init__.py'...
[0.426s] Compiling '/home/pran/Robot_Arm_ur5/install/ur_dashboard_msgs/local/lib/python3.10/dist-packages/ur_dashboard_msgs/action/_set_mode.py'...
[0.426s] Listing '/home/pran/Robot_Arm_ur5/install/ur_dashboard_msgs/local/lib/python3.10/dist-packages/ur_dashboard_msgs/msg'...
[0.426s] Compiling '/home/pran/Robot_Arm_ur5/install/ur_dashboard_msgs/local/lib/python3.10/dist-packages/ur_dashboard_msgs/msg/__init__.py'...
[0.427s] Compiling '/home/pran/Robot_Arm_ur5/install/ur_dashboard_msgs/local/lib/python3.10/dist-packages/ur_dashboard_msgs/msg/_program_state.py'...
[0.427s] Compiling '/home/pran/Robot_Arm_ur5/install/ur_dashboard_msgs/local/lib/python3.10/dist-packages/ur_dashboard_msgs/msg/_robot_mode.py'...
[0.427s] Compiling '/home/pran/Robot_Arm_ur5/install/ur_dashboard_msgs/local/lib/python3.10/dist-packages/ur_dashboard_msgs/msg/_safety_mode.py'...
[0.427s] Listing '/home/pran/Robot_Arm_ur5/install/ur_dashboard_msgs/local/lib/python3.10/dist-packages/ur_dashboard_msgs/srv'...
[0.427s] Compiling '/home/pran/Robot_Arm_ur5/install/ur_dashboard_msgs/local/lib/python3.10/dist-packages/ur_dashboard_msgs/srv/__init__.py'...
[0.427s] Compiling '/home/pran/Robot_Arm_ur5/install/ur_dashboard_msgs/local/lib/python3.10/dist-packages/ur_dashboard_msgs/srv/_add_to_log.py'...
[0.427s] Compiling '/home/pran/Robot_Arm_ur5/install/ur_dashboard_msgs/local/lib/python3.10/dist-packages/ur_dashboard_msgs/srv/_get_loaded_program.py'...
[0.427s] Compiling '/home/pran/Robot_Arm_ur5/install/ur_dashboard_msgs/local/lib/python3.10/dist-packages/ur_dashboard_msgs/srv/_get_program_state.py'...
[0.427s] Compiling '/home/pran/Robot_Arm_ur5/install/ur_dashboard_msgs/local/lib/python3.10/dist-packages/ur_dashboard_msgs/srv/_get_robot_mode.py'...
[0.427s] Compiling '/home/pran/Robot_Arm_ur5/install/ur_dashboard_msgs/local/lib/python3.10/dist-packages/ur_dashboard_msgs/srv/_get_safety_mode.py'...
[0.427s] Compiling '/home/pran/Robot_Arm_ur5/install/ur_dashboard_msgs/local/lib/python3.10/dist-packages/ur_dashboard_msgs/srv/_is_in_remote_control.py'...
[0.427s] Compiling '/home/pran/Robot_Arm_ur5/install/ur_dashboard_msgs/local/lib/python3.10/dist-packages/ur_dashboard_msgs/srv/_is_program_running.py'...
[0.427s] Compiling '/home/pran/Robot_Arm_ur5/install/ur_dashboard_msgs/local/lib/python3.10/dist-packages/ur_dashboard_msgs/srv/_is_program_saved.py'...
[0.427s] Compiling '/home/pran/Robot_Arm_ur5/install/ur_dashboard_msgs/local/lib/python3.10/dist-packages/ur_dashboard_msgs/srv/_load.py'...
[0.427s] Compiling '/home/pran/Robot_Arm_ur5/install/ur_dashboard_msgs/local/lib/python3.10/dist-packages/ur_dashboard_msgs/srv/_popup.py'...
[0.427s] Compiling '/home/pran/Robot_Arm_ur5/install/ur_dashboard_msgs/local/lib/python3.10/dist-packages/ur_dashboard_msgs/srv/_raw_request.py'...
[0.429s] -- Installing: /home/pran/Robot_Arm_ur5/install/ur_dashboard_msgs/local/lib/python3.10/dist-packages/ur_dashboard_msgs/ur_dashboard_msgs_s__rosidl_typesupport_fastrtps_c.cpython-310-x86_64-linux-gnu.so
[0.429s] -- Set runtime path of "/home/pran/Robot_Arm_ur5/install/ur_dashboard_msgs/local/lib/python3.10/dist-packages/ur_dashboard_msgs/ur_dashboard_msgs_s__rosidl_typesupport_fastrtps_c.cpython-310-x86_64-linux-gnu.so" to ""
[0.430s] -- Installing: /home/pran/Robot_Arm_ur5/install/ur_dashboard_msgs/local/lib/python3.10/dist-packages/ur_dashboard_msgs/ur_dashboard_msgs_s__rosidl_typesupport_introspection_c.cpython-310-x86_64-linux-gnu.so
[0.430s] -- Set runtime path of "/home/pran/Robot_Arm_ur5/install/ur_dashboard_msgs/local/lib/python3.10/dist-packages/ur_dashboard_msgs/ur_dashboard_msgs_s__rosidl_typesupport_introspection_c.cpython-310-x86_64-linux-gnu.so" to ""
[0.430s] -- Installing: /home/pran/Robot_Arm_ur5/install/ur_dashboard_msgs/local/lib/python3.10/dist-packages/ur_dashboard_msgs/ur_dashboard_msgs_s__rosidl_typesupport_c.cpython-310-x86_64-linux-gnu.so
[0.430s] -- Set runtime path of "/home/pran/Robot_Arm_ur5/install/ur_dashboard_msgs/local/lib/python3.10/dist-packages/ur_dashboard_msgs/ur_dashboard_msgs_s__rosidl_typesupport_c.cpython-310-x86_64-linux-gnu.so" to ""
[0.430s] -- Installing: /home/pran/Robot_Arm_ur5/install/ur_dashboard_msgs/lib/libur_dashboard_msgs__rosidl_generator_py.so
[0.430s] -- Set runtime path of "/home/pran/Robot_Arm_ur5/install/ur_dashboard_msgs/lib/libur_dashboard_msgs__rosidl_generator_py.so" to ""
[0.430s] -- Installing: /home/pran/Robot_Arm_ur5/install/ur_dashboard_msgs/share/ur_dashboard_msgs/msg/ProgramState.idl
[0.430s] -- Installing: /home/pran/Robot_Arm_ur5/install/ur_dashboard_msgs/share/ur_dashboard_msgs/msg/RobotMode.idl
[0.430s] -- Installing: /home/pran/Robot_Arm_ur5/install/ur_dashboard_msgs/share/ur_dashboard_msgs/msg/SafetyMode.idl
[0.430s] -- Installing: /home/pran/Robot_Arm_ur5/install/ur_dashboard_msgs/share/ur_dashboard_msgs/srv/AddToLog.idl
[0.430s] -- Installing: /home/pran/Robot_Arm_ur5/install/ur_dashboard_msgs/share/ur_dashboard_msgs/srv/GetLoadedProgram.idl
[0.430s] -- Installing: /home/pran/Robot_Arm_ur5/install/ur_dashboard_msgs/share/ur_dashboard_msgs/srv/GetProgramState.idl
[0.430s] -- Installing: /home/pran/Robot_Arm_ur5/install/ur_dashboard_msgs/share/ur_dashboard_msgs/srv/GetRobotMode.idl
[0.431s] -- Installing: /home/pran/Robot_Arm_ur5/install/ur_dashboard_msgs/share/ur_dashboard_msgs/srv/GetSafetyMode.idl
[0.431s] -- Installing: /home/pran/Robot_Arm_ur5/install/ur_dashboard_msgs/share/ur_dashboard_msgs/srv/IsProgramRunning.idl
[0.431s] -- Installing: /home/pran/Robot_Arm_ur5/install/ur_dashboard_msgs/share/ur_dashboard_msgs/srv/IsProgramSaved.idl
[0.431s] -- Installing: /home/pran/Robot_Arm_ur5/install/ur_dashboard_msgs/share/ur_dashboard_msgs/srv/Load.idl
[0.431s] -- Installing: /home/pran/Robot_Arm_ur5/install/ur_dashboard_msgs/share/ur_dashboard_msgs/srv/Popup.idl
[0.431s] -- Installing: /home/pran/Robot_Arm_ur5/install/ur_dashboard_msgs/share/ur_dashboard_msgs/srv/RawRequest.idl
[0.431s] -- Installing: /home/pran/Robot_Arm_ur5/install/ur_dashboard_msgs/share/ur_dashboard_msgs/srv/IsInRemoteControl.idl
[0.431s] -- Installing: /home/pran/Robot_Arm_ur5/install/ur_dashboard_msgs/share/ur_dashboard_msgs/action/SetMode.idl
[0.431s] -- Installing: /home/pran/Robot_Arm_ur5/install/ur_dashboard_msgs/share/ur_dashboard_msgs/msg/ProgramState.msg
[0.431s] -- Installing: /home/pran/Robot_Arm_ur5/install/ur_dashboard_msgs/share/ur_dashboard_msgs/msg/RobotMode.msg
[0.431s] -- Installing: /home/pran/Robot_Arm_ur5/install/ur_dashboard_msgs/share/ur_dashboard_msgs/msg/SafetyMode.msg
[0.432s] -- Installing: /home/pran/Robot_Arm_ur5/install/ur_dashboard_msgs/share/ur_dashboard_msgs/srv/AddToLog.srv
[0.432s] -- Installing: /home/pran/Robot_Arm_ur5/install/ur_dashboard_msgs/share/ur_dashboard_msgs/srv/AddToLog_Request.msg
[0.432s] -- Installing: /home/pran/Robot_Arm_ur5/install/ur_dashboard_msgs/share/ur_dashboard_msgs/srv/AddToLog_Response.msg
[0.432s] -- Installing: /home/pran/Robot_Arm_ur5/install/ur_dashboard_msgs/share/ur_dashboard_msgs/srv/GetLoadedProgram.srv
[0.432s] -- Installing: /home/pran/Robot_Arm_ur5/install/ur_dashboard_msgs/share/ur_dashboard_msgs/srv/GetLoadedProgram_Request.msg
[0.432s] -- Installing: /home/pran/Robot_Arm_ur5/install/ur_dashboard_msgs/share/ur_dashboard_msgs/srv/GetLoadedProgram_Response.msg
[0.432s] -- Installing: /home/pran/Robot_Arm_ur5/install/ur_dashboard_msgs/share/ur_dashboard_msgs/srv/GetProgramState.srv
[0.432s] -- Installing: /home/pran/Robot_Arm_ur5/install/ur_dashboard_msgs/share/ur_dashboard_msgs/srv/GetProgramState_Request.msg
[0.432s] -- Installing: /home/pran/Robot_Arm_ur5/install/ur_dashboard_msgs/share/ur_dashboard_msgs/srv/GetProgramState_Response.msg
[0.432s] -- Installing: /home/pran/Robot_Arm_ur5/install/ur_dashboard_msgs/share/ur_dashboard_msgs/srv/GetRobotMode.srv
[0.432s] -- Installing: /home/pran/Robot_Arm_ur5/install/ur_dashboard_msgs/share/ur_dashboard_msgs/srv/GetRobotMode_Request.msg
[0.432s] -- Installing: /home/pran/Robot_Arm_ur5/install/ur_dashboard_msgs/share/ur_dashboard_msgs/srv/GetRobotMode_Response.msg
[0.432s] -- Installing: /home/pran/Robot_Arm_ur5/install/ur_dashboard_msgs/share/ur_dashboard_msgs/srv/GetSafetyMode.srv
[0.432s] -- Installing: /home/pran/Robot_Arm_ur5/install/ur_dashboard_msgs/share/ur_dashboard_msgs/srv/GetSafetyMode_Request.msg
[0.432s] -- Installing: /home/pran/Robot_Arm_ur5/install/ur_dashboard_msgs/share/ur_dashboard_msgs/srv/GetSafetyMode_Response.msg
[0.432s] -- Installing: /home/pran/Robot_Arm_ur5/install/ur_dashboard_msgs/share/ur_dashboard_msgs/srv/IsProgramRunning.srv
[0.433s] -- Installing: /home/pran/Robot_Arm_ur5/install/ur_dashboard_msgs/share/ur_dashboard_msgs/srv/IsProgramRunning_Request.msg
[0.433s] -- Installing: /home/pran/Robot_Arm_ur5/install/ur_dashboard_msgs/share/ur_dashboard_msgs/srv/IsProgramRunning_Response.msg
[0.433s] -- Installing: /home/pran/Robot_Arm_ur5/install/ur_dashboard_msgs/share/ur_dashboard_msgs/srv/IsProgramSaved.srv
[0.433s] -- Installing: /home/pran/Robot_Arm_ur5/install/ur_dashboard_msgs/share/ur_dashboard_msgs/srv/IsProgramSaved_Request.msg
[0.433s] -- Installing: /home/pran/Robot_Arm_ur5/install/ur_dashboard_msgs/share/ur_dashboard_msgs/srv/IsProgramSaved_Response.msg
[0.433s] -- Installing: /home/pran/Robot_Arm_ur5/install/ur_dashboard_msgs/share/ur_dashboard_msgs/srv/Load.srv
[0.433s] -- Installing: /home/pran/Robot_Arm_ur5/install/ur_dashboard_msgs/share/ur_dashboard_msgs/srv/Load_Request.msg
[0.433s] -- Installing: /home/pran/Robot_Arm_ur5/install/ur_dashboard_msgs/share/ur_dashboard_msgs/srv/Load_Response.msg
[0.433s] -- Installing: /home/pran/Robot_Arm_ur5/install/ur_dashboard_msgs/share/ur_dashboard_msgs/srv/Popup.srv
[0.433s] -- Installing: /home/pran/Robot_Arm_ur5/install/ur_dashboard_msgs/share/ur_dashboard_msgs/srv/Popup_Request.msg
[0.433s] -- Installing: /home/pran/Robot_Arm_ur5/install/ur_dashboard_msgs/share/ur_dashboard_msgs/srv/Popup_Response.msg
[0.433s] -- Installing: /home/pran/Robot_Arm_ur5/install/ur_dashboard_msgs/share/ur_dashboard_msgs/srv/RawRequest.srv
[0.433s] -- Installing: /home/pran/Robot_Arm_ur5/install/ur_dashboard_msgs/share/ur_dashboard_msgs/srv/RawRequest_Request.msg
[0.433s] -- Installing: /home/pran/Robot_Arm_ur5/install/ur_dashboard_msgs/share/ur_dashboard_msgs/srv/RawRequest_Response.msg
[0.433s] -- Installing: /home/pran/Robot_Arm_ur5/install/ur_dashboard_msgs/share/ur_dashboard_msgs/srv/IsInRemoteControl.srv
[0.433s] -- Installing: /home/pran/Robot_Arm_ur5/install/ur_dashboard_msgs/share/ur_dashboard_msgs/srv/IsInRemoteControl_Request.msg
[0.434s] -- Installing: /home/pran/Robot_Arm_ur5/install/ur_dashboard_msgs/share/ur_dashboard_msgs/srv/IsInRemoteControl_Response.msg
[0.434s] -- Installing: /home/pran/Robot_Arm_ur5/install/ur_dashboard_msgs/share/ur_dashboard_msgs/action/SetMode.action
[0.434s] -- Installing: /home/pran/Robot_Arm_ur5/install/ur_dashboard_msgs/share/ament_index/resource_index/package_run_dependencies/ur_dashboard_msgs
[0.434s] -- Installing: /home/pran/Robot_Arm_ur5/install/ur_dashboard_msgs/share/ament_index/resource_index/parent_prefix_path/ur_dashboard_msgs
[0.434s] -- Installing: /home/pran/Robot_Arm_ur5/install/ur_dashboard_msgs/share/ur_dashboard_msgs/environment/ament_prefix_path.sh
[0.434s] -- Installing: /home/pran/Robot_Arm_ur5/install/ur_dashboard_msgs/share/ur_dashboard_msgs/environment/ament_prefix_path.dsv
[0.434s] -- Installing: /home/pran/Robot_Arm_ur5/install/ur_dashboard_msgs/share/ur_dashboard_msgs/environment/path.sh
[0.434s] -- Installing: /home/pran/Robot_Arm_ur5/install/ur_dashboard_msgs/share/ur_dashboard_msgs/environment/path.dsv
[0.434s] -- Installing: /home/pran/Robot_Arm_ur5/install/ur_dashboard_msgs/share/ur_dashboard_msgs/local_setup.bash
[0.434s] -- Installing: /home/pran/Robot_Arm_ur5/install/ur_dashboard_msgs/share/ur_dashboard_msgs/local_setup.sh
[0.434s] -- Installing: /home/pran/Robot_Arm_ur5/install/ur_dashboard_msgs/share/ur_dashboard_msgs/local_setup.zsh
[0.434s] -- Installing: /home/pran/Robot_Arm_ur5/install/ur_dashboard_msgs/share/ur_dashboard_msgs/local_setup.dsv
[0.434s] -- Installing: /home/pran/Robot_Arm_ur5/install/ur_dashboard_msgs/share/ur_dashboard_msgs/package.dsv
[0.434s] -- Installing: /home/pran/Robot_Arm_ur5/install/ur_dashboard_msgs/share/ament_index/resource_index/packages/ur_dashboard_msgs
[0.435s] -- Installing: /home/pran/Robot_Arm_ur5/install/ur_dashboard_msgs/share/ur_dashboard_msgs/cmake/export_ur_dashboard_msgs__rosidl_generator_cExport.cmake
[0.435s] -- Installing: /home/pran/Robot_Arm_ur5/install/ur_dashboard_msgs/share/ur_dashboard_msgs/cmake/export_ur_dashboard_msgs__rosidl_generator_cExport-noconfig.cmake
[0.435s] -- Installing: /home/pran/Robot_Arm_ur5/install/ur_dashboard_msgs/share/ur_dashboard_msgs/cmake/export_ur_dashboard_msgs__rosidl_typesupport_fastrtps_cExport.cmake
[0.435s] -- Installing: /home/pran/Robot_Arm_ur5/install/ur_dashboard_msgs/share/ur_dashboard_msgs/cmake/export_ur_dashboard_msgs__rosidl_typesupport_fastrtps_cExport-noconfig.cmake
[0.435s] -- Installing: /home/pran/Robot_Arm_ur5/install/ur_dashboard_msgs/share/ur_dashboard_msgs/cmake/ur_dashboard_msgs__rosidl_typesupport_introspection_cExport.cmake
[0.435s] -- Installing: /home/pran/Robot_Arm_ur5/install/ur_dashboard_msgs/share/ur_dashboard_msgs/cmake/ur_dashboard_msgs__rosidl_typesupport_introspection_cExport-noconfig.cmake
[0.435s] -- Installing: /home/pran/Robot_Arm_ur5/install/ur_dashboard_msgs/share/ur_dashboard_msgs/cmake/ur_dashboard_msgs__rosidl_typesupport_cExport.cmake
[0.435s] -- Installing: /home/pran/Robot_Arm_ur5/install/ur_dashboard_msgs/share/ur_dashboard_msgs/cmake/ur_dashboard_msgs__rosidl_typesupport_cExport-noconfig.cmake
[0.435s] -- Installing: /home/pran/Robot_Arm_ur5/install/ur_dashboard_msgs/share/ur_dashboard_msgs/cmake/export_ur_dashboard_msgs__rosidl_generator_cppExport.cmake
[0.435s] -- Installing: /home/pran/Robot_Arm_ur5/install/ur_dashboard_msgs/share/ur_dashboard_msgs/cmake/export_ur_dashboard_msgs__rosidl_typesupport_fastrtps_cppExport.cmake
[0.435s] -- Installing: /home/pran/Robot_Arm_ur5/install/ur_dashboard_msgs/share/ur_dashboard_msgs/cmake/export_ur_dashboard_msgs__rosidl_typesupport_fastrtps_cppExport-noconfig.cmake
[0.435s] -- Installing: /home/pran/Robot_Arm_ur5/install/ur_dashboard_msgs/share/ur_dashboard_msgs/cmake/ur_dashboard_msgs__rosidl_typesupport_introspection_cppExport.cmake
[0.435s] -- Installing: /home/pran/Robot_Arm_ur5/install/ur_dashboard_msgs/share/ur_dashboard_msgs/cmake/ur_dashboard_msgs__rosidl_typesupport_introspection_cppExport-noconfig.cmake
[0.435s] -- Installing: /home/pran/Robot_Arm_ur5/install/ur_dashboard_msgs/share/ur_dashboard_msgs/cmake/ur_dashboard_msgs__rosidl_typesupport_cppExport.cmake
[0.436s] -- Installing: /home/pran/Robot_Arm_ur5/install/ur_dashboard_msgs/share/ur_dashboard_msgs/cmake/ur_dashboard_msgs__rosidl_typesupport_cppExport-noconfig.cmake
[0.436s] -- Installing: /home/pran/Robot_Arm_ur5/install/ur_dashboard_msgs/share/ur_dashboard_msgs/cmake/export_ur_dashboard_msgs__rosidl_generator_pyExport.cmake
[0.436s] -- Installing: /home/pran/Robot_Arm_ur5/install/ur_dashboard_msgs/share/ur_dashboard_msgs/cmake/export_ur_dashboard_msgs__rosidl_generator_pyExport-noconfig.cmake
[0.436s] -- Installing: /home/pran/Robot_Arm_ur5/install/ur_dashboard_msgs/share/ur_dashboard_msgs/cmake/rosidl_cmake-extras.cmake
[0.436s] -- Installing: /home/pran/Robot_Arm_ur5/install/ur_dashboard_msgs/share/ur_dashboard_msgs/cmake/ament_cmake_export_dependencies-extras.cmake
[0.436s] -- Installing: /home/pran/Robot_Arm_ur5/install/ur_dashboard_msgs/share/ur_dashboard_msgs/cmake/ament_cmake_export_include_directories-extras.cmake
[0.436s] -- Installing: /home/pran/Robot_Arm_ur5/install/ur_dashboard_msgs/share/ur_dashboard_msgs/cmake/ament_cmake_export_libraries-extras.cmake
[0.436s] -- Installing: /home/pran/Robot_Arm_ur5/install/ur_dashboard_msgs/share/ur_dashboard_msgs/cmake/ament_cmake_export_targets-extras.cmake
[0.436s] -- Installing: /home/pran/Robot_Arm_ur5/install/ur_dashboard_msgs/share/ur_dashboard_msgs/cmake/rosidl_cmake_export_typesupport_targets-extras.cmake
[0.436s] -- Installing: /home/pran/Robot_Arm_ur5/install/ur_dashboard_msgs/share/ur_dashboard_msgs/cmake/rosidl_cmake_export_typesupport_libraries-extras.cmake
[0.436s] -- Installing: /home/pran/Robot_Arm_ur5/install/ur_dashboard_msgs/share/ur_dashboard_msgs/cmake/ur_dashboard_msgsConfig.cmake
[0.436s] -- Installing: /home/pran/Robot_Arm_ur5/install/ur_dashboard_msgs/share/ur_dashboard_msgs/cmake/ur_dashboard_msgsConfig-version.cmake
[0.436s] -- Installing: /home/pran/Robot_Arm_ur5/install/ur_dashboard_msgs/share/ur_dashboard_msgs/package.xml
[0.438s] Invoked command in '/home/pran/Robot_Arm_ur5/build/ur_dashboard_msgs' returned '0': CMAKE_PREFIX_PATH=/opt/ros/humble /usr/bin/cmake --install /home/pran/Robot_Arm_ur5/build/ur_dashboard_msgs
