[0.005s] Invoking command in '/home/pran/Robot_Arm_ur5/build/moveit_core': AMENT_PREFIX_PATH=/home/pran/Robot_Arm_ur5/install/moveit_common:${AMENT_PREFIX_PATH} CMAKE_PREFIX_PATH=/home/pran/Robot_Arm_ur5/install/moveit_common:/opt/ros/humble /usr/bin/cmake /home/pran/Robot_Arm_ur5/src/moveit2/moveit_core -DCMAKE_INSTALL_PREFIX=/home/pran/Robot_Arm_ur5/install/moveit_core
[0.050s] -- The CXX compiler identification is GNU 11.4.0
[0.055s] -- Detecting CXX compiler ABI info
[0.112s] -- Detecting CXX compiler ABI info - done
[0.119s] -- Check for working CXX compiler: /usr/bin/c++ - skipped
[0.119s] -- Detecting CXX compile features
[0.119s] -- Detecting CXX compile features - done
[0.119s] -- Found moveit_common: 2.14.1 (/home/pran/Robot_Arm_ur5/install/moveit_common/share/moveit_common/cmake)
[0.120s] -- Found ament_cmake: 1.3.12 (/opt/ros/humble/share/ament_cmake/cmake)
[0.219s] -- Found Python3: /usr/bin/python3 (found version "3.10.12") found components: Interpreter 
[0.319s] [0mmoveit_core: You did not request a specific build type: Choosing 'Release' for maximum performance[0m
[0.320s] -- Found angles: 1.15.0 (/opt/ros/humble/share/angles/cmake)
[0.336s] -- Found Bullet: /usr/lib/x86_64-linux-gnu/libBulletDynamics.so (Required is at least version "2.87") 
[0.338s] -- Found common_interfaces: 4.9.0 (/opt/ros/humble/share/common_interfaces/cmake)
[0.338s] -- Found eigen_stl_containers: 1.1.0 (/opt/ros/humble/share/eigen_stl_containers/cmake)
[0.346s] -- Found eigen3_cmake_module: 0.1.1 (/opt/ros/humble/share/eigen3_cmake_module/cmake)
[0.349s] -- Found Eigen3: TRUE (found version "3.4.0") 
[0.351s] -- Found generate_parameter_library: 0.5.0 (/opt/ros/humble/share/generate_parameter_library/cmake)
[0.355s] -- Found parameter_traits: 0.5.0 (/opt/ros/humble/share/parameter_traits/cmake)
[0.379s] -- Found rosidl_generator_c: 3.1.7 (/opt/ros/humble/share/rosidl_generator_c/cmake)
[0.382s] -- Found rosidl_adapter: 3.1.7 (/opt/ros/humble/share/rosidl_adapter/cmake)
[0.387s] -- Found rosidl_generator_cpp: 3.1.7 (/opt/ros/humble/share/rosidl_generator_cpp/cmake)
[0.394s] -- Using all available rosidl_typesupport_c: rosidl_typesupport_fastrtps_c;rosidl_typesupport_introspection_c
[0.403s] -- Using all available rosidl_typesupport_cpp: rosidl_typesupport_fastrtps_cpp;rosidl_typesupport_introspection_cpp
[0.438s] -- Found rmw_implementation_cmake: 6.1.2 (/opt/ros/humble/share/rmw_implementation_cmake/cmake)
[0.441s] -- Found rmw_fastrtps_cpp: 6.2.9 (/opt/ros/humble/share/rmw_fastrtps_cpp/cmake)
[0.507s] -- Found OpenSSL: /usr/lib/x86_64-linux-gnu/libcrypto.so (found version "3.0.2")  
[0.525s] -- Found FastRTPS: /opt/ros/humble/include  
[0.554s] -- Using RMW implementation 'rmw_fastrtps_cpp' as default
[0.562s] -- Looking for C++ include pthread.h
[0.638s] -- Looking for C++ include pthread.h - found
[0.638s] -- Performing Test CMAKE_HAVE_LIBC_PTHREAD
[0.715s] -- Performing Test CMAKE_HAVE_LIBC_PTHREAD - Success
[0.716s] -- Found Threads: TRUE  
[0.774s] -- Found rclcpp_lifecycle: 16.0.16 (/opt/ros/humble/share/rclcpp_lifecycle/cmake)
[0.793s] -- Found geometric_shapes: 2.3.2 (/opt/ros/humble/share/geometric_shapes/cmake)
[0.807s] -- Found Boost: /usr/lib/x86_64-linux-gnu/cmake/Boost-1.74.0/BoostConfig.cmake (found version "1.74.0") found components: filesystem 
[0.886s] -- library: /usr/lib/x86_64-linux-gnu/libcurl.so
[0.935s] -- Found kdl_parser: 2.6.4 (/opt/ros/humble/share/kdl_parser/cmake)
[0.940s] -- Ensuring Eigen3 include directory is part of orocos-kdl CMake target
[0.943s] -- Found moveit_msgs: 2.2.1 (/opt/ros/humble/share/moveit_msgs/cmake)
[1.022s] [31mCMake Error at CMakeLists.txt:25 (find_package):
[1.022s]   By not providing "Findosqp.cmake" in CMAKE_MODULE_PATH this project has
[1.022s]   asked CMake to find a package configuration file provided by "osqp", but
[1.022s]   CMake did not find one.
[1.022s] 
[1.022s]   Could not find a package configuration file provided by "osqp" with any of
[1.022s]   the following names:
[1.022s] 
[1.022s]     osqpConfig.cmake
[1.022s]     osqp-config.cmake
[1.022s] 
[1.022s]   Add the installation prefix of "osqp" to CMAKE_PREFIX_PATH or set
[1.023s]   "osqp_DIR" to a directory containing one of the above files.  If "osqp"
[1.023s]   provides a separate development package or SDK, be sure it has been
[1.023s]   installed.
[1.023s] 
[1.023s] [0m
[1.023s] -- Configuring incomplete, errors occurred!
[1.023s] See also "/home/pran/Robot_Arm_ur5/build/moveit_core/CMakeFiles/CMakeOutput.log".
[1.030s] Invoked command in '/home/pran/Robot_Arm_ur5/build/moveit_core' returned '1': AMENT_PREFIX_PATH=/home/pran/Robot_Arm_ur5/install/moveit_common:${AMENT_PREFIX_PATH} CMAKE_PREFIX_PATH=/home/pran/Robot_Arm_ur5/install/moveit_common:/opt/ros/humble /usr/bin/cmake /home/pran/Robot_Arm_ur5/src/moveit2/moveit_core -DCMAKE_INSTALL_PREFIX=/home/pran/Robot_Arm_ur5/install/moveit_core
