[0.151s] Invoking command in '/home/pran/Robot_Arm_ur5/build/ur_description': CMAKE_PREFIX_PATH=/opt/ros/humble /usr/bin/cmake /home/pran/Robot_Arm_ur5/src/Universal_Robots_ROS2_Description -DCMAKE_INSTALL_PREFIX=/home/pran/Robot_Arm_ur5/install/ur_description
[0.209s] -- The C compiler identification is GNU 11.4.0
[0.259s] -- The CXX compiler identification is GNU 11.4.0
[0.265s] -- Detecting C compiler ABI info
[0.315s] -- Detecting C compiler ABI info - done
[0.321s] -- Check for working C compiler: /usr/bin/cc - skipped
[0.321s] -- Detecting C compile features
[0.321s] -- Detecting C compile features - done
[0.323s] -- Detecting CXX compiler ABI info
[0.376s] -- Detecting CXX compiler ABI info - done
[0.380s] -- Check for working CXX compiler: /usr/bin/c++ - skipped
[0.380s] -- Detecting CXX compile features
[0.381s] -- Detecting CXX compile features - done
[0.382s] -- Found ament_cmake: 1.3.12 (/opt/ros/humble/share/ament_cmake/cmake)
[0.501s] -- Found Python3: /usr/bin/python3 (found version "3.10.12") found components: Interpreter 
[0.556s] -- Found ament_cmake_pytest: 1.3.12 (/opt/ros/humble/share/ament_cmake_pytest/cmake)
[1.004s] -- Configuring done
[1.005s] -- Generating done
[1.006s] -- Build files have been written to: /home/pran/Robot_Arm_ur5/build/ur_description
[1.009s] Invoked command in '/home/pran/Robot_Arm_ur5/build/ur_description' returned '0': CMAKE_PREFIX_PATH=/opt/ros/humble /usr/bin/cmake /home/pran/Robot_Arm_ur5/src/Universal_Robots_ROS2_Description -DCMAKE_INSTALL_PREFIX=/home/pran/Robot_Arm_ur5/install/ur_description
[1.010s] Invoking command in '/home/pran/Robot_Arm_ur5/build/ur_description': CMAKE_PREFIX_PATH=/opt/ros/humble /usr/bin/cmake --build /home/pran/Robot_Arm_ur5/build/ur_description -- -j20 -l20
[1.037s] Invoked command in '/home/pran/Robot_Arm_ur5/build/ur_description' returned '0': CMAKE_PREFIX_PATH=/opt/ros/humble /usr/bin/cmake --build /home/pran/Robot_Arm_ur5/build/ur_description -- -j20 -l20
[1.037s] Invoking command in '/home/pran/Robot_Arm_ur5/build/ur_description': CMAKE_PREFIX_PATH=/opt/ros/humble /usr/bin/cmake --install /home/pran/Robot_Arm_ur5/build/ur_description
[1.043s] -- Install configuration: ""
[1.043s] -- Installing: /home/pran/Robot_Arm_ur5/install/ur_description/share/ur_description/config
[1.043s] -- Installing: /home/pran/Robot_Arm_ur5/install/ur_description/share/ur_description/config/ur5e
[1.043s] -- Installing: /home/pran/Robot_Arm_ur5/install/ur_description/share/ur_description/config/ur5e/visual_parameters.yaml
[1.044s] -- Installing: /home/pran/Robot_Arm_ur5/install/ur_description/share/ur_description/config/ur5e/default_kinematics.yaml
[1.044s] -- Installing: /home/pran/Robot_Arm_ur5/install/ur_description/share/ur_description/config/ur5e/physical_parameters.yaml
[1.044s] -- Installing: /home/pran/Robot_Arm_ur5/install/ur_description/share/ur_description/config/ur5e/joint_limits.yaml
[1.044s] -- Installing: /home/pran/Robot_Arm_ur5/install/ur_description/share/ur_description/config/ur12e
[1.044s] -- Installing: /home/pran/Robot_Arm_ur5/install/ur_description/share/ur_description/config/ur12e/visual_parameters.yaml
[1.044s] -- Installing: /home/pran/Robot_Arm_ur5/install/ur_description/share/ur_description/config/ur12e/default_kinematics.yaml
[1.045s] -- Installing: /home/pran/Robot_Arm_ur5/install/ur_description/share/ur_description/config/ur12e/physical_parameters.yaml
[1.045s] -- Installing: /home/pran/Robot_Arm_ur5/install/ur_description/share/ur_description/config/ur12e/joint_limits.yaml
[1.045s] -- Installing: /home/pran/Robot_Arm_ur5/install/ur_description/share/ur_description/config/ur16e
[1.045s] -- Installing: /home/pran/Robot_Arm_ur5/install/ur_description/share/ur_description/config/ur16e/visual_parameters.yaml
[1.045s] -- Installing: /home/pran/Robot_Arm_ur5/install/ur_description/share/ur_description/config/ur16e/default_kinematics.yaml
[1.045s] -- Installing: /home/pran/Robot_Arm_ur5/install/ur_description/share/ur_description/config/ur16e/physical_parameters.yaml
[1.045s] -- Installing: /home/pran/Robot_Arm_ur5/install/ur_description/share/ur_description/config/ur16e/joint_limits.yaml
[1.045s] -- Installing: /home/pran/Robot_Arm_ur5/install/ur_description/share/ur_description/config/ur8long
[1.045s] -- Installing: /home/pran/Robot_Arm_ur5/install/ur_description/share/ur_description/config/ur8long/visual_parameters.yaml
[1.045s] -- Installing: /home/pran/Robot_Arm_ur5/install/ur_description/share/ur_description/config/ur8long/default_kinematics.yaml
[1.045s] -- Installing: /home/pran/Robot_Arm_ur5/install/ur_description/share/ur_description/config/ur8long/physical_parameters.yaml
[1.045s] -- Installing: /home/pran/Robot_Arm_ur5/install/ur_description/share/ur_description/config/ur8long/joint_limits.yaml
[1.045s] -- Installing: /home/pran/Robot_Arm_ur5/install/ur_description/share/ur_description/config/ur10
[1.045s] -- Installing: /home/pran/Robot_Arm_ur5/install/ur_description/share/ur_description/config/ur10/visual_parameters.yaml
[1.045s] -- Installing: /home/pran/Robot_Arm_ur5/install/ur_description/share/ur_description/config/ur10/default_kinematics.yaml
[1.045s] -- Installing: /home/pran/Robot_Arm_ur5/install/ur_description/share/ur_description/config/ur10/physical_parameters.yaml
[1.046s] -- Installing: /home/pran/Robot_Arm_ur5/install/ur_description/share/ur_description/config/ur10/joint_limits.yaml
[1.046s] -- Installing: /home/pran/Robot_Arm_ur5/install/ur_description/share/ur_description/config/ur30
[1.046s] -- Installing: /home/pran/Robot_Arm_ur5/install/ur_description/share/ur_description/config/ur30/visual_parameters.yaml
[1.046s] -- Installing: /home/pran/Robot_Arm_ur5/install/ur_description/share/ur_description/config/ur30/default_kinematics.yaml
[1.046s] -- Installing: /home/pran/Robot_Arm_ur5/install/ur_description/share/ur_description/config/ur30/physical_parameters.yaml
[1.046s] -- Installing: /home/pran/Robot_Arm_ur5/install/ur_description/share/ur_description/config/ur30/joint_limits.yaml
[1.046s] -- Installing: /home/pran/Robot_Arm_ur5/install/ur_description/share/ur_description/config/ur3e
[1.046s] -- Installing: /home/pran/Robot_Arm_ur5/install/ur_description/share/ur_description/config/ur3e/visual_parameters.yaml
[1.046s] -- Installing: /home/pran/Robot_Arm_ur5/install/ur_description/share/ur_description/config/ur3e/default_kinematics.yaml
[1.046s] -- Installing: /home/pran/Robot_Arm_ur5/install/ur_description/share/ur_description/config/ur3e/physical_parameters.yaml
[1.046s] -- Installing: /home/pran/Robot_Arm_ur5/install/ur_description/share/ur_description/config/ur3e/joint_limits.yaml
[1.046s] -- Installing: /home/pran/Robot_Arm_ur5/install/ur_description/share/ur_description/config/ur5
[1.047s] -- Installing: /home/pran/Robot_Arm_ur5/install/ur_description/share/ur_description/config/ur5/visual_parameters.yaml
[1.047s] -- Installing: /home/pran/Robot_Arm_ur5/install/ur_description/share/ur_description/config/ur5/default_kinematics.yaml
[1.047s] -- Installing: /home/pran/Robot_Arm_ur5/install/ur_description/share/ur_description/config/ur5/physical_parameters.yaml
[1.047s] -- Installing: /home/pran/Robot_Arm_ur5/install/ur_description/share/ur_description/config/ur5/joint_limits.yaml
[1.047s] -- Installing: /home/pran/Robot_Arm_ur5/install/ur_description/share/ur_description/config/ur18
[1.047s] -- Installing: /home/pran/Robot_Arm_ur5/install/ur_description/share/ur_description/config/ur18/visual_parameters.yaml
[1.047s] -- Installing: /home/pran/Robot_Arm_ur5/install/ur_description/share/ur_description/config/ur18/default_kinematics.yaml
[1.047s] -- Installing: /home/pran/Robot_Arm_ur5/install/ur_description/share/ur_description/config/ur18/physical_parameters.yaml
[1.047s] -- Installing: /home/pran/Robot_Arm_ur5/install/ur_description/share/ur_description/config/ur18/joint_limits.yaml
[1.047s] -- Installing: /home/pran/Robot_Arm_ur5/install/ur_description/share/ur_description/config/ur3
[1.047s] -- Installing: /home/pran/Robot_Arm_ur5/install/ur_description/share/ur_description/config/ur3/visual_parameters.yaml
[1.047s] -- Installing: /home/pran/Robot_Arm_ur5/install/ur_description/share/ur_description/config/ur3/default_kinematics.yaml
[1.047s] -- Installing: /home/pran/Robot_Arm_ur5/install/ur_description/share/ur_description/config/ur3/physical_parameters.yaml
[1.048s] -- Installing: /home/pran/Robot_Arm_ur5/install/ur_description/share/ur_description/config/ur3/joint_limits.yaml
[1.048s] -- Installing: /home/pran/Robot_Arm_ur5/install/ur_description/share/ur_description/config/ur10e
[1.048s] -- Installing: /home/pran/Robot_Arm_ur5/install/ur_description/share/ur_description/config/ur10e/visual_parameters.yaml
[1.048s] -- Installing: /home/pran/Robot_Arm_ur5/install/ur_description/share/ur_description/config/ur10e/default_kinematics.yaml
[1.048s] -- Installing: /home/pran/Robot_Arm_ur5/install/ur_description/share/ur_description/config/ur10e/physical_parameters.yaml
[1.048s] -- Installing: /home/pran/Robot_Arm_ur5/install/ur_description/share/ur_description/config/ur10e/joint_limits.yaml
[1.048s] -- Installing: /home/pran/Robot_Arm_ur5/install/ur_description/share/ur_description/config/ur20
[1.048s] -- Installing: /home/pran/Robot_Arm_ur5/install/ur_description/share/ur_description/config/ur20/visual_parameters.yaml
[1.048s] -- Installing: /home/pran/Robot_Arm_ur5/install/ur_description/share/ur_description/config/ur20/default_kinematics.yaml
[1.048s] -- Installing: /home/pran/Robot_Arm_ur5/install/ur_description/share/ur_description/config/ur20/physical_parameters.yaml
[1.048s] -- Installing: /home/pran/Robot_Arm_ur5/install/ur_description/share/ur_description/config/ur20/joint_limits.yaml
[1.049s] -- Installing: /home/pran/Robot_Arm_ur5/install/ur_description/share/ur_description/config/ur7e
[1.049s] -- Installing: /home/pran/Robot_Arm_ur5/install/ur_description/share/ur_description/config/ur7e/visual_parameters.yaml
[1.049s] -- Installing: /home/pran/Robot_Arm_ur5/install/ur_description/share/ur_description/config/ur7e/default_kinematics.yaml
[1.049s] -- Installing: /home/pran/Robot_Arm_ur5/install/ur_description/share/ur_description/config/ur7e/physical_parameters.yaml
[1.049s] -- Installing: /home/pran/Robot_Arm_ur5/install/ur_description/share/ur_description/config/ur7e/joint_limits.yaml
[1.049s] -- Installing: /home/pran/Robot_Arm_ur5/install/ur_description/share/ur_description/config/initial_positions.yaml
[1.049s] -- Installing: /home/pran/Robot_Arm_ur5/install/ur_description/share/ur_description/config/ur15
[1.049s] -- Installing: /home/pran/Robot_Arm_ur5/install/ur_description/share/ur_description/config/ur15/visual_parameters.yaml
[1.049s] -- Installing: /home/pran/Robot_Arm_ur5/install/ur_description/share/ur_description/config/ur15/default_kinematics.yaml
[1.049s] -- Installing: /home/pran/Robot_Arm_ur5/install/ur_description/share/ur_description/config/ur15/physical_parameters.yaml
[1.049s] -- Installing: /home/pran/Robot_Arm_ur5/install/ur_description/share/ur_description/config/ur15/joint_limits.yaml
[1.049s] -- Installing: /home/pran/Robot_Arm_ur5/install/ur_description/share/ur_description/launch
[1.049s] -- Installing: /home/pran/Robot_Arm_ur5/install/ur_description/share/ur_description/launch/view_ur.launch.py
[1.050s] -- Installing: /home/pran/Robot_Arm_ur5/install/ur_description/share/ur_description/meshes
[1.050s] -- Installing: /home/pran/Robot_Arm_ur5/install/ur_description/share/ur_description/meshes/ur5e
[1.050s] -- Installing: /home/pran/Robot_Arm_ur5/install/ur_description/share/ur_description/meshes/ur5e/collision
[1.050s] -- Installing: /home/pran/Robot_Arm_ur5/install/ur_description/share/ur_description/meshes/ur5e/collision/forearm.stl
[1.050s] -- Installing: /home/pran/Robot_Arm_ur5/install/ur_description/share/ur_description/meshes/ur5e/collision/shoulder.stl
[1.050s] -- Installing: /home/pran/Robot_Arm_ur5/install/ur_description/share/ur_description/meshes/ur5e/collision/wrist1.stl
[1.050s] -- Installing: /home/pran/Robot_Arm_ur5/install/ur_description/share/ur_description/meshes/ur5e/collision/wrist2.stl
[1.051s] -- Installing: /home/pran/Robot_Arm_ur5/install/ur_description/share/ur_description/meshes/ur5e/collision/wrist3.stl
[1.051s] -- Installing: /home/pran/Robot_Arm_ur5/install/ur_description/share/ur_description/meshes/ur5e/collision/upperarm.stl
[1.051s] -- Installing: /home/pran/Robot_Arm_ur5/install/ur_description/share/ur_description/meshes/ur5e/collision/base.stl
[1.051s] -- Installing: /home/pran/Robot_Arm_ur5/install/ur_description/share/ur_description/meshes/ur5e/visual
[1.051s] -- Installing: /home/pran/Robot_Arm_ur5/install/ur_description/share/ur_description/meshes/ur5e/visual/base.dae
[1.052s] -- Installing: /home/pran/Robot_Arm_ur5/install/ur_description/share/ur_description/meshes/ur5e/visual/forearm.dae
[1.054s] -- Installing: /home/pran/Robot_Arm_ur5/install/ur_description/share/ur_description/meshes/ur5e/visual/shoulder.dae
[1.056s] -- Installing: /home/pran/Robot_Arm_ur5/install/ur_description/share/ur_description/meshes/ur5e/visual/upperarm.dae
[1.059s] -- Installing: /home/pran/Robot_Arm_ur5/install/ur_description/share/ur_description/meshes/ur5e/visual/wrist2.dae
[1.060s] -- Installing: /home/pran/Robot_Arm_ur5/install/ur_description/share/ur_description/meshes/ur5e/visual/wrist3.dae
[1.061s] -- Installing: /home/pran/Robot_Arm_ur5/install/ur_description/share/ur_description/meshes/ur5e/visual/wrist1.dae
[1.063s] -- Installing: /home/pran/Robot_Arm_ur5/install/ur_description/share/ur_description/meshes/ur16e
[1.063s] -- Installing: /home/pran/Robot_Arm_ur5/install/ur_description/share/ur_description/meshes/ur16e/collision
[1.063s] -- Installing: /home/pran/Robot_Arm_ur5/install/ur_description/share/ur_description/meshes/ur16e/collision/forearm.stl
[1.063s] -- Installing: /home/pran/Robot_Arm_ur5/install/ur_description/share/ur_description/meshes/ur16e/collision/upperarm.stl
[1.063s] -- Installing: /home/pran/Robot_Arm_ur5/install/ur_description/share/ur_description/meshes/ur16e/visual
[1.064s] -- Installing: /home/pran/Robot_Arm_ur5/install/ur_description/share/ur_description/meshes/ur16e/visual/forearm.dae
[1.066s] -- Installing: /home/pran/Robot_Arm_ur5/install/ur_description/share/ur_description/meshes/ur16e/visual/upperarm.dae
[1.068s] -- Installing: /home/pran/Robot_Arm_ur5/install/ur_description/share/ur_description/meshes/ur8long
[1.068s] -- Installing: /home/pran/Robot_Arm_ur5/install/ur_description/share/ur_description/meshes/ur8long/LICENSE.txt
[1.069s] -- Installing: /home/pran/Robot_Arm_ur5/install/ur_description/share/ur_description/meshes/ur8long/collision
[1.069s] -- Installing: /home/pran/Robot_Arm_ur5/install/ur_description/share/ur_description/meshes/ur8long/collision/forearm.stl
[1.069s] -- Installing: /home/pran/Robot_Arm_ur5/install/ur_description/share/ur_description/meshes/ur8long/collision/upperarm.stl
[1.069s] -- Installing: /home/pran/Robot_Arm_ur5/install/ur_description/share/ur_description/meshes/ur8long/visual
[1.069s] -- Installing: /home/pran/Robot_Arm_ur5/install/ur_description/share/ur_description/meshes/ur8long/visual/forearm.dae
[1.070s] -- Installing: /home/pran/Robot_Arm_ur5/install/ur_description/share/ur_description/meshes/ur8long/visual/UR8Long_DIFF_8bit_2K.jpg
[1.071s] -- Installing: /home/pran/Robot_Arm_ur5/install/ur_description/share/ur_description/meshes/ur8long/visual/upperarm.dae
[1.071s] -- Installing: /home/pran/Robot_Arm_ur5/install/ur_description/share/ur_description/meshes/ur10
[1.071s] -- Installing: /home/pran/Robot_Arm_ur5/install/ur_description/share/ur_description/meshes/ur10/collision
[1.071s] -- Installing: /home/pran/Robot_Arm_ur5/install/ur_description/share/ur_description/meshes/ur10/collision/forearm.stl
[1.071s] -- Installing: /home/pran/Robot_Arm_ur5/install/ur_description/share/ur_description/meshes/ur10/collision/shoulder.stl
[1.072s] -- Installing: /home/pran/Robot_Arm_ur5/install/ur_description/share/ur_description/meshes/ur10/collision/wrist1.stl
[1.072s] -- Installing: /home/pran/Robot_Arm_ur5/install/ur_description/share/ur_description/meshes/ur10/collision/wrist2.stl
[1.072s] -- Installing: /home/pran/Robot_Arm_ur5/install/ur_description/share/ur_description/meshes/ur10/collision/wrist3.stl
[1.072s] -- Installing: /home/pran/Robot_Arm_ur5/install/ur_description/share/ur_description/meshes/ur10/collision/upperarm.stl
[1.073s] -- Installing: /home/pran/Robot_Arm_ur5/install/ur_description/share/ur_description/meshes/ur10/collision/base.stl
[1.073s] -- Installing: /home/pran/Robot_Arm_ur5/install/ur_description/share/ur_description/meshes/ur10/visual
[1.073s] -- Installing: /home/pran/Robot_Arm_ur5/install/ur_description/share/ur_description/meshes/ur10/visual/base.dae
[1.073s] -- Installing: /home/pran/Robot_Arm_ur5/install/ur_description/share/ur_description/meshes/ur10/visual/forearm.dae
[1.075s] -- Installing: /home/pran/Robot_Arm_ur5/install/ur_description/share/ur_description/meshes/ur10/visual/shoulder.dae
[1.076s] -- Installing: /home/pran/Robot_Arm_ur5/install/ur_description/share/ur_description/meshes/ur10/visual/upperarm.dae
[1.078s] -- Installing: /home/pran/Robot_Arm_ur5/install/ur_description/share/ur_description/meshes/ur10/visual/wrist2.dae
[1.080s] -- Installing: /home/pran/Robot_Arm_ur5/install/ur_description/share/ur_description/meshes/ur10/visual/wrist3.dae
[1.081s] -- Installing: /home/pran/Robot_Arm_ur5/install/ur_description/share/ur_description/meshes/ur10/visual/wrist1.dae
[1.082s] -- Installing: /home/pran/Robot_Arm_ur5/install/ur_description/share/ur_description/meshes/ur30
[1.082s] -- Installing: /home/pran/Robot_Arm_ur5/install/ur_description/share/ur_description/meshes/ur30/LICENSE.txt
[1.083s] -- Installing: /home/pran/Robot_Arm_ur5/install/ur_description/share/ur_description/meshes/ur30/collision
[1.083s] -- Installing: /home/pran/Robot_Arm_ur5/install/ur_description/share/ur_description/meshes/ur30/collision/forearm.stl
[1.083s] -- Installing: /home/pran/Robot_Arm_ur5/install/ur_description/share/ur_description/meshes/ur30/collision/upperarm.stl
[1.083s] -- Installing: /home/pran/Robot_Arm_ur5/install/ur_description/share/ur_description/meshes/ur30/visual
[1.083s] -- Installing: /home/pran/Robot_Arm_ur5/install/ur_description/share/ur_description/meshes/ur30/visual/forearm.dae
[1.085s] -- Installing: /home/pran/Robot_Arm_ur5/install/ur_description/share/ur_description/meshes/ur30/visual/upperarm.dae
[1.086s] -- Installing: /home/pran/Robot_Arm_ur5/install/ur_description/share/ur_description/meshes/ur30/visual/UR30_DIFF_8bit_2K.png
[1.088s] -- Installing: /home/pran/Robot_Arm_ur5/install/ur_description/share/ur_description/meshes/ur3e
[1.088s] -- Installing: /home/pran/Robot_Arm_ur5/install/ur_description/share/ur_description/meshes/ur3e/collision
[1.088s] -- Installing: /home/pran/Robot_Arm_ur5/install/ur_description/share/ur_description/meshes/ur3e/collision/forearm.stl
[1.089s] -- Installing: /home/pran/Robot_Arm_ur5/install/ur_description/share/ur_description/meshes/ur3e/collision/shoulder.stl
[1.089s] -- Installing: /home/pran/Robot_Arm_ur5/install/ur_description/share/ur_description/meshes/ur3e/collision/wrist1.stl
[1.089s] -- Installing: /home/pran/Robot_Arm_ur5/install/ur_description/share/ur_description/meshes/ur3e/collision/wrist2.stl
[1.089s] -- Installing: /home/pran/Robot_Arm_ur5/install/ur_description/share/ur_description/meshes/ur3e/collision/wrist3.stl
[1.090s] -- Installing: /home/pran/Robot_Arm_ur5/install/ur_description/share/ur_description/meshes/ur3e/collision/upperarm.stl
[1.090s] -- Installing: /home/pran/Robot_Arm_ur5/install/ur_description/share/ur_description/meshes/ur3e/collision/base.stl
[1.090s] -- Installing: /home/pran/Robot_Arm_ur5/install/ur_description/share/ur_description/meshes/ur3e/visual
[1.090s] -- Installing: /home/pran/Robot_Arm_ur5/install/ur_description/share/ur_description/meshes/ur3e/visual/base.dae
[1.091s] -- Installing: /home/pran/Robot_Arm_ur5/install/ur_description/share/ur_description/meshes/ur3e/visual/forearm.dae
[1.092s] -- Installing: /home/pran/Robot_Arm_ur5/install/ur_description/share/ur_description/meshes/ur3e/visual/shoulder.dae
[1.094s] -- Installing: /home/pran/Robot_Arm_ur5/install/ur_description/share/ur_description/meshes/ur3e/visual/upperarm.dae
[1.097s] -- Installing: /home/pran/Robot_Arm_ur5/install/ur_description/share/ur_description/meshes/ur3e/visual/wrist2.dae
[1.098s] -- Installing: /home/pran/Robot_Arm_ur5/install/ur_description/share/ur_description/meshes/ur3e/visual/wrist3.dae
[1.099s] -- Installing: /home/pran/Robot_Arm_ur5/install/ur_description/share/ur_description/meshes/ur3e/visual/wrist1.dae
[1.100s] -- Installing: /home/pran/Robot_Arm_ur5/install/ur_description/share/ur_description/meshes/ur5
[1.100s] -- Installing: /home/pran/Robot_Arm_ur5/install/ur_description/share/ur_description/meshes/ur5/collision
[1.100s] -- Installing: /home/pran/Robot_Arm_ur5/install/ur_description/share/ur_description/meshes/ur5/collision/forearm.stl
[1.101s] -- Installing: /home/pran/Robot_Arm_ur5/install/ur_description/share/ur_description/meshes/ur5/collision/shoulder.stl
[1.101s] -- Installing: /home/pran/Robot_Arm_ur5/install/ur_description/share/ur_description/meshes/ur5/collision/wrist1.stl
[1.101s] -- Installing: /home/pran/Robot_Arm_ur5/install/ur_description/share/ur_description/meshes/ur5/collision/wrist2.stl
[1.101s] -- Installing: /home/pran/Robot_Arm_ur5/install/ur_description/share/ur_description/meshes/ur5/collision/wrist3.stl
[1.102s] -- Installing: /home/pran/Robot_Arm_ur5/install/ur_description/share/ur_description/meshes/ur5/collision/upperarm.stl
[1.102s] -- Installing: /home/pran/Robot_Arm_ur5/install/ur_description/share/ur_description/meshes/ur5/collision/base.stl
[1.102s] -- Installing: /home/pran/Robot_Arm_ur5/install/ur_description/share/ur_description/meshes/ur5/visual
[1.102s] -- Installing: /home/pran/Robot_Arm_ur5/install/ur_description/share/ur_description/meshes/ur5/visual/base.dae
[1.102s] -- Installing: /home/pran/Robot_Arm_ur5/install/ur_description/share/ur_description/meshes/ur5/visual/forearm.dae
[1.104s] -- Installing: /home/pran/Robot_Arm_ur5/install/ur_description/share/ur_description/meshes/ur5/visual/shoulder.dae
[1.105s] -- Installing: /home/pran/Robot_Arm_ur5/install/ur_description/share/ur_description/meshes/ur5/visual/upperarm.dae
[1.107s] -- Installing: /home/pran/Robot_Arm_ur5/install/ur_description/share/ur_description/meshes/ur5/visual/wrist2.dae
[1.108s] -- Installing: /home/pran/Robot_Arm_ur5/install/ur_description/share/ur_description/meshes/ur5/visual/wrist3.dae
[1.109s] -- Installing: /home/pran/Robot_Arm_ur5/install/ur_description/share/ur_description/meshes/ur5/visual/wrist1.dae
[1.111s] -- Installing: /home/pran/Robot_Arm_ur5/install/ur_description/share/ur_description/meshes/ur18
[1.111s] -- Installing: /home/pran/Robot_Arm_ur5/install/ur_description/share/ur_description/meshes/ur18/LICENSE.txt
[1.111s] -- Installing: /home/pran/Robot_Arm_ur5/install/ur_description/share/ur_description/meshes/ur18/collision
[1.111s] -- Installing: /home/pran/Robot_Arm_ur5/install/ur_description/share/ur_description/meshes/ur18/collision/forearm.stl
[1.112s] -- Installing: /home/pran/Robot_Arm_ur5/install/ur_description/share/ur_description/meshes/ur18/collision/upperarm.stl
[1.112s] -- Installing: /home/pran/Robot_Arm_ur5/install/ur_description/share/ur_description/meshes/ur18/visual
[1.112s] -- Installing: /home/pran/Robot_Arm_ur5/install/ur_description/share/ur_description/meshes/ur18/visual/forearm.dae
[1.113s] -- Installing: /home/pran/Robot_Arm_ur5/install/ur_description/share/ur_description/meshes/ur18/visual/UR18_DIFF_8bit_2K.jpg
[1.114s] -- Installing: /home/pran/Robot_Arm_ur5/install/ur_description/share/ur_description/meshes/ur18/visual/upperarm.dae
[1.114s] -- Installing: /home/pran/Robot_Arm_ur5/install/ur_description/share/ur_description/meshes/ur3
[1.114s] -- Installing: /home/pran/Robot_Arm_ur5/install/ur_description/share/ur_description/meshes/ur3/collision
[1.115s] -- Installing: /home/pran/Robot_Arm_ur5/install/ur_description/share/ur_description/meshes/ur3/collision/forearm.stl
[1.115s] -- Installing: /home/pran/Robot_Arm_ur5/install/ur_description/share/ur_description/meshes/ur3/collision/shoulder.stl
[1.116s] -- Installing: /home/pran/Robot_Arm_ur5/install/ur_description/share/ur_description/meshes/ur3/collision/wrist1.stl
[1.116s] -- Installing: /home/pran/Robot_Arm_ur5/install/ur_description/share/ur_description/meshes/ur3/collision/wrist2.stl
[1.117s] -- Installing: /home/pran/Robot_Arm_ur5/install/ur_description/share/ur_description/meshes/ur3/collision/wrist3.stl
[1.117s] -- Installing: /home/pran/Robot_Arm_ur5/install/ur_description/share/ur_description/meshes/ur3/collision/upperarm.stl
[1.118s] -- Installing: /home/pran/Robot_Arm_ur5/install/ur_description/share/ur_description/meshes/ur3/collision/base.stl
[1.118s] -- Installing: /home/pran/Robot_Arm_ur5/install/ur_description/share/ur_description/meshes/ur3/visual
[1.119s] -- Installing: /home/pran/Robot_Arm_ur5/install/ur_description/share/ur_description/meshes/ur3/visual/base.dae
[1.119s] -- Installing: /home/pran/Robot_Arm_ur5/install/ur_description/share/ur_description/meshes/ur3/visual/forearm.dae
[1.121s] -- Installing: /home/pran/Robot_Arm_ur5/install/ur_description/share/ur_description/meshes/ur3/visual/shoulder.dae
[1.123s] -- Installing: /home/pran/Robot_Arm_ur5/install/ur_description/share/ur_description/meshes/ur3/visual/upperarm.dae
[1.125s] -- Installing: /home/pran/Robot_Arm_ur5/install/ur_description/share/ur_description/meshes/ur3/visual/wrist2.dae
[1.126s] -- Installing: /home/pran/Robot_Arm_ur5/install/ur_description/share/ur_description/meshes/ur3/visual/wrist3.dae
[1.127s] -- Installing: /home/pran/Robot_Arm_ur5/install/ur_description/share/ur_description/meshes/ur3/visual/wrist1.dae
[1.128s] -- Installing: /home/pran/Robot_Arm_ur5/install/ur_description/share/ur_description/meshes/ur10e
[1.128s] -- Installing: /home/pran/Robot_Arm_ur5/install/ur_description/share/ur_description/meshes/ur10e/collision
[1.128s] -- Installing: /home/pran/Robot_Arm_ur5/install/ur_description/share/ur_description/meshes/ur10e/collision/forearm.stl
[1.128s] -- Installing: /home/pran/Robot_Arm_ur5/install/ur_description/share/ur_description/meshes/ur10e/collision/shoulder.stl
[1.128s] -- Installing: /home/pran/Robot_Arm_ur5/install/ur_description/share/ur_description/meshes/ur10e/collision/wrist1.stl
[1.129s] -- Installing: /home/pran/Robot_Arm_ur5/install/ur_description/share/ur_description/meshes/ur10e/collision/wrist2.stl
[1.129s] -- Installing: /home/pran/Robot_Arm_ur5/install/ur_description/share/ur_description/meshes/ur10e/collision/wrist3.stl
[1.129s] -- Installing: /home/pran/Robot_Arm_ur5/install/ur_description/share/ur_description/meshes/ur10e/collision/upperarm.stl
[1.130s] -- Installing: /home/pran/Robot_Arm_ur5/install/ur_description/share/ur_description/meshes/ur10e/collision/base.stl
[1.130s] -- Installing: /home/pran/Robot_Arm_ur5/install/ur_description/share/ur_description/meshes/ur10e/visual
[1.130s] -- Installing: /home/pran/Robot_Arm_ur5/install/ur_description/share/ur_description/meshes/ur10e/visual/base.dae
[1.130s] -- Installing: /home/pran/Robot_Arm_ur5/install/ur_description/share/ur_description/meshes/ur10e/visual/forearm.dae
[1.132s] -- Installing: /home/pran/Robot_Arm_ur5/install/ur_description/share/ur_description/meshes/ur10e/visual/shoulder.dae
[1.134s] -- Installing: /home/pran/Robot_Arm_ur5/install/ur_description/share/ur_description/meshes/ur10e/visual/upperarm.dae
[1.137s] -- Installing: /home/pran/Robot_Arm_ur5/install/ur_description/share/ur_description/meshes/ur10e/visual/wrist2.dae
[1.138s] -- Installing: /home/pran/Robot_Arm_ur5/install/ur_description/share/ur_description/meshes/ur10e/visual/wrist3.dae
[1.139s] -- Installing: /home/pran/Robot_Arm_ur5/install/ur_description/share/ur_description/meshes/ur10e/visual/wrist1.dae
[1.140s] -- Installing: /home/pran/Robot_Arm_ur5/install/ur_description/share/ur_description/meshes/ur20
[1.140s] -- Installing: /home/pran/Robot_Arm_ur5/install/ur_description/share/ur_description/meshes/ur20/LICENSE.txt
[1.140s] -- Installing: /home/pran/Robot_Arm_ur5/install/ur_description/share/ur_description/meshes/ur20/collision
[1.141s] -- Installing: /home/pran/Robot_Arm_ur5/install/ur_description/share/ur_description/meshes/ur20/collision/forearm.stl
[1.141s] -- Installing: /home/pran/Robot_Arm_ur5/install/ur_description/share/ur_description/meshes/ur20/collision/shoulder.stl
[1.141s] -- Installing: /home/pran/Robot_Arm_ur5/install/ur_description/share/ur_description/meshes/ur20/collision/wrist1.stl
[1.141s] -- Installing: /home/pran/Robot_Arm_ur5/install/ur_description/share/ur_description/meshes/ur20/collision/wrist2.stl
[1.142s] -- Installing: /home/pran/Robot_Arm_ur5/install/ur_description/share/ur_description/meshes/ur20/collision/wrist3.stl
[1.142s] -- Installing: /home/pran/Robot_Arm_ur5/install/ur_description/share/ur_description/meshes/ur20/collision/upperarm.stl
[1.142s] -- Installing: /home/pran/Robot_Arm_ur5/install/ur_description/share/ur_description/meshes/ur20/collision/base.stl
[1.142s] -- Installing: /home/pran/Robot_Arm_ur5/install/ur_description/share/ur_description/meshes/ur20/visual
[1.142s] -- Installing: /home/pran/Robot_Arm_ur5/install/ur_description/share/ur_description/meshes/ur20/visual/base.dae
[1.143s] -- Installing: /home/pran/Robot_Arm_ur5/install/ur_description/share/ur_description/meshes/ur20/visual/forearm.dae
[1.144s] -- Installing: /home/pran/Robot_Arm_ur5/install/ur_description/share/ur_description/meshes/ur20/visual/shoulder.dae
[1.145s] -- Installing: /home/pran/Robot_Arm_ur5/install/ur_description/share/ur_description/meshes/ur20/visual/UR20_DIFF_8bit_2K.png
[1.146s] -- Installing: /home/pran/Robot_Arm_ur5/install/ur_description/share/ur_description/meshes/ur20/visual/upperarm.dae
[1.147s] -- Installing: /home/pran/Robot_Arm_ur5/install/ur_description/share/ur_description/meshes/ur20/visual/wrist2.dae
[1.148s] -- Installing: /home/pran/Robot_Arm_ur5/install/ur_description/share/ur_description/meshes/ur20/visual/wrist3.dae
[1.149s] -- Installing: /home/pran/Robot_Arm_ur5/install/ur_description/share/ur_description/meshes/ur20/visual/wrist1.dae
[1.149s] -- Installing: /home/pran/Robot_Arm_ur5/install/ur_description/share/ur_description/meshes/ur15
[1.149s] -- Installing: /home/pran/Robot_Arm_ur5/install/ur_description/share/ur_description/meshes/ur15/LICENSE.txt
[1.150s] -- Installing: /home/pran/Robot_Arm_ur5/install/ur_description/share/ur_description/meshes/ur15/collision
[1.150s] -- Installing: /home/pran/Robot_Arm_ur5/install/ur_description/share/ur_description/meshes/ur15/collision/forearm.stl
[1.150s] -- Installing: /home/pran/Robot_Arm_ur5/install/ur_description/share/ur_description/meshes/ur15/collision/shoulder.stl
[1.150s] -- Installing: /home/pran/Robot_Arm_ur5/install/ur_description/share/ur_description/meshes/ur15/collision/wrist1.stl
[1.150s] -- Installing: /home/pran/Robot_Arm_ur5/install/ur_description/share/ur_description/meshes/ur15/collision/wrist2.stl
[1.150s] -- Installing: /home/pran/Robot_Arm_ur5/install/ur_description/share/ur_description/meshes/ur15/collision/wrist3.stl
[1.150s] -- Installing: /home/pran/Robot_Arm_ur5/install/ur_description/share/ur_description/meshes/ur15/collision/upperarm.stl
[1.151s] -- Installing: /home/pran/Robot_Arm_ur5/install/ur_description/share/ur_description/meshes/ur15/collision/base.stl
[1.151s] -- Installing: /home/pran/Robot_Arm_ur5/install/ur_description/share/ur_description/meshes/ur15/visual
[1.151s] -- Installing: /home/pran/Robot_Arm_ur5/install/ur_description/share/ur_description/meshes/ur15/visual/base.dae
[1.152s] -- Installing: /home/pran/Robot_Arm_ur5/install/ur_description/share/ur_description/meshes/ur15/visual/forearm.dae
[1.152s] -- Installing: /home/pran/Robot_Arm_ur5/install/ur_description/share/ur_description/meshes/ur15/visual/shoulder.dae
[1.153s] -- Installing: /home/pran/Robot_Arm_ur5/install/ur_description/share/ur_description/meshes/ur15/visual/upperarm.dae
[1.153s] -- Installing: /home/pran/Robot_Arm_ur5/install/ur_description/share/ur_description/meshes/ur15/visual/UR15_DIFF_8bit_2K.jpg
[1.154s] -- Installing: /home/pran/Robot_Arm_ur5/install/ur_description/share/ur_description/meshes/ur15/visual/wrist2.dae
[1.154s] -- Installing: /home/pran/Robot_Arm_ur5/install/ur_description/share/ur_description/meshes/ur15/visual/wrist3.dae
[1.155s] -- Installing: /home/pran/Robot_Arm_ur5/install/ur_description/share/ur_description/meshes/ur15/visual/wrist1.dae
[1.155s] -- Installing: /home/pran/Robot_Arm_ur5/install/ur_description/share/ur_description/rviz
[1.155s] -- Installing: /home/pran/Robot_Arm_ur5/install/ur_description/share/ur_description/rviz/view_robot.rviz
[1.156s] -- Installing: /home/pran/Robot_Arm_ur5/install/ur_description/share/ur_description/urdf
[1.156s] -- Installing: /home/pran/Robot_Arm_ur5/install/ur_description/share/ur_description/urdf/ur.urdf.xacro
[1.156s] -- Installing: /home/pran/Robot_Arm_ur5/install/ur_description/share/ur_description/urdf/ur_mocked.urdf.xacro
[1.156s] -- Installing: /home/pran/Robot_Arm_ur5/install/ur_description/share/ur_description/urdf/ros2_control_mock_hardware.xacro
[1.156s] -- Installing: /home/pran/Robot_Arm_ur5/install/ur_description/share/ur_description/urdf/inc
[1.156s] -- Installing: /home/pran/Robot_Arm_ur5/install/ur_description/share/ur_description/urdf/inc/ur_joint_control.xacro
[1.156s] -- Installing: /home/pran/Robot_Arm_ur5/install/ur_description/share/ur_description/urdf/inc/ur_transmissions.xacro
[1.156s] -- Installing: /home/pran/Robot_Arm_ur5/install/ur_description/share/ur_description/urdf/inc/ur_common.xacro
[1.156s] -- Installing: /home/pran/Robot_Arm_ur5/install/ur_description/share/ur_description/urdf/inc/ur_sensors.xacro
[1.156s] -- Installing: /home/pran/Robot_Arm_ur5/install/ur_description/share/ur_description/urdf/ur_macro.xacro
[1.156s] -- Installing: /home/pran/Robot_Arm_ur5/install/ur_description/share/ur_description/test
[1.156s] -- Installing: /home/pran/Robot_Arm_ur5/install/ur_description/share/ur_description/test/test_ur_urdf_xacro.py
[1.157s] -- Installing: /home/pran/Robot_Arm_ur5/install/ur_description/share/ur_description/test/test_view_ur_launch.py
[1.157s] -- Installing: /home/pran/Robot_Arm_ur5/install/ur_description/share/ament_index/resource_index/package_run_dependencies/ur_description
[1.157s] -- Installing: /home/pran/Robot_Arm_ur5/install/ur_description/share/ament_index/resource_index/parent_prefix_path/ur_description
[1.157s] -- Installing: /home/pran/Robot_Arm_ur5/install/ur_description/share/ur_description/environment/ament_prefix_path.sh
[1.157s] -- Installing: /home/pran/Robot_Arm_ur5/install/ur_description/share/ur_description/environment/ament_prefix_path.dsv
[1.157s] -- Installing: /home/pran/Robot_Arm_ur5/install/ur_description/share/ur_description/environment/path.sh
[1.157s] -- Installing: /home/pran/Robot_Arm_ur5/install/ur_description/share/ur_description/environment/path.dsv
[1.157s] -- Installing: /home/pran/Robot_Arm_ur5/install/ur_description/share/ur_description/local_setup.bash
[1.157s] -- Installing: /home/pran/Robot_Arm_ur5/install/ur_description/share/ur_description/local_setup.sh
[1.157s] -- Installing: /home/pran/Robot_Arm_ur5/install/ur_description/share/ur_description/local_setup.zsh
[1.157s] -- Installing: /home/pran/Robot_Arm_ur5/install/ur_description/share/ur_description/local_setup.dsv
[1.157s] -- Installing: /home/pran/Robot_Arm_ur5/install/ur_description/share/ur_description/package.dsv
[1.157s] -- Installing: /home/pran/Robot_Arm_ur5/install/ur_description/share/ament_index/resource_index/packages/ur_description
[1.157s] -- Installing: /home/pran/Robot_Arm_ur5/install/ur_description/share/ur_description/cmake/ur_descriptionConfig.cmake
[1.158s] -- Installing: /home/pran/Robot_Arm_ur5/install/ur_description/share/ur_description/cmake/ur_descriptionConfig-version.cmake
[1.158s] -- Installing: /home/pran/Robot_Arm_ur5/install/ur_description/share/ur_description/package.xml
[1.159s] Invoked command in '/home/pran/Robot_Arm_ur5/build/ur_description' returned '0': CMAKE_PREFIX_PATH=/opt/ros/humble /usr/bin/cmake --install /home/pran/Robot_Arm_ur5/build/ur_description
