[0.394s] Invoking command in '/home/pran/Robot_Arm_ur5/src/moveit2/moveit_configs_utils': PYTHONPATH=/home/pran/Robot_Arm_ur5/build/moveit_configs_utils/prefix_override:/usr/lib/python3/dist-packages/colcon_core/task/python/colcon_distutils_commands:/home/pran/Robot_Arm_ur5/install/moveit_configs_utils/lib/python3.10/site-packages:${PYTHONPATH} /usr/bin/python3 -W ignore:setup.py install is deprecated -W ignore:easy_install command is deprecated setup.py egg_info --egg-base ../../../build/moveit_configs_utils build --build-base /home/pran/Robot_Arm_ur5/build/moveit_configs_utils/build install --record /home/pran/Robot_Arm_ur5/build/moveit_configs_utils/install.log --single-version-externally-managed install_data
[0.536s] running egg_info
[0.537s] writing ../../../build/moveit_configs_utils/moveit_configs_utils.egg-info/PKG-INFO
[0.537s] writing dependency_links to ../../../build/moveit_configs_utils/moveit_configs_utils.egg-info/dependency_links.txt
[0.537s] writing entry points to ../../../build/moveit_configs_utils/moveit_configs_utils.egg-info/entry_points.txt
[0.538s] writing requirements to ../../../build/moveit_configs_utils/moveit_configs_utils.egg-info/requires.txt
[0.538s] writing top-level names to ../../../build/moveit_configs_utils/moveit_configs_utils.egg-info/top_level.txt
[0.539s] reading manifest file '../../../build/moveit_configs_utils/moveit_configs_utils.egg-info/SOURCES.txt'
[0.539s] writing manifest file '../../../build/moveit_configs_utils/moveit_configs_utils.egg-info/SOURCES.txt'
[0.539s] running build
[0.540s] running build_py
[0.540s] running install
[0.540s] running install_lib
[0.540s] running install_data
[0.540s] running install_egg_info
[0.541s] removing '/home/pran/Robot_Arm_ur5/install/moveit_configs_utils/lib/python3.10/site-packages/moveit_configs_utils-2.14.1-py3.10.egg-info' (and everything under it)
[0.542s] Copying ../../../build/moveit_configs_utils/moveit_configs_utils.egg-info to /home/pran/Robot_Arm_ur5/install/moveit_configs_utils/lib/python3.10/site-packages/moveit_configs_utils-2.14.1-py3.10.egg-info
[0.542s] running install_scripts
[0.555s] writing list of installed files to '/home/pran/Robot_Arm_ur5/build/moveit_configs_utils/install.log'
[0.569s] Invoked command in '/home/pran/Robot_Arm_ur5/src/moveit2/moveit_configs_utils' returned '0': PYTHONPATH=/home/pran/Robot_Arm_ur5/build/moveit_configs_utils/prefix_override:/usr/lib/python3/dist-packages/colcon_core/task/python/colcon_distutils_commands:/home/pran/Robot_Arm_ur5/install/moveit_configs_utils/lib/python3.10/site-packages:${PYTHONPATH} /usr/bin/python3 -W ignore:setup.py install is deprecated -W ignore:easy_install command is deprecated setup.py egg_info --egg-base ../../../build/moveit_configs_utils build --build-base /home/pran/Robot_Arm_ur5/build/moveit_configs_utils/build install --record /home/pran/Robot_Arm_ur5/build/moveit_configs_utils/install.log --single-version-externally-managed install_data
