[0.017s] Invoking command in '/home/pran/Robot_Arm_ur5/build/moveit_common': CMAKE_PREFIX_PATH=/opt/ros/humble /usr/bin/cmake /home/pran/Robot_Arm_ur5/src/moveit2/moveit_common -DCMAKE_INSTALL_PREFIX=/home/pran/Robot_Arm_ur5/install/moveit_common
[0.164s] -- Found ament_cmake: 1.3.12 (/opt/ros/humble/share/ament_cmake/cmake)
[0.164s] -- Found Python3: /usr/bin/python3 (found version "3.10.12") found components: Interpreter 
[0.259s] -- Configuring done
[0.261s] -- Generating done
[0.263s] -- Build files have been written to: /home/pran/Robot_Arm_ur5/build/moveit_common
[0.265s] Invoked command in '/home/pran/Robot_Arm_ur5/build/moveit_common' returned '0': CMAKE_PREFIX_PATH=/opt/ros/humble /usr/bin/cmake /home/pran/Robot_Arm_ur5/src/moveit2/moveit_common -DCMAKE_INSTALL_PREFIX=/home/pran/Robot_Arm_ur5/install/moveit_common
[0.266s] Invoking command in '/home/pran/Robot_Arm_ur5/build/moveit_common': CMAKE_PREFIX_PATH=/opt/ros/humble /usr/bin/cmake --build /home/pran/Robot_Arm_ur5/build/moveit_common -- -j20 -l20
[0.295s] Invoked command in '/home/pran/Robot_Arm_ur5/build/moveit_common' returned '0': CMAKE_PREFIX_PATH=/opt/ros/humble /usr/bin/cmake --build /home/pran/Robot_Arm_ur5/build/moveit_common -- -j20 -l20
[0.303s] Invoking command in '/home/pran/Robot_Arm_ur5/build/moveit_common': CMAKE_PREFIX_PATH=/opt/ros/humble /usr/bin/cmake --install /home/pran/Robot_Arm_ur5/build/moveit_common
[0.308s] -- Install configuration: ""
[0.308s] -- Installing: /home/pran/Robot_Arm_ur5/install/moveit_common/share/ament_index/resource_index/package_run_dependencies/moveit_common
[0.308s] -- Installing: /home/pran/Robot_Arm_ur5/install/moveit_common/share/ament_index/resource_index/parent_prefix_path/moveit_common
[0.308s] -- Installing: /home/pran/Robot_Arm_ur5/install/moveit_common/share/moveit_common/environment/ament_prefix_path.sh
[0.308s] -- Installing: /home/pran/Robot_Arm_ur5/install/moveit_common/share/moveit_common/environment/ament_prefix_path.dsv
[0.308s] -- Installing: /home/pran/Robot_Arm_ur5/install/moveit_common/share/moveit_common/environment/path.sh
[0.308s] -- Installing: /home/pran/Robot_Arm_ur5/install/moveit_common/share/moveit_common/environment/path.dsv
[0.308s] -- Installing: /home/pran/Robot_Arm_ur5/install/moveit_common/share/moveit_common/local_setup.bash
[0.308s] -- Installing: /home/pran/Robot_Arm_ur5/install/moveit_common/share/moveit_common/local_setup.sh
[0.308s] -- Installing: /home/pran/Robot_Arm_ur5/install/moveit_common/share/moveit_common/local_setup.zsh
[0.308s] -- Installing: /home/pran/Robot_Arm_ur5/install/moveit_common/share/moveit_common/local_setup.dsv
[0.308s] -- Installing: /home/pran/Robot_Arm_ur5/install/moveit_common/share/moveit_common/package.dsv
[0.308s] -- Installing: /home/pran/Robot_Arm_ur5/install/moveit_common/share/ament_index/resource_index/packages/moveit_common
[0.308s] -- Installing: /home/pran/Robot_Arm_ur5/install/moveit_common/share/moveit_common/cmake/moveit_common-extras.cmake
[0.308s] -- Installing: /home/pran/Robot_Arm_ur5/install/moveit_common/share/moveit_common/cmake/moveit_commonConfig.cmake
[0.308s] -- Installing: /home/pran/Robot_Arm_ur5/install/moveit_common/share/moveit_common/cmake/moveit_commonConfig-version.cmake
[0.308s] -- Installing: /home/pran/Robot_Arm_ur5/install/moveit_common/share/moveit_common/package.xml
[0.308s] -- Up-to-date: /home/pran/Robot_Arm_ur5/install/moveit_common/share/moveit_common/cmake
[0.308s] -- Installing: /home/pran/Robot_Arm_ur5/install/moveit_common/share/moveit_common/cmake/moveit_package.cmake
[0.310s] Invoked command in '/home/pran/Robot_Arm_ur5/build/moveit_common' returned '0': CMAKE_PREFIX_PATH=/opt/ros/humble /usr/bin/cmake --install /home/pran/Robot_Arm_ur5/build/moveit_common
