[0.153s] Invoking command in '/home/pran/Robot_Arm_ur5/build/moveit_resources_prbt_support': CMAKE_PREFIX_PATH=/opt/ros/humble /usr/bin/cmake /home/pran/Robot_Arm_ur5/src/moveit2/moveit_planners/test_configs/prbt_support -DCMAKE_INSTALL_PREFIX=/home/pran/Robot_Arm_ur5/install/moveit_resources_prbt_support
[0.214s] -- The C compiler identification is GNU 11.4.0
[0.267s] -- The CXX compiler identification is GNU 11.4.0
[0.272s] -- Detecting C compiler ABI info
[0.319s] -- Detecting C compiler ABI info - done
[0.325s] -- Check for working C compiler: /usr/bin/cc - skipped
[0.326s] -- Detecting C compile features
[0.326s] -- Detecting C compile features - done
[0.327s] -- Detecting CXX compiler ABI info
[0.382s] -- Detecting CXX compiler ABI info - done
[0.389s] -- Check for working CXX compiler: /usr/bin/c++ - skipped
[0.390s] -- Detecting CXX compile features
[0.390s] -- Detecting CXX compile features - done
[0.392s] -- Found ament_cmake: 1.3.12 (/opt/ros/humble/share/ament_cmake/cmake)
[0.496s] -- Found Python3: /usr/bin/python3 (found version "3.10.12") found components: Interpreter 
[0.602s] -- Configuring done
[0.603s] -- Generating done
[0.604s] -- Build files have been written to: /home/pran/Robot_Arm_ur5/build/moveit_resources_prbt_support
[0.609s] Invoked command in '/home/pran/Robot_Arm_ur5/build/moveit_resources_prbt_support' returned '0': CMAKE_PREFIX_PATH=/opt/ros/humble /usr/bin/cmake /home/pran/Robot_Arm_ur5/src/moveit2/moveit_planners/test_configs/prbt_support -DCMAKE_INSTALL_PREFIX=/home/pran/Robot_Arm_ur5/install/moveit_resources_prbt_support
[0.610s] Invoking command in '/home/pran/Robot_Arm_ur5/build/moveit_resources_prbt_support': CMAKE_PREFIX_PATH=/opt/ros/humble /usr/bin/cmake --build /home/pran/Robot_Arm_ur5/build/moveit_resources_prbt_support -- -j20 -l20
[0.638s] Invoked command in '/home/pran/Robot_Arm_ur5/build/moveit_resources_prbt_support' returned '0': CMAKE_PREFIX_PATH=/opt/ros/humble /usr/bin/cmake --build /home/pran/Robot_Arm_ur5/build/moveit_resources_prbt_support -- -j20 -l20
[0.640s] Invoking command in '/home/pran/Robot_Arm_ur5/build/moveit_resources_prbt_support': CMAKE_PREFIX_PATH=/opt/ros/humble /usr/bin/cmake --install /home/pran/Robot_Arm_ur5/build/moveit_resources_prbt_support
[0.646s] -- Install configuration: ""
[0.646s] -- Installing: /home/pran/Robot_Arm_ur5/install/moveit_resources_prbt_support/share/ament_index/resource_index/package_run_dependencies/moveit_resources_prbt_support
[0.646s] -- Installing: /home/pran/Robot_Arm_ur5/install/moveit_resources_prbt_support/share/ament_index/resource_index/parent_prefix_path/moveit_resources_prbt_support
[0.646s] -- Installing: /home/pran/Robot_Arm_ur5/install/moveit_resources_prbt_support/share/moveit_resources_prbt_support/environment/ament_prefix_path.sh
[0.647s] -- Installing: /home/pran/Robot_Arm_ur5/install/moveit_resources_prbt_support/share/moveit_resources_prbt_support/environment/ament_prefix_path.dsv
[0.647s] -- Installing: /home/pran/Robot_Arm_ur5/install/moveit_resources_prbt_support/share/moveit_resources_prbt_support/environment/path.sh
[0.647s] -- Installing: /home/pran/Robot_Arm_ur5/install/moveit_resources_prbt_support/share/moveit_resources_prbt_support/environment/path.dsv
[0.647s] -- Installing: /home/pran/Robot_Arm_ur5/install/moveit_resources_prbt_support/share/moveit_resources_prbt_support/local_setup.bash
[0.647s] -- Installing: /home/pran/Robot_Arm_ur5/install/moveit_resources_prbt_support/share/moveit_resources_prbt_support/local_setup.sh
[0.647s] -- Installing: /home/pran/Robot_Arm_ur5/install/moveit_resources_prbt_support/share/moveit_resources_prbt_support/local_setup.zsh
[0.647s] -- Installing: /home/pran/Robot_Arm_ur5/install/moveit_resources_prbt_support/share/moveit_resources_prbt_support/local_setup.dsv
[0.647s] -- Installing: /home/pran/Robot_Arm_ur5/install/moveit_resources_prbt_support/share/moveit_resources_prbt_support/package.dsv
[0.647s] -- Installing: /home/pran/Robot_Arm_ur5/install/moveit_resources_prbt_support/share/ament_index/resource_index/packages/moveit_resources_prbt_support
[0.647s] -- Installing: /home/pran/Robot_Arm_ur5/install/moveit_resources_prbt_support/share/moveit_resources_prbt_support/cmake/moveit_resources_prbt_supportConfig.cmake
[0.647s] -- Installing: /home/pran/Robot_Arm_ur5/install/moveit_resources_prbt_support/share/moveit_resources_prbt_support/cmake/moveit_resources_prbt_supportConfig-version.cmake
[0.648s] -- Installing: /home/pran/Robot_Arm_ur5/install/moveit_resources_prbt_support/share/moveit_resources_prbt_support/package.xml
[0.648s] -- Installing: /home/pran/Robot_Arm_ur5/install/moveit_resources_prbt_support/share/moveit_resources_prbt_support/urdf
[0.648s] -- Installing: /home/pran/Robot_Arm_ur5/install/moveit_resources_prbt_support/share/moveit_resources_prbt_support/urdf/prbt_macro.xacro
[0.648s] -- Installing: /home/pran/Robot_Arm_ur5/install/moveit_resources_prbt_support/share/moveit_resources_prbt_support/urdf/prbt.ros2_control.xacro
[0.648s] -- Installing: /home/pran/Robot_Arm_ur5/install/moveit_resources_prbt_support/share/moveit_resources_prbt_support/urdf/prbt.xacro
[0.648s] -- Installing: /home/pran/Robot_Arm_ur5/install/moveit_resources_prbt_support/share/moveit_resources_prbt_support/urdf/simple_gripper_brackets.urdf.xacro
[0.648s] -- Installing: /home/pran/Robot_Arm_ur5/install/moveit_resources_prbt_support/share/moveit_resources_prbt_support/meshes
[0.648s] -- Installing: /home/pran/Robot_Arm_ur5/install/moveit_resources_prbt_support/share/moveit_resources_prbt_support/meshes/link_2.stl
[0.648s] -- Installing: /home/pran/Robot_Arm_ur5/install/moveit_resources_prbt_support/share/moveit_resources_prbt_support/meshes/foot.stl
[0.648s] -- Installing: /home/pran/Robot_Arm_ur5/install/moveit_resources_prbt_support/share/moveit_resources_prbt_support/meshes/flange.dae
[0.648s] -- Installing: /home/pran/Robot_Arm_ur5/install/moveit_resources_prbt_support/share/moveit_resources_prbt_support/meshes/link_1.dae
[0.648s] -- Installing: /home/pran/Robot_Arm_ur5/install/moveit_resources_prbt_support/share/moveit_resources_prbt_support/meshes/link_4.stl
[0.648s] -- Installing: /home/pran/Robot_Arm_ur5/install/moveit_resources_prbt_support/share/moveit_resources_prbt_support/meshes/link_2.dae
[0.648s] -- Installing: /home/pran/Robot_Arm_ur5/install/moveit_resources_prbt_support/share/moveit_resources_prbt_support/meshes/flange.stl
[0.649s] -- Installing: /home/pran/Robot_Arm_ur5/install/moveit_resources_prbt_support/share/moveit_resources_prbt_support/meshes/link_5.dae
[0.649s] -- Installing: /home/pran/Robot_Arm_ur5/install/moveit_resources_prbt_support/share/moveit_resources_prbt_support/meshes/foot.dae
[0.649s] -- Installing: /home/pran/Robot_Arm_ur5/install/moveit_resources_prbt_support/share/moveit_resources_prbt_support/meshes/link_1.stl
[0.649s] -- Installing: /home/pran/Robot_Arm_ur5/install/moveit_resources_prbt_support/share/moveit_resources_prbt_support/meshes/link_3.dae
[0.649s] -- Installing: /home/pran/Robot_Arm_ur5/install/moveit_resources_prbt_support/share/moveit_resources_prbt_support/meshes/link_3.stl
[0.649s] -- Installing: /home/pran/Robot_Arm_ur5/install/moveit_resources_prbt_support/share/moveit_resources_prbt_support/meshes/link_5.stl
[0.649s] -- Installing: /home/pran/Robot_Arm_ur5/install/moveit_resources_prbt_support/share/moveit_resources_prbt_support/meshes/link_4.dae
[0.650s] -- Installing: /home/pran/Robot_Arm_ur5/install/moveit_resources_prbt_support/share/moveit_resources_prbt_support/config
[0.650s] -- Installing: /home/pran/Robot_Arm_ur5/install/moveit_resources_prbt_support/share/moveit_resources_prbt_support/config/prbt_0_1.dcf
[0.650s] -- Installing: /home/pran/Robot_Arm_ur5/install/moveit_resources_prbt_support/share/moveit_resources_prbt_support/config/manipulator_driver.yaml
[0.650s] -- Installing: /home/pran/Robot_Arm_ur5/install/moveit_resources_prbt_support/share/moveit_resources_prbt_support/config/manipulator_controller.yaml
[0.651s] Invoked command in '/home/pran/Robot_Arm_ur5/build/moveit_resources_prbt_support' returned '0': CMAKE_PREFIX_PATH=/opt/ros/humble /usr/bin/cmake --install /home/pran/Robot_Arm_ur5/build/moveit_resources_prbt_support
